 ATMServer

 Timestamp is 697ca94e (Fri Jan 30 20:51:26 2026)

 Preferred load address is 00400000

 Start         Length     Name                   Class
 0001:00000000 0014fcc2H .text                   CODE
 0001:0014fcd0 000089e2H .text$x                 CODE
 0001:001586c0 00000ee6H .text$yc                CODE
 0001:001595b0 0000069aH .text$yd                CODE
 0002:00000000 000005f0H .idata$5                DATA
 0002:000005f0 00000004H .CRT$XCA                DATA
 0002:000005f4 0000000cH .CRT$XCC                DATA
 0002:00000600 0000000cH .CRT$XCL                DATA
 0002:0000060c 000001c0H .CRT$XCU                DATA
 0002:000007cc 00000004H .CRT$XCZ                DATA
 0002:000007d0 00000004H .CRT$XIA                DATA
 0002:000007d4 00000014H .CRT$XIC                DATA
 0002:000007e8 00000004H .CRT$XIY                DATA
 0002:000007ec 00000004H .CRT$XIZ                DATA
 0002:000007f0 00000004H .CRT$XPA                DATA
 0002:000007f4 00000004H .CRT$XPX                DATA
 0002:000007f8 00000004H .CRT$XPXA               DATA
 0002:000007fc 00000004H .CRT$XPZ                DATA
 0002:00000800 00000004H .CRT$XTA                DATA
 0002:00000804 00000004H .CRT$XTZ                DATA
 0002:00000810 0001377bH .rdata                  DATA
 0002:00013f8c 000050c8H .rdata$r                DATA
 0002:00019054 00000004H .rtc$IAA                DATA
 0002:00019058 00000004H .rtc$IZZ                DATA
 0002:0001905c 00000004H .rtc$TAA                DATA
 0002:00019060 00000004H .rtc$TZZ                DATA
 0002:00019068 0000afdcH .xdata$x                DATA
 0002:00024044 00000000H ATL$__a                 DATA
 0002:00024044 00000000H ATL$__z                 DATA
 0002:00024044 00000020H .didat$2                DATA
 0002:00024064 00000020H .didat$3                DATA
 0002:00024084 0000000cH .didat$4                DATA
 0002:00024090 00000030H .didat$6                DATA
 0002:000240c0 0000000cH .didat$7                DATA
 0002:000240cc 000000c8H .idata$2                DATA
 0002:00024194 00000014H .idata$3                DATA
 0002:000241a8 000005f0H .idata$4                DATA
 0002:00024798 000015ceH .idata$6                DATA
 0002:00025d66 00000000H .edata                  DATA
 0003:00000000 00005f6fH .data                   DATA
 0003:00005f70 0000000cH .didat$5                DATA
 0003:00005f80 01244720H .bss                    DATA
 0004:00000000 00000fd0H .rsrc$01                DATA
 0004:00000fd0 00012cf0H .rsrc$02                DATA

  Address         Publics by Value              Rva+Base       Lib:Object

 0000:00000000       ___safe_se_handler_count   00000000     <absolute>
 0000:00000000       ___safe_se_handler_table   00000000     <absolute>
 0000:00000000       __except_list              00000000     <absolute>
 0000:00000000       ___ImageBase               00400000     <linker-defined>
 0001:00000000       ??0CRipel@@QAE@XZ          00401000 f   AccessoriUpTable.obj
 0001:00000090       ??1CRipel@@QAE@XZ          00401090 f   AccessoriUpTable.obj
 0001:00000150       ??0CAccessoriUpTable@@QAE@XZ 00401150 f   AccessoriUpTable.obj
 0001:00000170       ??1CAccessoriUpTable@@UAE@XZ 00401170 f   AccessoriUpTable.obj
 0001:00000190       ??_GCAccessoriUpTable@@UAEPAXI@Z 00401190 f i AccessoriUpTable.obj
 0001:00000190       ??_ECAccessoriUpTable@@UAEPAXI@Z 00401190 f i AccessoriUpTable.obj
 0001:000001c0       ?RemoveAll@CWordArray@@QAEXXZ 004011c0 f i AccessoriUpTable.obj
 0001:000001e0       ?GetRuntimeClass@CAccessoriUpTableSet@@UBEPAUCRuntimeClass@@XZ 004011e0 f   AccessoriUpTableSet.obj
 0001:000001f0       ??0CAccessoriUpTableSet@@QAE@PAVCDatabase@@@Z 004011f0 f   AccessoriUpTableSet.obj
 0001:000002c0       ?GetDefaultConnect@CAccessoriUpTableSet@@UAE?AV?$CStringT@DV?$StrTraitMFC@DV?$ChTraitsCRT@D@ATL@@@@@ATL@@XZ 004012c0 f   AccessoriUpTableSet.obj
 0001:000002f0       ?GetDefaultSQL@CAccessoriUpTableSet@@UAE?AV?$CStringT@DV?$StrTraitMFC@DV?$ChTraitsCRT@D@ATL@@@@@ATL@@XZ 004012f0 f   AccessoriUpTableSet.obj
 0001:00000320       ?DoFieldExchange@CAccessoriUpTableSet@@UAEXPAVCFieldExchange@@@Z 00401320 f   AccessoriUpTableSet.obj
 0001:000003c0       ?Serialize@CObject@@UAEXAAVCArchive@@@Z 004013c0 f i AccessoriUpTableSet.obj
 0001:000003c0       ?DoDataExchange@CWnd@@MAEXPAVCDataExchange@@@Z 004013c0 f i ServerDlg.obj
 0001:000003d0       ??3CObject@@SGXPAX@Z       004013d0 f i AccessoriUpTableSet.obj
 0001:000003f0       ?ThrowDBException@CRecordset@@UAEXFPAX@Z 004013f0 f i AccessoriUpTableSet.obj
 0001:00000430       ?SetFieldType@CFieldExchange@@QAEXI@Z 00401430 f i AccessoriUpTableSet.obj
 0001:00000450       ??0?$CStringT@DV?$StrTraitMFC@DV?$ChTraitsCRT@D@ATL@@@@@ATL@@QAE@XZ 00401450 f i AccessoriUpTableSet.obj
 0001:00000470       ??0?$CStringT@DV?$StrTraitMFC@DV?$ChTraitsCRT@D@ATL@@@@@ATL@@QAE@PBD@Z 00401470 f i AccessoriUpTableSet.obj
 0001:000004f0       ??1?$CStringT@DV?$StrTraitMFC@DV?$ChTraitsCRT@D@ATL@@@@@ATL@@QAE@XZ 004014f0 f i AccessoriUpTableSet.obj
 0001:00000510       ??4?$CStringT@DV?$StrTraitMFC@DV?$ChTraitsCRT@D@ATL@@@@@ATL@@QAEAAV01@PBD@Z 00401510 f i AccessoriUpTableSet.obj
 0001:00000530       ?CheckImplicitLoad@?$CStringT@DV?$StrTraitMFC@DV?$ChTraitsCRT@D@ATL@@@@@ATL@@AAE_NPBX@Z 00401530 f i AccessoriUpTableSet.obj
 0001:00000580       ?LoadStringA@?$CStringT@DV?$StrTraitMFC@DV?$ChTraitsCRT@D@ATL@@@@@ATL@@QAEHI@Z 00401580 f i AccessoriUpTableSet.obj
 0001:000005c0       ?LoadStringA@?$CStringT@DV?$StrTraitMFC@DV?$ChTraitsCRT@D@ATL@@@@@ATL@@QAEHPAUHINSTANCE__@@I@Z 004015c0 f i AccessoriUpTableSet.obj
 0001:00000650       ?AtlGetStringResourceImage@ATL@@YAPBUATLSTRINGRESOURCEIMAGE@1@PAUHINSTANCE__@@I@Z 00401650 f i AccessoriUpTableSet.obj
 0001:000006a0       ?_AtlGetStringResourceImage@ATL@@YAPBUATLSTRINGRESOURCEIMAGE@1@PAUHINSTANCE__@@PAUHRSRC__@@I@Z 004016a0 f i AccessoriUpTableSet.obj
 0001:00000750       ?GetBuffer@?$CSimpleStringT@D$0A@@ATL@@QAEPADH@Z 00401750 f i AccessoriUpTableSet.obj
 0001:00000770       ??0?$CSimpleStringT@D$0A@@ATL@@QAE@PAUIAtlStringMgr@1@@Z 00401770 f i AccessoriUpTableSet.obj
 0001:000007c0       ?AtlThrowImpl@ATL@@YGXJ@Z  004017c0 f i AccessoriUpTableSet.obj
 0001:000007e0       ??1?$CSimpleStringT@D$0A@@ATL@@QAE@XZ 004017e0 f i AccessoriUpTableSet.obj
 0001:00000800       ?Release@CStringData@ATL@@QAEXXZ 00401800 f i AccessoriUpTableSet.obj
 0001:00000840       ??4?$CSimpleStringT@D$0A@@ATL@@QAEAAV01@PBD@Z 00401840 f i AccessoriUpTableSet.obj
 0001:00000860       ?GetData@?$CSimpleStringT@D$0A@@ATL@@ABEPAUCStringData@2@XZ 00401860 f i AccessoriUpTableSet.obj
 0001:00000880       ?PrepareWrite@?$CSimpleStringT@D$0A@@ATL@@AAEPADH@Z 00401880 f i AccessoriUpTableSet.obj
 0001:000008d0       ?FindStringResourceInstance@?$StrTraitMFC@DV?$ChTraitsCRT@D@ATL@@@@SAPAUHINSTANCE__@@I@Z 004018d0 f i AccessoriUpTableSet.obj
 0001:000008e0       ?GetDefaultManager@?$StrTraitMFC@DV?$ChTraitsCRT@D@ATL@@@@SAPAUIAtlStringMgr@ATL@@XZ 004018e0 f i AccessoriUpTableSet.obj
 0001:000008f0       ?ReleaseBufferSetLength@?$CSimpleStringT@D$0A@@ATL@@QAEXH@Z 004018f0 f i AccessoriUpTableSet.obj
 0001:00000910       ?SetLength@?$CSimpleStringT@D$0A@@ATL@@AAEXH@Z 00401910 f i AccessoriUpTableSet.obj
 0001:00000960       ?SetString@?$CSimpleStringT@D$0A@@ATL@@QAEXPBD@Z 00401960 f i AccessoriUpTableSet.obj
 0001:00000990       ?SetString@?$CSimpleStringT@D$0A@@ATL@@QAEXPBDH@Z 00401990 f i AccessoriUpTableSet.obj
 0001:00000a40       ?GetLength@?$CSimpleStringT@D$0A@@ATL@@QBEHXZ 00401a40 f i AccessoriUpTableSet.obj
 0001:00000a60       ?_Getcont@_Aux_cont@std@@QBEPBV_Container_base_aux@2@XZ 00401a60 f i COM.obj
 0001:00000a60       ?GetString@?$CSimpleStringT@D$0A@@ATL@@QBEPBDXZ 00401a60 f i AccessoriUpTableSet.obj
 0001:00000a60       ??B?$CSimpleStringT@D$0A@@ATL@@QBEPBDXZ 00401a60 f i COM.obj
 0001:00000a70       ?Empty@?$CSimpleStringT@D$0A@@ATL@@QAEXXZ 00401a70 f i AccessoriUpTableSet.obj
 0001:00000ae0       ?IsLocked@CStringData@ATL@@QBE_NXZ 00401ae0 f i AccessoriUpTableSet.obj
 0001:00000b00       ?Attach@?$CSimpleStringT@D$0A@@ATL@@AAEXPAUCStringData@2@@Z 00401b00 f i AccessoriUpTableSet.obj
 0001:00000b20       ?data@CStringData@ATL@@QAEPAXXZ 00401b20 f i AccessoriUpTableSet.obj
 0001:00000b40       ?PrepareWrite2@?$CSimpleStringT@D$0A@@ATL@@AAEXH@Z 00401b40 f i AccessoriUpTableSet.obj
 0001:00000be0       ?IsShared@CStringData@ATL@@QBE_NXZ 00401be0 f i AccessoriUpTableSet.obj
 0001:00000c00       ?GetBaseTypeLength@?$ChTraitsCRT@D@ATL@@SAHPB_WH@Z 00401c00 f i AccessoriUpTableSet.obj
 0001:00000c30       ?_AtlGetConversionACP@ATL@@YGIXZ 00401c30 f i AccessoriUpTableSet.obj
 0001:00000c40       ?ConvertToBaseType@?$ChTraitsCRT@D@ATL@@SAXPADHPB_WH@Z 00401c40 f i AccessoriUpTableSet.obj
 0001:00000c70       ?GetAllocLength@?$CSimpleStringT@D$0A@@ATL@@QBEHXZ 00401c70 f i AccessoriUpTableSet.obj
 0001:00000c90       ?CopyChars@?$CSimpleStringT@D$0A@@ATL@@SAXPADIPBDH@Z 00401c90 f i AccessoriUpTableSet.obj
 0001:00000cb0       ?CopyCharsOverlapped@?$CSimpleStringT@D$0A@@ATL@@SAXPADIPBDH@Z 00401cb0 f i AccessoriUpTableSet.obj
 0001:00000cd0       ?StringLength@?$CSimpleStringT@D$0A@@ATL@@SAHPBD@Z 00401cd0 f i AccessoriUpTableSet.obj
 0001:00000cf0       ?Fork@?$CSimpleStringT@D$0A@@ATL@@AAEXH@Z 00401cf0 f i AccessoriUpTableSet.obj
 0001:00000db0       ?ThrowMemoryException@?$CSimpleStringT@D$0A@@ATL@@KAXXZ 00401db0 f i AccessoriUpTableSet.obj
 0001:00000dc0       ?Reallocate@?$CSimpleStringT@D$0A@@ATL@@AAEXH@Z 00401dc0 f i AccessoriUpTableSet.obj
 0001:00000e30       ?GetRuntimeClass@CAddEventItemTableSet@@UBEPAUCRuntimeClass@@XZ 00401e30 f   AddEventItemTableSet.obj
 0001:00000e40       ??0CAddEventItemTableSet@@QAE@PAVCDatabase@@@Z 00401e40 f   AddEventItemTableSet.obj
 0001:00000f10       ?GetDefaultConnect@CAddEventItemTableSet@@UAE?AV?$CStringT@DV?$StrTraitMFC@DV?$ChTraitsCRT@D@ATL@@@@@ATL@@XZ 00401f10 f   AddEventItemTableSet.obj
 0001:00000f40       ?GetDefaultSQL@CAddEventItemTableSet@@UAE?AV?$CStringT@DV?$StrTraitMFC@DV?$ChTraitsCRT@D@ATL@@@@@ATL@@XZ 00401f40 f   AddEventItemTableSet.obj
 0001:00000f70       ?DoFieldExchange@CAddEventItemTableSet@@UAEXPAVCFieldExchange@@@Z 00401f70 f   AddEventItemTableSet.obj
 0001:00001020       ??0CBoxEventTable@@QAE@XZ  00402020 f   BoxEventTable.obj
 0001:00001050       ??1CBoxEventTable@@UAE@XZ  00402050 f   BoxEventTable.obj
 0001:00001070       ??_ECBoxEventTable@@UAEPAXI@Z 00402070 f i BoxEventTable.obj
 0001:00001070       ??_GCBoxEventTable@@UAEPAXI@Z 00402070 f i BoxEventTable.obj
 0001:000010a0       ?GetRuntimeClass@CBoxEventTableSet@@UBEPAUCRuntimeClass@@XZ 004020a0 f   BoxEventTableSet.obj
 0001:000010b0       ??0CBoxEventTableSet@@QAE@PAVCDatabase@@@Z 004020b0 f   BoxEventTableSet.obj
 0001:00001180       ?GetDefaultConnect@CBoxEventTableSet@@UAE?AV?$CStringT@DV?$StrTraitMFC@DV?$ChTraitsCRT@D@ATL@@@@@ATL@@XZ 00402180 f   BoxEventTableSet.obj
 0001:000011b0       ?GetDefaultSQL@CBoxEventTableSet@@UAE?AV?$CStringT@DV?$StrTraitMFC@DV?$ChTraitsCRT@D@ATL@@@@@ATL@@XZ 004021b0 f   BoxEventTableSet.obj
 0001:000011e0       ?DoFieldExchange@CBoxEventTableSet@@UAEXPAVCFieldExchange@@@Z 004021e0 f   BoxEventTableSet.obj
 0001:00001280       ??_GCBoxEventTableSet@@UAEPAXI@Z 00402280 f i BoxEventTableSet.obj
 0001:00001280       ??_ECBoxEventTableSet@@UAEPAXI@Z 00402280 f i BoxEventTableSet.obj
 0001:000012b0       ??1CBoxEventTableSet@@UAE@XZ 004022b0 f i BoxEventTableSet.obj
 0001:000012e0       ??0CBufferEx@@QAE@H@Z      004022e0 f   BufferEx.obj
 0001:00001340       ??1CBufferEx@@UAE@XZ       00402340 f   BufferEx.obj
 0001:00001370       ?AddData@CBufferEx@@QAEXPADH@Z 00402370 f   BufferEx.obj
 0001:000013d0       ?AddLongString@CBufferEx@@QAEXPADH@Z 004023d0 f   BufferEx.obj
 0001:00001460       ?Add@CBufferEx@@QAEXPADH@Z 00402460 f   BufferEx.obj
 0001:000014e0       ?Add@CBufferEx@@QAEXE@Z    004024e0 f   BufferEx.obj
 0001:00001520       ?Add@CBufferEx@@QAEXG@Z    00402520 f   BufferEx.obj
 0001:00001570       ?Add@CBufferEx@@QAEXF@Z    00402570 f   BufferEx.obj
 0001:000015c0       ?Add@CBufferEx@@QAEXH@Z    004025c0 f   BufferEx.obj
 0001:00001610       ?Add@CBufferEx@@QAEXK@Z    00402610 f   BufferEx.obj
 0001:00001660       ?GetLength@CBufferEx@@QAEHXZ 00402660 f   BufferEx.obj
 0001:00001680       ??_ECBufferEx@@UAEPAXI@Z   00402680 f i BufferEx.obj
 0001:00001680       ??_GCBufferEx@@UAEPAXI@Z   00402680 f i BufferEx.obj
 0001:000016b0       ??0CBSocket@@QAE@XZ        004026b0 f   CBSocket.obj
 0001:00001740       ??0CBSocket@@QAE@H@Z       00402740 f   CBSocket.obj
 0001:000017e0       ??1CBSocket@@UAE@XZ        004027e0 f   CBSocket.obj
 0001:00001800       ?Init@CBSocket@@UAEHH@Z    00402800 f   CBSocket.obj
 0001:000018d0       ?DxSend@CBSocket@@QAEHHPAD@Z 004028d0 f   CBSocket.obj
 0001:000019a0       ?B_Send@CBSocket@@QAEHHPAD@Z 004029a0 f   CBSocket.obj
 0001:00001a00       ?B_OnSend@CBSocket@@QAEXH@Z 00402a00 f   CBSocket.obj
 0001:00001a50       ?B_OnClose@CBSocket@@QAEXH@Z 00402a50 f   CBSocket.obj
 0001:00001a70       ?ParseCommand@CBSocket@@QAEXH@Z 00402a70 f   CBSocket.obj
 0001:00001b00       ?ReceiveData@CBSocket@@QAEXPADH@Z 00402b00 f   CBSocket.obj
 0001:00001e20       ?RecycleRead@CBSocket@@QAEHXZ 00402e20 f   CBSocket.obj
 0001:00001e40       ?SockCloseProcess@CBSocket@@UAEHH@Z 00402e40 f   CBSocket.obj
 0001:00001e60       ?SendSockCloseProcess@CBSocket@@QAEHH@Z 00402e60 f   CBSocket.obj
 0001:00001e80       ?B_Close@CBSocket@@QAEXXZ  00402e80 f   CBSocket.obj
 0001:00001f70       ?PostSendData@CBSocket@@QAEHXZ 00402f70 f   CBSocket.obj
 0001:00001fc0       ?SocketDisConnect@CBSocket@@UAEHXZ 00402fc0 f   CBSocket.obj
 0001:00001fd0       ?B_SoftClose@CBSocket@@QAEXXZ 00402fd0 f   CBSocket.obj
 0001:00002090       ??_GCBSocket@@UAEPAXI@Z    00403090 f i CBSocket.obj
 0001:00002090       ??_ECBSocket@@UAEPAXI@Z    00403090 f i CBSocket.obj
 0001:000020c0       ??0WAIT_RECV_DATA@@QAE@XZ  004030c0 f i CBSocket.obj
 0001:00002120       ??_GWAIT_RECV_DATA@@UAEPAXI@Z 00403120 f i CBSocket.obj
 0001:00002120       ??_EWAIT_RECV_DATA@@UAEPAXI@Z 00403120 f i CBSocket.obj
 0001:00002150       ??1WAIT_RECV_DATA@@UAE@XZ  00403150 f i CBSocket.obj
 0001:000021e0       ??1CObject@@UAE@XZ         004031e0 f i CBSocket.obj
 0001:000021e0       ??1_Container_base_aux@std@@QAE@XZ 004031e0 f i COM.obj
 0001:000021f0       ??2CObject@@SGPAXI@Z       004031f0 f i CBSocket.obj
 0001:00002210       ??0CellInfo@@QAE@XZ        00403210 f   CELL.obj
 0001:00002290       ??1CellInfo@@QAE@XZ        00403290 f   CELL.obj
 0001:00002320       ?Add@CellInfo@@QAEXH@Z     00403320 f   CELL.obj
 0001:00002360       ?Delete@CellInfo@@QAEXH@Z  00403360 f   CELL.obj
 0001:000023e0       ?Get@CellInfo@@QAEXAAV?$CArray@HH@@@Z 004033e0 f   CELL.obj
 0001:00002450       ?DeleteItem@CellInfo@@QAEXVCPoint@@@Z 00403450 f   CELL.obj
 0001:000024d0       ?AddItem@CellInfo@@QAEXVCPoint@@@Z 004034d0 f   CELL.obj
 0001:00002510       ?GetItem@CellInfo@@QAEXAAV?$CArray@VCPoint@@V1@@@@Z 00403510 f   CELL.obj
 0001:00002580       ??0CELL@@QAE@VCSize@@HPAVCOM@@@Z 00403580 f   CELL.obj
 0001:00002730       ??1CELL@@QAE@XZ            00403730 f   CELL.obj
 0001:00002750       ?RemoveCellData@CELL@@IAEXXZ 00403750 f   CELL.obj
 0001:000027d0       ?GetCellIndex@CELL@@QAE?AVCPoint@@HH@Z 004037d0 f   CELL.obj
 0001:00002920       ?GetDirection@CELL@@QAEHHHHH@Z 00403920 f   CELL.obj
 0001:000029e0       ?GetDirection@CELL@@QAEHVCPoint@@0@Z 004039e0 f   CELL.obj
 0001:00002aa0       ?AddCell@CELL@@QAEXVCPoint@@H@Z 00403aa0 f   CELL.obj
 0001:00002fb0       ?DeleteCell@CELL@@QAEXVCPoint@@H@Z 00403fb0 f   CELL.obj
 0001:00003530       ?ChangeCell@CELL@@QAEXVCPoint@@0H@Z 00404530 f   CELL.obj
 0001:00003f70       ?DeleteItemCell@CELL@@QAEXVCPoint@@0@Z 00404f70 f   CELL.obj
 0001:00003f80       ?DeleteCellCoordinate@CELL@@QAEXVCPoint@@0@Z 00404f80 f   CELL.obj
 0001:00003fb0       ?ChangeItemCell@CELL@@QAEXAAV?$CTypedPtrArray@VCPtrArray@@PAVItemList@@@@VCPoint@@1H@Z 00404fb0 f   CELL.obj
 0001:00004150       ?ChangeMoneyCell@CELL@@QAEXKVCPoint@@0H@Z 00405150 f   CELL.obj
 0001:00004310       ?AddItemCell@CELL@@QAEXHVCPoint@@H@Z 00405310 f   CELL.obj
 0001:00004790       ?GetMapItemList@CELL@@QAEHAAV?$CTypedPtrArray@VCPtrArray@@PAVItemList@@@@AAKVCPoint@@H@Z 00405790 f   CELL.obj
 0001:00004860       ?GetViewMapItemList@CELL@@QAEHAAV?$CTypedPtrArray@VCPtrArray@@PAVItemList@@@@AAKVCPoint@@H@Z 00405860 f   CELL.obj
 0001:000049c0       ?GetNpc@CELL@@QAEPAVCNpc@@H@Z 004059c0 f   CELL.obj
 0001:00004a40       ?AddCellFromTownPotal@CELL@@QAEXVCPoint@@H@Z 00405a40 f   CELL.obj
 0001:00004dc0       ?DeleteCellFromTownPotal@CELL@@QAEXVCPoint@@H@Z 00405dc0 f   CELL.obj
 0001:000051a0       ??_ECellInfo@@QAEPAXI@Z    004061a0 f i CELL.obj
 0001:00005210       ??0?$CTypedPtrArray@VCPtrArray@@PAVItemList@@@@QAE@XZ 00406210 f i CELL.obj
 0001:00005230       ?Add@?$CTypedPtrArray@VCPtrArray@@PAVMarkChouJiang@@@@QAEHPAVMarkChouJiang@@@Z 00406230 f i ServerDlg.obj
 0001:00005230       ?Add@?$CTypedPtrArray@VCPtrArray@@PAVCSkillTable@@@@QAEHPAVCSkillTable@@@Z 00406230 f i ServerDlg.obj
 0001:00005230       ?Add@?$CTypedPtrArray@VCPtrArray@@PAVLOGIC_ELSE@@@@QAEHPAVLOGIC_ELSE@@@Z 00406230 f i EVENT.obj
 0001:00005230       ?Add@?$CTypedPtrArray@VCPtrArray@@PAVTableItem@@@@QAEHPAVTableItem@@@Z 00406230 f i ServerDlg.obj
 0001:00005230       ?Add@?$CTypedPtrArray@VCPtrArray@@PAVLOGIC@@@@QAEHPAVLOGIC@@@Z 00406230 f i EVENT.obj
 0001:00005230       ?Add@?$CTypedPtrArray@VCPtrArray@@PAVCNpcChat@@@@QAEHPAVCNpcChat@@@Z 00406230 f i ServerDlg.obj
 0001:00005230       ?Add@?$CTypedPtrArray@VCPtrArray@@PAVCNpcSayTable@@@@QAEHPAVCNpcSayTable@@@Z 00406230 f i ServerDlg.obj
 0001:00005230       ?Add@?$CTypedPtrArray@VCPtrArray@@PAVCEBodyTable@@@@QAEHPAVCEBodyTable@@@Z 00406230 f i ServerDlg.obj
 0001:00005230       ?Add@?$CTypedPtrArray@VCPtrArray@@PAU_TOWNPOTAL@@@@QAEHPAU_TOWNPOTAL@@@Z 00406230 f i ServerDlg.obj
 0001:00005230       ?Add@?$CTypedPtrArray@VCPtrArray@@PAVItemList@@@@QAEHPAVItemList@@@Z 00406230 f i CELL.obj
 0001:00005230       ?Add@?$CTypedPtrArray@VCPtrArray@@PAVCPAMAExp@@@@QAEHPAVCPAMAExp@@@Z 00406230 f i ServerDlg.obj
 0001:00005230       ?Add@?$CTypedPtrArray@VCPtrArray@@PAVSERVERINFO@@@@QAEHPAVSERVERINFO@@@Z 00406230 f i ServerDlg.obj
 0001:00005230       ?Add@?$CTypedPtrArray@VCPtrArray@@PAVCELL@@@@QAEHPAVCELL@@@Z 00406230 f i ServerDlg.obj
 0001:00005230       ?Add@?$CTypedPtrArray@VCPtrArray@@PAVMAP@@@@QAEHPAVMAP@@@Z 00406230 f i ServerDlg.obj
 0001:00005230       ?Add@?$CTypedPtrArray@VCPtrArray@@PAU_ITEMLOG@@@@QAEHPAU_ITEMLOG@@@Z 00406230 f i USER2.obj
 0001:00005230       ?Add@?$CTypedPtrArray@VCPtrArray@@PAU_DB_CONNECTION@@@@QAEHPAU_DB_CONNECTION@@@Z 00406230 f i MyDB.obj
 0001:00005230       ?Add@?$CTypedPtrArray@VCPtrArray@@PAU_EVENT@@@@QAEHPAU_EVENT@@@Z 00406230 f i ServerDlg.obj
 0001:00005230       ?Add@?$CTypedPtrArray@VCPtrArray@@PAVMarkGMIni@@@@QAEHPAVMarkGMIni@@@Z 00406230 f i ServerDlg.obj
 0001:00005230       ?Add@?$CTypedPtrArray@VCPtrArray@@PAU_WEATHER_INFO@@@@QAEHPAU_WEATHER_INFO@@@Z 00406230 f i ServerDlg.obj
 0001:00005230       ?Add@?$CTypedPtrArray@VCPtrArray@@PAVCEBodyIdentifyTable@@@@QAEHPAVCEBodyIdentifyTable@@@Z 00406230 f i ServerDlg.obj
 0001:00005230       ?Add@?$CTypedPtrArray@VCPtrArray@@PAVCGuildMapInfoTable@@@@QAEHPAVCGuildMapInfoTable@@@Z 00406230 f i ServerDlg.obj
 0001:00005230       ?Add@?$CTypedPtrArray@VCPtrArray@@PAVEXEC@@@@QAEHPAVEXEC@@@Z 00406230 f i EVENT.obj
 0001:00005230       ?Add@?$CTypedPtrArray@VCPtrArray@@PAVEVENT@@@@QAEHPAVEVENT@@@Z 00406230 f i ServerDlg.obj
 0001:00005230       ?Add@?$CTypedPtrArray@VCPtrArray@@PAVCGuildHouse@@@@QAEHPAVCGuildHouse@@@Z 00406230 f i ServerDlg.obj
 0001:00005230       ?Add@?$CTypedPtrArray@VCPtrArray@@PAVMarkPay@@@@QAEHPAVMarkPay@@@Z 00406230 f i ServerDlg.obj
 0001:00005230       ?Add@?$CTypedPtrArray@VCPtrArray@@PAVCVirtualRoom@@@@QAEHPAVCVirtualRoom@@@Z 00406230 f i ServerDlg.obj
 0001:00005230       ?Add@?$CTypedPtrArray@VCPtrArray@@PAUShopItem@@@@QAEHPAUShopItem@@@Z 00406230 f i USER2.obj
 0001:00005230       ?Add@?$CTypedPtrArray@VCPtrArray@@PAVCUserLevelUpTable@@@@QAEHPAVCUserLevelUpTable@@@Z 00406230 f i ServerDlg.obj
 0001:00005230       ?Add@?$CTypedPtrArray@VCPtrArray@@PAVCRemodelingTable@@@@QAEHPAVCRemodelingTable@@@Z 00406230 f i ServerDlg.obj
 0001:00005230       ?Add@?$CTypedPtrArray@VCPtrArray@@PAVCLevelUpTable@@@@QAEHPAVCLevelUpTable@@@Z 00406230 f i ServerDlg.obj
 0001:00005230       ?Add@?$CTypedPtrArray@VCPtrArray@@PAVCPsiTable@@@@QAEHPAVCPsiTable@@@Z 00406230 f i ServerDlg.obj
 0001:00005230       ?Add@?$CTypedPtrArray@VCPtrArray@@PAVCStore@@@@QAEHPAVCStore@@@Z 00406230 f i ServerDlg.obj
 0001:00005230       ?Add@?$CTypedPtrArray@VCPtrArray@@PAVOnlineShop@@@@QAEHPAVOnlineShop@@@Z 00406230 f i ServerDlg.obj
 0001:00005230       ?Add@?$CTypedPtrArray@VCPtrArray@@PAVCGuildHouseWar@@@@QAEHPAVCGuildHouseWar@@@Z 00406230 f i ServerDlg.obj
 0001:00005230       ?Add@?$CTypedPtrArray@VCPtrArray@@PAVCSharedMemory@@@@QAEHPAVCSharedMemory@@@Z 00406230 f i ServerDlg.obj
 0001:00005230       ?Add@?$CTypedPtrArray@VCPtrArray@@PAVCAccessoriUpTable@@@@QAEHPAVCAccessoriUpTable@@@Z 00406230 f i ServerDlg.obj
 0001:00005230       ?Add@?$CTypedPtrArray@VCPtrArray@@PAVMarkIni@@@@QAEHPAVMarkIni@@@Z 00406230 f i ServerDlg.obj
 0001:00005230       ?Add@?$CTypedPtrArray@VCPtrArray@@PAU_DRESSING_RESULT@@@@QAEHPAU_DRESSING_RESULT@@@Z 00406230 f i USER2.obj
 0001:00005230       ?Add@?$CTypedPtrArray@VCPtrArray@@PAVCNpc@@@@QAEHPAVCNpc@@@Z 00406230 f i ServerDlg.obj
 0001:00005230       ?Add@?$CTypedPtrArray@VCPtrArray@@PAVCBoxEventTable@@@@QAEHPAVCBoxEventTable@@@Z 00406230 f i ServerDlg.obj
 0001:00005230       ?Add@?$CTypedPtrArray@VCPtrArray@@PAVCNpcThread@@@@QAEHPAVCNpcThread@@@Z 00406230 f i ServerDlg.obj
 0001:00005230       ?Add@?$CTypedPtrArray@VCPtrArray@@PAU_ZONEINFO@@@@QAEHPAU_ZONEINFO@@@Z 00406230 f i ServerDlg.obj
 0001:00005230       ?Add@?$CTypedPtrArray@VCPtrArray@@PAVVIPPay@@@@QAEHPAVVIPPay@@@Z 00406230 f i ServerDlg.obj
 0001:00005230       ?Add@?$CTypedPtrArray@VCPtrArray@@PAVCRoyalRumbleUser@@@@QAEHPAVCRoyalRumbleUser@@@Z 00406230 f i RoyalRumble.obj
 0001:00005230       ?Add@?$CTypedPtrArray@VCPtrArray@@PAPAX@@QAEHPAPAX@Z 00406230 f i IOCPBASE.obj
 0001:00005230       ?Add@?$CTypedPtrArray@VCPtrArray@@PAVCMonsterPsi@@@@QAEHPAVCMonsterPsi@@@Z 00406230 f i ServerDlg.obj
 0001:00005230       ?Add@?$CTypedPtrArray@VCPtrArray@@PAVCGuildFortress@@@@QAEHPAVCGuildFortress@@@Z 00406230 f i ServerDlg.obj
 0001:00005230       ?Add@?$CTypedPtrArray@VCPtrArray@@PAVCMagicItemTable@@@@QAEHPAVCMagicItemTable@@@Z 00406230 f i ServerDlg.obj
 0001:00005230       ?Add@?$CTypedPtrArray@VCPtrArray@@PAVCEBodyUpgradeTable@@@@QAEHPAVCEBodyUpgradeTable@@@Z 00406230 f i ServerDlg.obj
 0001:00005230       ?Add@?$CTypedPtrArray@VCPtrArray@@PAVCNpcTable@@@@QAEHPAVCNpcTable@@@Z 00406230 f i ServerDlg.obj
 0001:00005230       ?Add@?$CTypedPtrArray@VCPtrArray@@PAVCEventItemNew@@@@QAEHPAVCEventItemNew@@@Z 00406230 f i ServerDlg.obj
 0001:00005230       ?Add@?$CTypedPtrArray@VCPtrArray@@PAU_DRESSING_DATA@@@@QAEHPAU_DRESSING_DATA@@@Z 00406230 f i ServerDlg.obj
 0001:00005230       ?Add@?$CTypedPtrArray@VCPtrArray@@PAVMarkGonggao@@@@QAEHPAVMarkGonggao@@@Z 00406230 f i ServerDlg.obj
 0001:00005230       ?Add@?$CTypedPtrArray@VCPtrArray@@PAVCSummonTable@@@@QAEHPAVCSummonTable@@@Z 00406230 f i ServerDlg.obj
 0001:00005230       ?Add@?$CTypedPtrArray@VCPtrArray@@PAUExchangeItem@@@@QAEHPAUExchangeItem@@@Z 00406230 f i USER.obj
 0001:00005230       ?Add@?$CTypedPtrArray@VCPtrArray@@PAU_INITITEMTABLE@@@@QAEHPAU_INITITEMTABLE@@@Z 00406230 f i ServerDlg.obj
 0001:00005230       ?Add@?$CTypedPtrArray@VCPtrArray@@PAU_ThreadPacket@@@@QAEHPAU_ThreadPacket@@@Z 00406230 f i IOCPBASE.obj
 0001:00005230       ?Add@?$CTypedPtrArray@VCPtrArray@@PAVCRecover@@@@QAEHPAVCRecover@@@Z 00406230 f i ServerDlg.obj
 0001:00005230       ?Add@?$CTypedPtrArray@VCPtrArray@@PAU_StoreDB@@@@QAEHPAU_StoreDB@@@Z 00406230 f i ServerDlg.obj
 0001:00005230       ?Add@?$CTypedPtrArray@VCPtrArray@@PAVCDNTable@@@@QAEHPAVCDNTable@@@Z 00406230 f i ServerDlg.obj
 0001:00005230       ?Add@?$CTypedPtrArray@VCPtrArray@@PAI@@QAEHPAI@Z 00406230 f i IOCPBASE.obj
 0001:00005230       ?Add@?$CTypedPtrArray@VCPtrArray@@PAH@@QAEHPAH@Z 00406230 f i ServerDlg.obj
 0001:00005230       ?Add@?$CTypedPtrArray@VCPtrArray@@PAVCRecoverRate@@@@QAEHPAVCRecoverRate@@@Z 00406230 f i ServerDlg.obj
 0001:00005230       ?Add@?$CTypedPtrArray@VCPtrArray@@PAVCItemTable@@@@QAEHPAVCItemTable@@@Z 00406230 f i ServerDlg.obj
 0001:00005230       ?Add@?$CTypedPtrArray@VCPtrArray@@PAVCEventItemTable@@@@QAEHPAVCEventItemTable@@@Z 00406230 f i ServerDlg.obj
 0001:00005250       ??0?$CArray@VCPoint@@V1@@@QAE@XZ 00406250 f i CELL.obj
 0001:000052a0       ?RemoveAll@?$CArray@VCPoint@@V1@@@QAEXXZ 004062a0 f i CELL.obj
 0001:000052c0       ?Add@?$CArray@VCPoint@@V1@@@QAEHVCPoint@@@Z 004062c0 f i CELL.obj
 0001:000052f0       ??A?$CArray@VCPoint@@V1@@@QAEAAVCPoint@@H@Z 004062f0 f i CELL.obj
 0001:00005310       ?RemoveAt@?$CArray@VCPoint@@V1@@@QAEXHH@Z 00406310 f i CELL.obj
 0001:000053d0       ?memmove_s@Checked@ATL@@YAXPAXIPBXI@Z 004063d0 f i CELL.obj
 0001:00005400       ?AfxCrtErrorCheck@@YAHH@Z  00406400 f i CELL.obj
 0001:000054b0       ??1?$CArray@VCPoint@@V1@@@UAE@XZ 004064b0 f i CELL.obj
 0001:00005510       ?Serialize@?$CArray@VCPoint@@V1@@@UAEXAAVCArchive@@@Z 00406510 f i CELL.obj
 0001:00005580       ??0?$CArray@HH@@QAE@XZ     00406580 f i CELL.obj
 0001:000055d0       ?RemoveAll@?$CArray@HH@@QAEXXZ 004065d0 f i CELL.obj
 0001:000055f0       ?ElementAt@?$CArray@HH@@QAEAAHH@Z 004065f0 f i CELL.obj
 0001:000055f0       ?GetAt@?$CArray@HH@@QAEAAHH@Z 004065f0 f i CELL.obj
 0001:00005630       ?Add@?$CArray@HH@@QAEHH@Z  00406630 f i CELL.obj
 0001:00005660       ??A?$CArray@HH@@QAEAAHH@Z  00406660 f i CELL.obj
 0001:00005680       ?RemoveAt@?$CArray@HH@@QAEXHH@Z 00406680 f i CELL.obj
 0001:00005740       ??1?$CArray@HH@@UAE@XZ     00406740 f i CELL.obj
 0001:000057a0       ?Serialize@?$CArray@HH@@UAEXAAVCArchive@@@Z 004067a0 f i CELL.obj
 0001:00005810       ??_E?$CArray@VCPoint@@V1@@@UAEPAXI@Z 00406810 f i CELL.obj
 0001:00005810       ??_G?$CArray@VCPoint@@V1@@@UAEPAXI@Z 00406810 f i CELL.obj
 0001:00005840       ??_G?$CArray@HH@@UAEPAXI@Z 00406840 f i CELL.obj
 0001:00005840       ??_E?$CArray@HH@@UAEPAXI@Z 00406840 f i CELL.obj
 0001:00005870       ?SetSize@?$CArray@VCPoint@@V1@@@QAEXHH@Z 00406870 f i CELL.obj
 0001:00005c20       ??2@YAPAXIPAX@Z            00406c20 f i CELL.obj
 0001:00005c30       ?memcpy_s@Checked@ATL@@YAXPAXIPBXI@Z 00406c30 f i CELL.obj
 0001:00005c60       ?GetAt@?$CArray@VCPoint@@V1@@@QAEAAVCPoint@@H@Z 00406c60 f i CELL.obj
 0001:00005c60       ?ElementAt@?$CArray@VCPoint@@V1@@@QAEAAVCPoint@@H@Z 00406c60 f i CELL.obj
 0001:00005ca0       ?SetAtGrow@?$CArray@VCPoint@@V1@@@QAEXHVCPoint@@@Z 00406ca0 f i CELL.obj
 0001:00005cf0       ??$SerializeElements@VCPoint@@@@YGXAAVCArchive@@PAVCPoint@@H@Z 00406cf0 f i CELL.obj
 0001:00005df0       ?SetSize@?$CArray@HH@@QAEXHH@Z 00406df0 f i CELL.obj
 0001:00006150       ?SetAtGrow@?$CArray@HH@@QAEXHH@Z 00407150 f i CELL.obj
 0001:000061a0       ??$SerializeElements@H@@YGXAAVCArchive@@PAHH@Z 004071a0 f i CELL.obj
 0001:000062a0       ??0CPoint@@QAE@HH@Z        004072a0 f i CELL.obj
 0001:000062d0       ?PtInRect@CRect@@QBEHUtagPOINT@@@Z 004072d0 f i CELL.obj
 0001:000062f0       ?SetRect@CRect@@QAEXHHHH@Z 004072f0 f i CELL.obj
 0001:00006320       ?RemoveAll@CDWordArray@@QAEXXZ 00407320 f i COM.obj
 0001:00006320       ?RemoveAll@CPtrArray@@QAEXXZ 00407320 f i CELL.obj
 0001:00006340       ??ACPtrArray@@QAEAAPAXH@Z  00407340 f i CELL.obj
 0001:00006340       ??ACUIntArray@@QAEAAIH@Z   00407340 f i USER2.obj
 0001:00006340       ??ACDWordArray@@QAEAAKH@Z  00407340 f i COM.obj
 0001:00006360       ?ElementAt@CPtrArray@@QAEAAPAXH@Z 00407360 f i CELL.obj
 0001:00006360       ?ElementAt@CDWordArray@@QAEAAKH@Z 00407360 f i COM.obj
 0001:00006360       ?ElementAt@CUIntArray@@QAEAAIH@Z 00407360 f i USER2.obj
 0001:00006390       ?IsStoring@CArchive@@QBEHXZ 00407390 f i CELL.obj
 0001:000063b0       ?EnsureRead@CArchive@@QAEXPAXI@Z 004073b0 f i CELL.obj
 0001:000063f0       ??0CCircularBuffer@@QAE@H@Z 004073f0 f   CircularBuffer.obj
 0001:00006450       ??1CCircularBuffer@@UAE@XZ 00407450 f   CircularBuffer.obj
 0001:00006490       ??_ECCircularBuffer@@UAEPAXI@Z 00407490 f i CircularBuffer.obj
 0001:00006490       ??_GCCircularBuffer@@UAEPAXI@Z 00407490 f i CircularBuffer.obj
 0001:000064c0       ?GetRuntimeClass@CCityNpcTableSet@@UBEPAUCRuntimeClass@@XZ 004074c0 f   CityNpcTableSet.obj
 0001:000064d0       ??0CCityNpcTableSet@@QAE@PAVCDatabase@@@Z 004074d0 f   CityNpcTableSet.obj
 0001:00006710       ?GetDefaultConnect@CCityNpcTableSet@@UAE?AV?$CStringT@DV?$StrTraitMFC@DV?$ChTraitsCRT@D@ATL@@@@@ATL@@XZ 00407710 f   CityNpcTableSet.obj
 0001:00006740       ?GetDefaultSQL@CCityNpcTableSet@@UAE?AV?$CStringT@DV?$StrTraitMFC@DV?$ChTraitsCRT@D@ATL@@@@@ATL@@XZ 00407740 f   CityNpcTableSet.obj
 0001:00006770       ?DoFieldExchange@CCityNpcTableSet@@UAEXPAVCFieldExchange@@@Z 00407770 f   CityNpcTableSet.obj
 0001:00006b00       ?SendThreadMain@@YAIPAX@Z  00407b00 f   COM.obj
 0001:00006d30       ?TimerThread@@YAIPAX@Z     00407d30 f   COM.obj
 0001:000070b0       ?EventTimerThread@@YAIPAX@Z 004080b0 f   COM.obj
 0001:000070f0       ??0COM@@QAE@XZ             004080f0 f   COM.obj
 0001:000071a0       ??1COM@@UAE@XZ             004081a0 f   COM.obj
 0001:000072a0       ?DeleteAll@COM@@IAEXXZ     004082a0 f   COM.obj
 0001:000072c0       ?DeleteThrowItemArray@COM@@QAEXXZ 004082c0 f   COM.obj
 0001:00007340       ?InitThrowItemArray@COM@@QAEXXZ 00408340 f   COM.obj
 0001:00007480       ?ThrowItemAdd@COM@@QAE_NPAVItemList@@HHH@Z 00408480 f   COM.obj
 0001:00007540       ?ItemGetID@COM@@QAEPAVCThrowItem@@XZ 00408540 f   COM.obj
 0001:000075b0       ?ItemUseInset@COM@@QAEXPAVCThrowItem@@@Z 004085b0 f   COM.obj
 0001:000075f0       ?ThrowItemDel@COM@@QAEXPAVCThrowItem@@@Z 004085f0 f   COM.obj
 0001:000076a0       ?ThrowItemRefresh@COM@@QAEXXZ 004086a0 f   COM.obj
 0001:00007ad0       ?Init@COM@@QAEHH@Z         00408ad0 f   COM.obj
 0001:00007c10       ?SendItemFieldInfo@COM@@QAEXEPAVItemList@@HHH@Z 00408c10 f   COM.obj
 0001:00007d40       ?SendInsight@COM@@QAEXPADHHHH@Z 00408d40 f   COM.obj
 0001:00007e20       ?CreateTimerThread@COM@@QAEHXZ 00408e20 f   COM.obj
 0001:00007eb0       ?CreateEventTimerThread@COM@@QAEHXZ 00408eb0 f   COM.obj
 0001:00007ee0       ?SetWeatherZone@COM@@QAEXHEE@Z 00408ee0 f   COM.obj
 0001:00008050       ?SendTimeToAll@COM@@QAEXXZ 00409050 f   COM.obj
 0001:000080c0       ?GetCPUCount@COM@@QAEXXZ   004090c0 f   COM.obj
 0001:000080f0       ?Send@COM@@QAEXPAU_SEND_DATA@@@Z 004090f0 f   COM.obj
 0001:000087b0       ?Send@COM@@QAEXPAVUSER@@PADH@Z 004097b0 f   COM.obj
 0001:000087e0       ?SetThrowItem@COM@@QAEHPAVItemList@@HHH@Z 004097e0 f   COM.obj
 0001:00008ac0       ?DelThrowItem@COM@@QAEXXZ  00409ac0 f   COM.obj
 0001:00008ed0       ?CheckGuildWarTime@COM@@QAEXXZ 00409ed0 f   COM.obj
 0001:00009340       ?SendGuildWarBegin@COM@@QAEXPAVCStore@@@Z 0040a340 f   COM.obj
 0001:00009960       ?SendGuildWarEnd@COM@@QAEXPAVCStore@@@Z 0040a960 f   COM.obj
 0001:00009be0       ?UpdateStoreMem2DB@COM@@IAEXPAVCStore@@@Z 0040abe0 f   COM.obj
 0001:00009e90       ?CheckGuildWarSchedule@COM@@QAEXPAVCStore@@@Z 0040ae90 f   COM.obj
 0001:00009f20       ?Announce@COM@@QAEXPADE@Z  0040af20 f   COM.obj
 0001:0000a010       ?SendAll@COM@@QAEXPADH@Z   0040b010 f   COM.obj
 0001:0000a0c0       ?AnnounceZone@COM@@QAEXPADEH@Z 0040b0c0 f   COM.obj
 0001:0000a1c0       ?GetUser@COM@@QAEPAVUSER@@PAD@Z 0040b1c0 f   COM.obj
 0001:0000a2d0       ?GetUserUid@COM@@QAEPAVUSER@@H@Z 0040b2d0 f   COM.obj
 0001:0000a310       ?UpdateUserCount@COM@@QAEXXZ 0040b310 f   COM.obj
 0001:0000a4c0       ?CheckMessageTime@COM@@QAEXXZ 0040b4c0 f   COM.obj
 0001:0000a7f0       ?CheckEmoTime@COM@@QAEXXZ  0040b7f0 f   COM.obj
 0001:0000aa10       ?CheckBaoZangTime@COM@@QAEXXZ 0040ba10 f   COM.obj
 0001:0000aa20       ?Add_DGB_Massage@COM@@QAEHPADH@Z 0040ba20 f   COM.obj
 0001:0000aaf0       ?Check_DGB_Massage@COM@@QAEXXZ 0040baf0 f   COM.obj
 0001:0000ac30       ?SubQLPKDASAITime@COM@@QAEXXZ 0040bc30 f   COM.obj
 0001:0000ad90       ?SetPKDaSai@COM@@QAEXXZ    0040bd90 f   COM.obj
 0001:0000af80       ?UpdateLiXianTime@COM@@QAEXXZ 0040bf80 f   COM.obj
 0001:0000aff0       ?CheckFortressWarTime@COM@@QAEXXZ 0040bff0 f   COM.obj
 0001:0000b8e0       ?ReUpdateFortress2DB@COM@@QAEXPAVCGuildFortress@@@Z 0040c8e0 f   COM.obj
 0001:0000bc70       ?SendFortressWarBegin@COM@@QAEXPAVCGuildFortress@@@Z 0040cc70 f   COM.obj
 0001:0000c280       ?SendFortressWarEnd@COM@@QAEXPAVCGuildFortress@@@Z 0040d280 f   COM.obj
 0001:0000c4c0       ?RemoveUserInGuildHouse@COM@@QAEXXZ 0040d4c0 f   COM.obj
 0001:0000c5b0       ?UpdateFortress2DB@COM@@QAEXPAVCGuildFortress@@@Z 0040d5b0 f   COM.obj
 0001:0000c890       ?UpdateFortressMem2DB@COM@@QAEXPAVCGuildFortress@@@Z 0040d890 f   COM.obj
 0001:0000c8a0       ?LoadFortressCityDegree@COM@@QAEXPAVCGuildFortress@@@Z 0040d8a0 f   COM.obj
 0001:0000c8b0       ?SetFortressWarTime@COM@@QAEXPAVCGuildFortress@@@Z 0040d8b0 f   COM.obj
 0001:0000cdf0       ?UpdateMemFortressWarType@COM@@QAEXPAVCGuildFortress@@@Z 0040ddf0 f   COM.obj
 0001:0000cea0       ?CheckViolenceInFortress@COM@@QAEXXZ 0040dea0 f   COM.obj
 0001:0000d2f0       ?SetFortressViolenceTime@COM@@QAEXPAVCGuildFortress@@HH@Z 0040e2f0 f   COM.obj
 0001:0000d5a0       ?SetNpcToViolenceFortressWarEnd@COM@@QAEXPAVCGuildFortress@@@Z 0040e5a0 f   COM.obj
 0001:0000d6e0       ?GetUserPKDaSai@COM@@QAEXXZ 0040e6e0 f   COM.obj
 0001:0000da30       ?GetUserPKEnd@COM@@QAEXXZ  0040ea30 f   COM.obj
 0001:0000ddf0       ?SubPKJiangLi@COM@@QAEXPADH@Z 0040edf0 f   COM.obj
 0001:0000df60       ?GetTSDay@COM@@QAEXXZ      0040ef60 f   COM.obj
 0001:0000e0c0       ?GetVIPDay@COM@@QAEXXZ     0040f0c0 f   COM.obj
 0001:0000e220       ?GetFUExpTime@COM@@QAEXXZ  0040f220 f   COM.obj
 0001:0000e380       ?GetUserPaiMing@COM@@QAEHXZ 0040f380 f   COM.obj
 0001:0000e7e0       ?DeleteAllBanIP@COM@@QAEHXZ 0040f7e0 f   COM.obj
 0001:0000ea30       ??_ECOM@@UAEPAXI@Z         0040fa30 f i COM.obj
 0001:0000ea30       ??_GCOM@@UAEPAXI@Z         0040fa30 f i COM.obj
 0001:0000ea60       ??_FCPtrList@@QAEXXZ       0040fa60 f i COM.obj
 0001:0000ea80       ??0_SEND_DATA@@QAE@XZ      0040fa80 f i COM.obj
 0001:0000eaa0       ??0CTimeSpan@ATL@@QAE@JHHH@Z 0040faa0 f i COM.obj
 0001:0000eb20       ?GetDays@CTimeSpan@ATL@@QBE_JXZ 0040fb20 f i COM.obj
 0001:0000eb50       ?GetTotalHours@CTimeSpan@ATL@@QBE_JXZ 0040fb50 f i COM.obj
 0001:0000eb80       ?GetTotalMinutes@CTimeSpan@ATL@@QBE_JXZ 0040fb80 f i COM.obj
 0001:0000eba0       ??0CTime@ATL@@QAE@HHHHHHH@Z 0040fba0 f i COM.obj
 0001:0000ed60       ??0CTime@ATL@@QAE@ABU_SYSTEMTIME@@H@Z 0040fd60 f i COM.obj
 0001:0000ee00       ??0CTime@ATL@@QAE@_J@Z     0040fe00 f i COM.obj
 0001:0000ee00       ??0CTimeSpan@ATL@@QAE@_J@Z 0040fe00 f i COM.obj
 0001:0000ee20       ??YCTime@ATL@@QAEAAV01@VCTimeSpan@1@@Z 0040fe20 f i COM.obj
 0001:0000ee50       ?GetTimeSpan@CTimeSpan@ATL@@QBE_JXZ 0040fe50 f i COM.obj
 0001:0000ee70       ??GCTime@ATL@@QBE?AVCTimeSpan@1@V01@@Z 0040fe70 f i COM.obj
 0001:0000eea0       ?CompareNoCase@?$CStringT@DV?$StrTraitMFC@DV?$ChTraitsCRT@D@ATL@@@@@ATL@@QBEHPBD@Z 0040fea0 f i COM.obj
 0001:0000eef0       ?AtlIsValidString@ATL@@YAHPBDI@Z 0040fef0 f i COM.obj
 0001:0000ef00       ??0?$list@PAVCBufferEx@@V?$allocator@PAVCBufferEx@@@std@@@std@@QAE@XZ 0040ff00 f i COM.obj
 0001:0000ef80       ??1?$list@PAVCBufferEx@@V?$allocator@PAVCBufferEx@@@std@@@std@@QAE@XZ 0040ff80 f i COM.obj
 0001:0000efe0       ?begin@?$list@PAVCBufferEx@@V?$allocator@PAVCBufferEx@@@std@@@std@@QAE?AV?$_Iterator@$00@12@XZ 0040ffe0 f i COM.obj
 0001:0000f010       ?GetYear@CTime@ATL@@QBEHXZ 00410010 f i COM.obj
 0001:0000f050       ?GetLocalTm@CTime@ATL@@QBEPAUtm@@PAU3@@Z 00410050 f i COM.obj
 0001:0000f0c0       ?GetMonth@CTime@ATL@@QBEHXZ 004100c0 f i COM.obj
 0001:0000f100       ?pop_front@?$list@PAVCBufferEx@@V?$allocator@PAVCBufferEx@@@std@@@std@@QAEXXZ 00410100 f i COM.obj
 0001:0000f140       ?GetDay@CTime@ATL@@QBEHXZ  00410140 f i COM.obj
 0001:0000f180       ?push_back@?$list@PAVCBufferEx@@V?$allocator@PAVCBufferEx@@@std@@@std@@QAEXABQAVCBufferEx@@@Z 00410180 f i COM.obj
 0001:0000f1c0       ??D?$_Iterator@$00@?$list@PAVCBufferEx@@V?$allocator@PAVCBufferEx@@@std@@@std@@QBEAAPAVCBufferEx@@XZ 004101c0 f i COM.obj
 0001:0000f1e0       ??1?$_List_val@PAVCBufferEx@@V?$allocator@PAVCBufferEx@@@std@@@std@@QAE@XZ 004101e0 f i COM.obj
 0001:0000f200       ??1?$_List_ptr@PAVCBufferEx@@V?$allocator@PAVCBufferEx@@@std@@@std@@QAE@XZ 00410200 f i COM.obj
 0001:0000f220       ??1?$_List_nod@PAVCBufferEx@@V?$allocator@PAVCBufferEx@@@std@@@std@@QAE@XZ 00410220 f i COM.obj
 0001:0000f240       ?StringCompareIgnore@?$ChTraitsCRT@D@ATL@@SAHPBD0@Z 00410240 f i COM.obj
 0001:0000f260       ?_Nextnode@?$list@PAVCBufferEx@@V?$allocator@PAVCBufferEx@@@std@@@std@@KAAAPAU_Node@?$_List_nod@PAVCBufferEx@@V?$allocator@PAVCBufferEx@@@std@@@2@PAU342@@Z 00410260 f i COM.obj
 0001:0000f270       ?end@?$list@PAVCBufferEx@@V?$allocator@PAVCBufferEx@@@std@@@std@@QAE?AV?$_Iterator@$00@12@XZ 00410270 f i COM.obj
 0001:0000f2a0       ?_Insert@?$list@PAVCBufferEx@@V?$allocator@PAVCBufferEx@@@std@@@std@@QAEXV?$_Const_iterator@$00@12@ABQAVCBufferEx@@@Z 004102a0 f i COM.obj
 0001:0000f320       ?erase@?$list@PAVCBufferEx@@V?$allocator@PAVCBufferEx@@@std@@@std@@QAE?AV?$_Iterator@$00@12@V?$_Const_iterator@$00@12@@Z 00410320 f i COM.obj
 0001:0000f3f0       ?_Buynode@?$list@PAVCBufferEx@@V?$allocator@PAVCBufferEx@@@std@@@std@@IAEPAU_Node@?$_List_nod@PAVCBufferEx@@V?$allocator@PAVCBufferEx@@@std@@@2@XZ 004103f0 f i COM.obj
 0001:0000f4f0       ?_Tidy@?$list@PAVCBufferEx@@V?$allocator@PAVCBufferEx@@@std@@@std@@IAEXXZ 004104f0 f i COM.obj
 0001:0000f560       ??0?$_List_val@PAVCBufferEx@@V?$allocator@PAVCBufferEx@@@std@@@std@@QAE@V?$allocator@PAVCBufferEx@@@1@@Z 00410560 f i COM.obj
 0001:0000f5a0       ??1?$_Container_base_aux_alloc_real@V?$allocator@PAVCBufferEx@@@std@@@std@@IAE@XZ 004105a0 f i COM.obj
 0001:0000f600       ??0?$_Iterator@$00@?$list@PAVCBufferEx@@V?$allocator@PAVCBufferEx@@@std@@@std@@QAE@PAU_Node@?$_List_nod@PAVCBufferEx@@V?$allocator@PAVCBufferEx@@@std@@@2@PBV12@@Z 00410600 f i COM.obj
 0001:0000f620       ??D?$_Const_iterator@$00@?$list@PAVCBufferEx@@V?$allocator@PAVCBufferEx@@@std@@@std@@QBEABQAVCBufferEx@@XZ 00410620 f i COM.obj
 0001:0000f680       ?_Getmycont@_Iterator_base_aux@std@@QBEPBV_Container_base_aux@2@XZ 00410680 f i COM.obj
 0001:0000f6b0       ?_Has_container@_Iterator_base_aux@std@@QBE_NXZ 004106b0 f i COM.obj
 0001:0000f6d0       ?_Prevnode@?$list@PAVCBufferEx@@V?$allocator@PAVCBufferEx@@@std@@@std@@KAAAPAU_Node@?$_List_nod@PAVCBufferEx@@V?$allocator@PAVCBufferEx@@@std@@@2@PAU342@@Z 004106d0 f i COM.obj
 0001:0000f6e0       ?_Myval@?$list@PAVCBufferEx@@V?$allocator@PAVCBufferEx@@@std@@@std@@KAAAPAVCBufferEx@@PAU_Node@?$_List_nod@PAVCBufferEx@@V?$allocator@PAVCBufferEx@@@std@@@2@@Z 004106e0 f i COM.obj
 0001:0000f6f0       ?_Make_iter@?$list@PAVCBufferEx@@V?$allocator@PAVCBufferEx@@@std@@@std@@QBE?AV?$_Iterator@$00@12@V?$_Const_iterator@$00@12@@Z 004106f0 f i COM.obj
 0001:0000f710       ?clear@?$list@PAVCBufferEx@@V?$allocator@PAVCBufferEx@@@std@@@std@@QAEXXZ 00410710 f i COM.obj
 0001:0000f7b0       ?_Buynode@?$list@PAVCBufferEx@@V?$allocator@PAVCBufferEx@@@std@@@std@@IAEPAU_Node@?$_List_nod@PAVCBufferEx@@V?$allocator@PAVCBufferEx@@@std@@@2@PAU342@0ABQAVCBufferEx@@@Z 004107b0 f i COM.obj
 0001:0000f900       ?_Incsize@?$list@PAVCBufferEx@@V?$allocator@PAVCBufferEx@@@std@@@std@@IAEXI@Z 00410900 f i COM.obj
 0001:0000f9a0       ??0length_error@std@@QAE@ABV?$basic_string@DU?$char_traits@D@std@@V?$allocator@D@2@@1@@Z 004109a0 f i COM.obj
 0001:0000f9d0       ??0logic_error@std@@QAE@ABV?$basic_string@DU?$char_traits@D@std@@V?$allocator@D@2@@1@@Z 004109d0 f i COM.obj
 0001:0000fa40       ?what@logic_error@std@@UBEPBDXZ 00410a40 f i COM.obj
 0001:0000fa60       ??_Elogic_error@std@@UAEPAXI@Z 00410a60 f i COM.obj
 0001:0000fa60       ??_Glogic_error@std@@UAEPAXI@Z 00410a60 f i COM.obj
 0001:0000fa90       ??1logic_error@std@@UAE@XZ 00410a90 f i COM.obj
 0001:0000fac0       ??1length_error@std@@UAE@XZ 00410ac0 f i COM.obj
 0001:0000fae0       ??_Glength_error@std@@UAEPAXI@Z 00410ae0 f i COM.obj
 0001:0000fae0       ??_Elength_error@std@@UAEPAXI@Z 00410ae0 f i COM.obj
 0001:0000fb10       ??0?$basic_string@DU?$char_traits@D@std@@V?$allocator@D@2@@std@@QAE@ABV01@@Z 00410b10 f i COM.obj
 0001:0000fb50       ??1?$basic_string@DU?$char_traits@D@std@@V?$allocator@D@2@@std@@QAE@XZ 00410b50 f i COM.obj
 0001:0000fb70       ?c_str@?$basic_string@DU?$char_traits@D@std@@V?$allocator@D@2@@std@@QBEPBDXZ 00410b70 f i COM.obj
 0001:0000fb90       ?assign@?$basic_string@DU?$char_traits@D@std@@V?$allocator@D@2@@std@@QAEAAV12@ABV12@II@Z 00410b90 f i COM.obj
 0001:0000fc50       ?_Tidy@?$basic_string@DU?$char_traits@D@std@@V?$allocator@D@2@@std@@IAEX_NI@Z 00410c50 f i COM.obj
 0001:0000fcd0       ?_Myptr@?$basic_string@DU?$char_traits@D@std@@V?$allocator@D@2@@std@@IBEPBDXZ 00410cd0 f i COM.obj
 0001:0000fcd0       ?_Myptr@?$basic_string@DU?$char_traits@D@std@@V?$allocator@D@2@@std@@IAEPADXZ 00410cd0 f i COM.obj
 0001:0000fd00       ??0?$_String_val@DV?$allocator@D@std@@@std@@QAE@ABV01@@Z 00410d00 f i COM.obj
 0001:0000fd20       ?erase@?$basic_string@DU?$char_traits@D@std@@V?$allocator@D@2@@std@@QAEAAV12@II@Z 00410d20 f i COM.obj
 0001:0000fdc0       ?_Eos@?$basic_string@DU?$char_traits@D@std@@V?$allocator@D@2@@std@@IAEXI@Z 00410dc0 f i COM.obj
 0001:0000fe00       ?assign@?$char_traits@D@std@@SAXAADABD@Z 00410e00 f i COM.obj
 0001:0000fe10       ?_Grow@?$basic_string@DU?$char_traits@D@std@@V?$allocator@D@2@@std@@IAE_NI_N@Z 00410e10 f i COM.obj
 0001:0000feb0       ??0?$_List_ptr@PAVCBufferEx@@V?$allocator@PAVCBufferEx@@@std@@@std@@IAE@V?$allocator@PAVCBufferEx@@@1@@Z 00410eb0 f i COM.obj
 0001:0000fef0       ??0?$allocator@D@std@@QAE@ABV01@@Z 00410ef0 f i COM.obj
 0001:0000fef0       ??$?0PAVCBufferEx@@@?$allocator@PAU_Node@?$_List_nod@PAVCBufferEx@@V?$allocator@PAVCBufferEx@@@std@@@std@@@std@@QAE@ABV?$allocator@PAVCBufferEx@@@1@@Z 00410ef0 f i COM.obj
 0001:0000fef0       ??$?0PAVCBufferEx@@@?$allocator@V_Aux_cont@std@@@std@@QAE@ABV?$allocator@PAVCBufferEx@@@1@@Z 00410ef0 f i COM.obj
 0001:0000fef0       ??$?0PAVCBufferEx@@@?$allocator@U_Node@?$_List_nod@PAVCBufferEx@@V?$allocator@PAVCBufferEx@@@std@@@std@@@std@@QAE@ABV?$allocator@PAVCBufferEx@@@1@@Z 00410ef0 f i COM.obj
 0001:0000fef0       ??0?$allocator@PAVCBufferEx@@@std@@QAE@ABV01@@Z 00410ef0 f i COM.obj
 0001:0000ff00       ?deallocate@?$allocator@V_Aux_cont@std@@@std@@QAEXPAV_Aux_cont@2@I@Z 00410f00 f i COM.obj
 0001:0000ff00       ?deallocate@?$allocator@U_Node@?$_List_nod@PAVCBufferEx@@V?$allocator@PAVCBufferEx@@@std@@@std@@@std@@QAEXPAU_Node@?$_List_nod@PAVCBufferEx@@V?$allocator@PAVCBufferEx@@@std@@@2@I@Z 00410f00 f i COM.obj
 0001:0000ff00       ?deallocate@?$allocator@D@std@@QAEXPADI@Z 00410f00 f i COM.obj
 0001:0000ff20       ?allocate@?$allocator@U_Node@?$_List_nod@PAVCBufferEx@@V?$allocator@PAVCBufferEx@@@std@@@std@@@std@@QAEPAU_Node@?$_List_nod@PAVCBufferEx@@V?$allocator@PAVCBufferEx@@@std@@@2@I@Z 00410f20 f i COM.obj
 0001:0000ff40       ?destroy@?$allocator@U_Node@?$_List_nod@PAVCBufferEx@@V?$allocator@PAVCBufferEx@@@std@@@std@@@std@@QAEXPAU_Node@?$_List_nod@PAVCBufferEx@@V?$allocator@PAVCBufferEx@@@std@@@2@@Z 00410f40 f i COM.obj
 0001:0000ff40       ?destroy@?$allocator@PAU_Node@?$_List_nod@PAVCBufferEx@@V?$allocator@PAVCBufferEx@@@std@@@std@@@std@@QAEXPAPAU_Node@?$_List_nod@PAVCBufferEx@@V?$allocator@PAVCBufferEx@@@std@@@2@@Z 00410f40 f i COM.obj
 0001:0000ff60       ?construct@?$allocator@PAU_Node@?$_List_nod@PAVCBufferEx@@V?$allocator@PAVCBufferEx@@@std@@@std@@@std@@QAEXPAPAU_Node@?$_List_nod@PAVCBufferEx@@V?$allocator@PAVCBufferEx@@@std@@@2@ABQAU342@@Z 00410f60 f i COM.obj
 0001:0000ff60       ?construct@?$allocator@PAVCBufferEx@@@std@@QAEXPAPAVCBufferEx@@ABQAV3@@Z 00410f60 f i COM.obj
 0001:0000ff80       ??0?$_Const_iterator@$00@?$list@PAVCBufferEx@@V?$allocator@PAVCBufferEx@@@std@@@std@@QAE@PAU_Node@?$_List_nod@PAVCBufferEx@@V?$allocator@PAVCBufferEx@@@std@@@2@PBV12@@Z 00410f80 f i COM.obj
 0001:0000ffd0       ?_Set_container@_Iterator_base_aux@std@@QAEXQBV_Container_base_aux@2@@Z 00410fd0 f i COM.obj
 0001:0000fff0       ??E?$_Const_iterator@$00@?$list@PAVCBufferEx@@V?$allocator@PAVCBufferEx@@@std@@@std@@QAE?AV012@H@Z 00410ff0 f i COM.obj
 0001:00010030       ??0length_error@std@@QAE@ABV01@@Z 00411030 f i COM.obj
 0001:00010060       ??0logic_error@std@@QAE@ABV01@@Z 00411060 f i COM.obj
 0001:000100d0       ??0?$_Bidit@PAVCBufferEx@@HPBQAV1@ABQAV1@@std@@QAE@XZ 004110d0 f i COM.obj
 0001:000100f0       ??0?$_Iterator_with_base@Ubidirectional_iterator_tag@std@@PAVCBufferEx@@HPBQAV3@ABQAV3@V_Iterator_base_aux@2@@std@@QAE@XZ 004110f0 f i COM.obj
 0001:00010110       ??0_Iterator_base_aux@std@@QAE@XZ 00411110 f i COM.obj
 0001:00010130       ??0?$basic_string@DU?$char_traits@D@std@@V?$allocator@D@2@@std@@QAE@PBD@Z 00411130 f i COM.obj
 0001:00010170       ?max_size@?$basic_string@DU?$char_traits@D@std@@V?$allocator@D@2@@std@@QBEIXZ 00411170 f i COM.obj
 0001:000101b0       ?_Copy@?$basic_string@DU?$char_traits@D@std@@V?$allocator@D@2@@std@@IAEXII@Z 004111b0 f i COM.obj
 0001:00010330       ?max_size@?$list@PAVCBufferEx@@V?$allocator@PAVCBufferEx@@@std@@@std@@QBEIXZ 00411330 f i COM.obj
 0001:00010350       ??0?$_List_nod@PAVCBufferEx@@V?$allocator@PAVCBufferEx@@@std@@@std@@IAE@V?$allocator@PAVCBufferEx@@@1@@Z 00411350 f i COM.obj
 0001:00010390       ??E?$_Const_iterator@$00@?$list@PAVCBufferEx@@V?$allocator@PAVCBufferEx@@@std@@@std@@QAEAAV012@XZ 00411390 f i COM.obj
 0001:00010400       ?assign@?$basic_string@DU?$char_traits@D@std@@V?$allocator@D@2@@std@@QAEAAV12@PBD@Z 00411400 f i COM.obj
 0001:00010430       ?length@?$char_traits@D@std@@SAIPBD@Z 00411430 f i COM.obj
 0001:00010450       ??0?$_String_val@DV?$allocator@D@std@@@std@@IAE@V?$allocator@D@1@@Z 00411450 f i COM.obj
 0001:00010470       ?allocate@?$allocator@D@std@@QAEPADI@Z 00411470 f i COM.obj
 0001:00010490       ?max_size@?$allocator@D@std@@QBEIXZ 00411490 f i COM.obj
 0001:000104c0       ??0?$_Container_base_aux_alloc_real@V?$allocator@PAVCBufferEx@@@std@@@std@@IAE@V?$allocator@PAVCBufferEx@@@1@@Z 004114c0 f i COM.obj
 0001:00010580       ??0_Aux_cont@std@@QAE@QBV_Container_base_aux@1@@Z 00411580 f i COM.obj
 0001:000105a0       ??0?$allocator@D@std@@QAE@XZ 004115a0 f i COM.obj
 0001:000105a0       ??0CObject@@IAE@XZ         004115a0 f i CBSocket.obj
 0001:000105a0       ??0_Container_base_aux@std@@QAE@XZ 004115a0 f i COM.obj
 0001:000105a0       ??0CRect@@QAE@XZ           004115a0 f i CELL.obj
 0001:000105a0       ??0CSize@@QAE@XZ           004115a0 f i CELL.obj
 0001:000105a0       ??0?$allocator@PAVCBufferEx@@@std@@QAE@XZ 004115a0 f i COM.obj
 0001:000105a0       ??0CPoint@@QAE@XZ          004115a0 f i CELL.obj
 0001:000105b0       ?max_size@?$allocator@PAVCBufferEx@@@std@@QBEIXZ 004115b0 f i COM.obj
 0001:000105e0       ?assign@?$basic_string@DU?$char_traits@D@std@@V?$allocator@D@2@@std@@QAEAAV12@PBDI@Z 004115e0 f i COM.obj
 0001:00010670       ?allocate@?$allocator@V_Aux_cont@std@@@std@@QAEPAV_Aux_cont@2@I@Z 00411670 f i COM.obj
 0001:00010690       ?_Inside@?$basic_string@DU?$char_traits@D@std@@V?$allocator@D@2@@std@@IAE_NPBD@Z 00411690 f i COM.obj
 0001:000106d0       ?Format@?$CStringT@DV?$StrTraitMFC@DV?$ChTraitsCRT@D@ATL@@@@@ATL@@QAAXIZZ 004116d0 f i COM.obj
 0001:00010780       ??$_snprintf_s@$0EAA@@@YAHAAY0EAA@DIPBDZZ 00411780 f i COM.obj
 0001:000107b0       ??$copy_s@U?$char_traits@D@std@@@_Traits_helper@std@@YAPADPADIPBDI@Z 004117b0 f i COM.obj
 0001:000107e0       ??$move_s@U?$char_traits@D@std@@@_Traits_helper@std@@YAPADPADIPBDI@Z 004117e0 f i COM.obj
 0001:00010810       ??$_Allocate@U_Node@?$_List_nod@PAVCBufferEx@@V?$allocator@PAVCBufferEx@@@std@@@std@@@std@@YAPAU_Node@?$_List_nod@PAVCBufferEx@@V?$allocator@PAVCBufferEx@@@std@@@0@IPAU120@@Z 00411810 f i COM.obj
 0001:00010860       ??0bad_alloc@std@@QAE@PBD@Z 00411860 f i COM.obj
 0001:00010890       ??1bad_alloc@std@@UAE@XZ   00411890 f i COM.obj
 0001:000108b0       ??_Gbad_alloc@std@@UAEPAXI@Z 004118b0 f i COM.obj
 0001:000108b0       ??_Ebad_alloc@std@@UAEPAXI@Z 004118b0 f i COM.obj
 0001:000108e0       ??$_Construct@PAVCBufferEx@@PAV1@@std@@YAXPAPAVCBufferEx@@ABQAV1@@Z 004118e0 f i COM.obj
 0001:000108e0       ??$_Construct@PAU_Node@?$_List_nod@PAVCBufferEx@@V?$allocator@PAVCBufferEx@@@std@@@std@@PAU123@@std@@YAXPAPAU_Node@?$_List_nod@PAVCBufferEx@@V?$allocator@PAVCBufferEx@@@std@@@0@ABQAU120@@Z 004118e0 f i COM.obj
 0001:00010920       ??3@YAXPAX0@Z              00411920 f i COM.obj
 0001:00010920       ??$_Destroy@PAU_Node@?$_List_nod@PAVCBufferEx@@V?$allocator@PAVCBufferEx@@@std@@@std@@@std@@YAXPAPAU_Node@?$_List_nod@PAVCBufferEx@@V?$allocator@PAVCBufferEx@@@std@@@0@@Z 00411920 f i COM.obj
 0001:00010920       ??$_Destroy@U_Node@?$_List_nod@PAVCBufferEx@@V?$allocator@PAVCBufferEx@@@std@@@std@@@std@@YAXPAU_Node@?$_List_nod@PAVCBufferEx@@V?$allocator@PAVCBufferEx@@@std@@@0@@Z 00411920 f i COM.obj
 0001:00010930       ??$_Allocate@D@std@@YAPADIPAD@Z 00411930 f i COM.obj
 0001:00010980       ??$_Allocate@V_Aux_cont@std@@@std@@YAPAV_Aux_cont@0@IPAV10@@Z 00411980 f i COM.obj
 0001:000109d0       ??0bad_alloc@std@@QAE@ABV01@@Z 004119d0 f i COM.obj
 0001:00010a00       ??0?$CStringT@DV?$StrTraitMFC@DV?$ChTraitsCRT@D@ATL@@@@@ATL@@QAE@PAUIAtlStringMgr@1@@Z 00411a00 f i COM.obj
 0001:00010a20       ?GetManager@?$CStringT@DV?$StrTraitMFC@DV?$ChTraitsCRT@D@ATL@@@@@ATL@@QBEPAUIAtlStringMgr@2@XZ 00411a20 f i COM.obj
 0001:00010a60       ?GetManager@?$CSimpleStringT@D$0A@@ATL@@QBEPAUIAtlStringMgr@2@XZ 00411a60 f i COM.obj
 0001:00010aa0       ??$_Char_traits_cat@U?$char_traits@D@std@@@std@@YA?AU_Secure_char_traits_tag@0@XZ 00411aa0 f i COM.obj
 0001:00010ab0       ??$copy_s@U?$char_traits@D@std@@@_Traits_helper@std@@YAPADPADIPBDIU_Secure_char_traits_tag@1@@Z 00411ab0 f i COM.obj
 0001:00010ad0       ?_Copy_s@?$char_traits@D@std@@SAPADPADIPBDI@Z 00411ad0 f i COM.obj
 0001:00010af0       ??$move_s@U?$char_traits@D@std@@@_Traits_helper@std@@YAPADPADIPBDIU_Secure_char_traits_tag@1@@Z 00411af0 f i COM.obj
 0001:00010b10       ?_Move_s@?$char_traits@D@std@@SAPADPADIPBDI@Z 00411b10 f i COM.obj
 0001:00010b30       ??ACWordArray@@QAEAAGH@Z   00411b30 f i COM.obj
 0001:00010b50       ?ElementAt@CWordArray@@QAEAAGH@Z 00411b50 f i COM.obj
 0001:00010b80       ??0COleDateTime@ATL@@QAE@ABU_SYSTEMTIME@@@Z 00411b80 f i COM.obj
 0001:00010bb0       ??0COleDateTime@ATL@@QAE@HHHHHH@Z 00411bb0 f i COM.obj
 0001:00010be0       ?GetYear@COleDateTime@ATL@@QBEHXZ 00411be0 f i COM.obj
 0001:00010c20       ?GetAsSystemTime@COleDateTime@ATL@@QBE_NAAU_SYSTEMTIME@@@Z 00411c20 f i COM.obj
 0001:00010c70       ?GetMonth@COleDateTime@ATL@@QBEHXZ 00411c70 f i COM.obj
 0001:00010cb0       ?GetDay@COleDateTime@ATL@@QBEHXZ 00411cb0 f i COM.obj
 0001:00010cf0       ?GetHour@COleDateTime@ATL@@QBEHXZ 00411cf0 f i COM.obj
 0001:00010d30       ?GetMinute@COleDateTime@ATL@@QBEHXZ 00411d30 f i COM.obj
 0001:00010d70       ?GetSecond@COleDateTime@ATL@@QBEHXZ 00411d70 f i COM.obj
 0001:00010db0       ??4COleDateTime@ATL@@QAEAAV01@ABU_SYSTEMTIME@@@Z 00411db0 f i COM.obj
 0001:00010de0       ?ConvertSystemTimeToVariantTime@COleDateTime@ATL@@IAEHABU_SYSTEMTIME@@@Z 00411de0 f i COM.obj
 0001:00010e00       ?AtlConvertSystemTimeToVariantTime@ATL@@YAHABU_SYSTEMTIME@@PAN@Z 00411e00 f i COM.obj
 0001:00010f00       ?SetDateTime@COleDateTime@ATL@@QAEHHHHHHH@Z 00411f00 f i COM.obj
 0001:00010f70       ?SetByte@@YAXPADEAAH@Z     00411f70 f i COM.obj
 0001:00010f90       ?SetShort@@YAXPADHAAH@Z    00411f90 f i COM.obj
 0001:00010fd0       ??4?$CStringT@DV?$StrTraitMFC@DV?$ChTraitsCRT@D@ATL@@@@@ATL@@QAEAAV01@ABV01@@Z 00411fd0 f i COM.obj
 0001:00010ff0       ?ReleaseBuffer@?$CSimpleStringT@D$0A@@ATL@@QAEXH@Z 00411ff0 f i COM.obj
 0001:00011040       ??4?$CSimpleStringT@D$0A@@ATL@@QAEAAV01@ABV01@@Z 00412040 f i COM.obj
 0001:000110d0       ?StringLengthN@?$CSimpleStringT@D$0A@@ATL@@SAHPBDI@Z 004120d0 f i COM.obj
 0001:000110f0       ?CloneData@?$CSimpleStringT@D$0A@@ATL@@CAPAUCStringData@2@PAU32@@Z 004120f0 f i COM.obj
 0001:000111a0       ?AddRef@CStringData@ATL@@QAEXXZ 004121a0 f i COM.obj
 0001:000111c0       ?Format@?$CStringT@DV?$StrTraitMFC@DV?$ChTraitsCRT@D@ATL@@@@@ATL@@QAAXPBDZZ 004121c0 f i COM.obj
 0001:000111f0       ?AppendFormat@?$CStringT@DV?$StrTraitMFC@DV?$ChTraitsCRT@D@ATL@@@@@ATL@@QAAXPBDZZ 004121f0 f i COM.obj
 0001:00011220       ?AppendFormatV@?$CStringT@DV?$StrTraitMFC@DV?$ChTraitsCRT@D@ATL@@@@@ATL@@QAEXPBDPAD@Z 00412220 f i COM.obj
 0001:00011290       ?FormatV@?$CStringT@DV?$StrTraitMFC@DV?$ChTraitsCRT@D@ATL@@@@@ATL@@QAEXPBDPAD@Z 00412290 f i COM.obj
 0001:00011300       ?GetFormattedLength@?$ChTraitsCRT@D@ATL@@SAHPBDPAD@Z 00412300 f i COM.obj
 0001:00011320       ?Format@?$ChTraitsCRT@D@ATL@@SAHPADIPBD0@Z 00412320 f i COM.obj
 0001:00011340       ??0CCompressManager@@QAE@XZ 00412340 f   Compress.obj
 0001:000113a0       ??1CCompressManager@@UAE@XZ 004123a0 f   Compress.obj
 0001:000113f0       ?AddData@CCompressManager@@QAEHPADJ@Z 004123f0 f   Compress.obj
 0001:00011560       ?ReadBuffer@@YAIPADPAIPAX@Z 00412560 f   Compress.obj
 0001:00011620       ?WriteBuffer@@YAXPADPAIPAX@Z 00412620 f   Compress.obj
 0001:000116d0       ?PreCompressWork@CCompressManager@@QAEHXZ 004126d0 f   Compress.obj
 0001:000118e0       ?Compress@CCompressManager@@QAEHXZ 004128e0 f   Compress.obj
 0001:00011940       ?FlushAddData@CCompressManager@@QAEXXZ 00412940 f   Compress.obj
 0001:00011ad0       ?SetCompressionData@CCompressManager@@QAEXPADJ@Z 00412ad0 f   Compress.obj
 0001:00011b20       ?PreUncompressWork@CCompressManager@@QAEHJJ@Z 00412b20 f   Compress.obj
 0001:00011c60       ?Extract@CCompressManager@@QAEHXZ 00412c60 f   Compress.obj
 0001:00011cb0       ?FlushExtractedData@CCompressManager@@QAEXXZ 00412cb0 f   Compress.obj
 0001:00011d80       ??_ECCompressManager@@UAEPAXI@Z 00412d80 f i Compress.obj
 0001:00011d80       ??_GCCompressManager@@UAEPAXI@Z 00412d80 f i Compress.obj
 0001:00011db0       ??0CCompressData@@QAE@XZ   00412db0 f i Compress.obj
 0001:00011de0       ?SetDataPtr@CCompressData@@QAEXPAD@Z 00412de0 f i Compress.obj
 0001:00011e00       ??_ECCompressData@@UAEPAXI@Z 00412e00 f i Compress.obj
 0001:00011e00       ??_GCCompressData@@UAEPAXI@Z 00412e00 f i Compress.obj
 0001:00011e30       ??1CCompressData@@UAE@XZ   00412e30 f i Compress.obj
 0001:00011eb0       ??BCBufferEx@@QAEPADXZ     00412eb0 f i COM.obj
 0001:00011eb0       ?GetHeadPosition@CObList@@QBEPAU__POSITION@@XZ 00412eb0 f i Compress.obj
 0001:00011eb0       ?_Mynode@?$_Const_iterator@$00@?$list@PAVCBufferEx@@V?$allocator@PAVCBufferEx@@@std@@@std@@QBEPAU_Node@?$_List_nod@PAVCBufferEx@@V?$allocator@PAVCBufferEx@@@std@@@3@XZ 00412eb0 f i COM.obj
 0001:00011eb0       ?GetDataPtr@CCompressData@@QAEPADXZ 00412eb0 f i Compress.obj
 0001:00011ed0       ?GetIOCPLastError@CIOCPSocket@@QAEKXZ 00412ed0 f i CBSocket.obj
 0001:00011ed0       ?GetCount@CPtrList@@QBEHXZ 00412ed0 f i COM.obj
 0001:00011ed0       ?GetCount@CObList@@QBEHXZ  00412ed0 f i Compress.obj
 0001:00011ef0       ?GetNext@CObList@@QAEAAPAVCObject@@AAPAU__POSITION@@@Z 00412ef0 f i Compress.obj
 0001:00011f30       ?GetAt@CObList@@QAEAAPAVCObject@@PAU__POSITION@@@Z 00412f30 f i Compress.obj
 0001:00011f60       ?GetRuntimeClass@CDBItemInfo@@UBEPAUCRuntimeClass@@XZ 00412f60 f   DBItemInfo.obj
 0001:00011f70       ??0CDBItemInfo@@QAE@PAVCDatabase@@@Z 00412f70 f   DBItemInfo.obj
 0001:00012130       ?GetDefaultConnect@CDBItemInfo@@UAE?AV?$CStringT@DV?$StrTraitMFC@DV?$ChTraitsCRT@D@ATL@@@@@ATL@@XZ 00413130 f   DBItemInfo.obj
 0001:00012160       ?GetDefaultSQL@CDBItemInfo@@UAE?AV?$CStringT@DV?$StrTraitMFC@DV?$ChTraitsCRT@D@ATL@@@@@ATL@@XZ 00413160 f   DBItemInfo.obj
 0001:00012190       ?DoFieldExchange@CDBItemInfo@@UAEXPAVCFieldExchange@@@Z 00413190 f   DBItemInfo.obj
 0001:00012430       ??1CEventItemTableSet@@UAE@XZ 00413430 f i EventItemTableSet.obj
 0001:00012430       ??1CNpcPosSet@@UAE@XZ      00413430 f i NpcPosSet.obj
 0001:00012430       ??1CNpcSayEventSet@@UAE@XZ 00413430 f i NpcSayEventSet.obj
 0001:00012430       ??1CDBItemInfo@@UAE@XZ     00413430 f i DBItemInfo.obj
 0001:00012460       ??0CDNTable@@QAE@XZ        00413460 f   DNTable.obj
 0001:000124a0       ??1CDNTable@@UAE@XZ        004134a0 f   DNTable.obj
 0001:000124c0       ??_ECDNTable@@UAEPAXI@Z    004134c0 f i DNTable.obj
 0001:000124c0       ??_GCDNTable@@UAEPAXI@Z    004134c0 f i DNTable.obj
 0001:000124f0       ?GetRuntimeClass@CDNTableSet@@UBEPAUCRuntimeClass@@XZ 004134f0 f   DNTableSet.obj
 0001:00012500       ??0CDNTableSet@@QAE@PAVCDatabase@@@Z 00413500 f   DNTableSet.obj
 0001:00012570       ?GetDefaultConnect@CDNTableSet@@UAE?AV?$CStringT@DV?$StrTraitMFC@DV?$ChTraitsCRT@D@ATL@@@@@ATL@@XZ 00413570 f   DNTableSet.obj
 0001:000125a0       ?GetDefaultSQL@CDNTableSet@@UAE?AV?$CStringT@DV?$StrTraitMFC@DV?$ChTraitsCRT@D@ATL@@@@@ATL@@XZ 004135a0 f   DNTableSet.obj
 0001:000125d0       ?DoFieldExchange@CDNTableSet@@UAEXPAVCFieldExchange@@@Z 004135d0 f   DNTableSet.obj
 0001:00012630       ?GetRuntimeClass@CDressingSet@@UBEPAUCRuntimeClass@@XZ 00413630 f   DressingSet.obj
 0001:00012640       ??0CDressingSet@@QAE@PAVCDatabase@@@Z 00413640 f   DressingSet.obj
 0001:000127c0       ?GetDefaultConnect@CDressingSet@@UAE?AV?$CStringT@DV?$StrTraitMFC@DV?$ChTraitsCRT@D@ATL@@@@@ATL@@XZ 004137c0 f   DressingSet.obj
 0001:000127f0       ?GetDefaultSQL@CDressingSet@@UAE?AV?$CStringT@DV?$StrTraitMFC@DV?$ChTraitsCRT@D@ATL@@@@@ATL@@XZ 004137f0 f   DressingSet.obj
 0001:00012820       ?DoFieldExchange@CDressingSet@@UAEXPAVCFieldExchange@@@Z 00413820 f   DressingSet.obj
 0001:00012a70       ??0CEBodyIdentifyTable@@QAE@XZ 00413a70 f   EBodyIdentifyTable.obj
 0001:00012a90       ??1CEBodyIdentifyTable@@UAE@XZ 00413a90 f   EBodyIdentifyTable.obj
 0001:00012ab0       ??_ECEBodyIdentifyTable@@UAEPAXI@Z 00413ab0 f i EBodyIdentifyTable.obj
 0001:00012ab0       ??_GCEBodyIdentifyTable@@UAEPAXI@Z 00413ab0 f i EBodyIdentifyTable.obj
 0001:00012ae0       ?GetRuntimeClass@CEBodyIdentifyTableSet@@UBEPAUCRuntimeClass@@XZ 00413ae0 f   EBodyIdentifyTableSet.obj
 0001:00012af0       ??0CEBodyIdentifyTableSet@@QAE@PAVCDatabase@@@Z 00413af0 f   EBodyIdentifyTableSet.obj
 0001:00012b40       ?GetDefaultConnect@CEBodyIdentifyTableSet@@UAE?AV?$CStringT@DV?$StrTraitMFC@DV?$ChTraitsCRT@D@ATL@@@@@ATL@@XZ 00413b40 f   EBodyIdentifyTableSet.obj
 0001:00012b70       ?GetDefaultSQL@CEBodyIdentifyTableSet@@UAE?AV?$CStringT@DV?$StrTraitMFC@DV?$ChTraitsCRT@D@ATL@@@@@ATL@@XZ 00413b70 f   EBodyIdentifyTableSet.obj
 0001:00012ba0       ?DoFieldExchange@CEBodyIdentifyTableSet@@UAEXPAVCFieldExchange@@@Z 00413ba0 f   EBodyIdentifyTableSet.obj
 0001:00012bd0       ??_GCGuildHouseSet@@UAEPAXI@Z 00413bd0 f i GuildHouseSet.obj
 0001:00012bd0       ??_ECNpcItemSet@@UAEPAXI@Z 00413bd0 f i NpcItemSet.obj
 0001:00012bd0       ??_ECStoreSet@@UAEPAXI@Z   00413bd0 f i StoreSet.obj
 0001:00012bd0       ??_GCGuildFortressTaxSet@@UAEPAXI@Z 00413bd0 f i GuildFortressTaxSet.obj
 0001:00012bd0       ??_GCPsiStoreSet@@UAEPAXI@Z 00413bd0 f i PsiStoreSet.obj
 0001:00012bd0       ??_ECDNTableSet@@UAEPAXI@Z 00413bd0 f i DNTableSet.obj
 0001:00012bd0       ??_GCStoreSellSet@@UAEPAXI@Z 00413bd0 f i StoreSellSet.obj
 0001:00012bd0       ??_GCEBodyUpgradeTableSet@@UAEPAXI@Z 00413bd0 f i EBodyUpgradeTableSet.obj
 0001:00012bd0       ??_ECDressingSet@@UAEPAXI@Z 00413bd0 f i DressingSet.obj
 0001:00012bd0       ??_ECRecoverRateSet@@UAEPAXI@Z 00413bd0 f i RecoverRateSet.obj
 0001:00012bd0       ??_GCZoneInfoSet@@UAEPAXI@Z 00413bd0 f i ZoneInfoSet.obj
 0001:00012bd0       ??_ECZoneInfoSet@@UAEPAXI@Z 00413bd0 f i ZoneInfoSet.obj
 0001:00012bd0       ??_GCNpcItemSet@@UAEPAXI@Z 00413bd0 f i NpcItemSet.obj
 0001:00012bd0       ??_ECTownPotalTableSet@@UAEPAXI@Z 00413bd0 f i TownPotalTableSet.obj
 0001:00012bd0       ??_GCRecoverRateSet@@UAEPAXI@Z 00413bd0 f i RecoverRateSet.obj
 0001:00012bd0       ??_GCGuildHouseRankSet@@UAEPAXI@Z 00413bd0 f i GuildHouseRankSet.obj
 0001:00012bd0       ??_ECGuildHouseSet@@UAEPAXI@Z 00413bd0 f i GuildHouseSet.obj
 0001:00012bd0       ??_ECMechanicStoreSet@@UAEPAXI@Z 00413bd0 f i MechanicStoreSet.obj
 0001:00012bd0       ??_ECPsiStoreSet@@UAEPAXI@Z 00413bd0 f i PsiStoreSet.obj
 0001:00012bd0       ??_ECRecoverSet@@UAEPAXI@Z 00413bd0 f i RecoverSet.obj
 0001:00012bd0       ??_GCInitItemTableSet@@UAEPAXI@Z 00413bd0 f i InitItemTableSet.obj
 0001:00012bd0       ??_ECValItemTableSet@@UAEPAXI@Z 00413bd0 f i ValItemTableSet.obj
 0001:00012bd0       ??_GCLevelUpTableSet@@UAEPAXI@Z 00413bd0 f i LevelUpTableSet.obj
 0001:00012bd0       ??_GCEBodyIdentifyTableSet@@UAEPAXI@Z 00413bd0 f i EBodyIdentifyTableSet.obj
 0001:00012bd0       ??_ECStoreRepairSet@@UAEPAXI@Z 00413bd0 f i StoreRepairSet.obj
 0001:00012bd0       ??_ECLevelUpTableSet@@UAEPAXI@Z 00413bd0 f i LevelUpTableSet.obj
 0001:00012bd0       ??_ECEBodyIdentifyTableSet@@UAEPAXI@Z 00413bd0 f i EBodyIdentifyTableSet.obj
 0001:00012bd0       ??_GCDNTableSet@@UAEPAXI@Z 00413bd0 f i DNTableSet.obj
 0001:00012bd0       ??_ECGuildMapInfoSet@@UAEPAXI@Z 00413bd0 f i GuildMapInfoSet.obj
 0001:00012bd0       ??_GCValItemTableSet@@UAEPAXI@Z 00413bd0 f i ValItemTableSet.obj
 0001:00012bd0       ??_GCSkillTableSet@@UAEPAXI@Z 00413bd0 f i SkillTableSet.obj
 0001:00012bd0       ??_ECUserLevelUpSet@@UAEPAXI@Z 00413bd0 f i UserLevelUpSet.obj
 0001:00012bd0       ??_GCDressingSet@@UAEPAXI@Z 00413bd0 f i DressingSet.obj
 0001:00012bd0       ??_GCStoreSet@@UAEPAXI@Z   00413bd0 f i StoreSet.obj
 0001:00012bd0       ??_GCRecoverSet@@UAEPAXI@Z 00413bd0 f i RecoverSet.obj
 0001:00012bd0       ??_GCTownPotalTableSet@@UAEPAXI@Z 00413bd0 f i TownPotalTableSet.obj
 0001:00012bd0       ??_ECPAMAExpSet@@UAEPAXI@Z 00413bd0 f i PAMAExpSet.obj
 0001:00012bd0       ??_ECGuildFortressTaxSet@@UAEPAXI@Z 00413bd0 f i GuildFortressTaxSet.obj
 0001:00012bd0       ??_ECGuildHouseRankSet@@UAEPAXI@Z 00413bd0 f i GuildHouseRankSet.obj
 0001:00012bd0       ??_GCMechanicStoreSet@@UAEPAXI@Z 00413bd0 f i MechanicStoreSet.obj
 0001:00012bd0       ??_GCStoreRepairSet@@UAEPAXI@Z 00413bd0 f i StoreRepairSet.obj
 0001:00012bd0       ??_GCUserLevelUpSet@@UAEPAXI@Z 00413bd0 f i UserLevelUpSet.obj
 0001:00012bd0       ??_ECStoreSellSet@@UAEPAXI@Z 00413bd0 f i StoreSellSet.obj
 0001:00012bd0       ??_GCGuildMapInfoSet@@UAEPAXI@Z 00413bd0 f i GuildMapInfoSet.obj
 0001:00012bd0       ??_ECEBodyUpgradeTableSet@@UAEPAXI@Z 00413bd0 f i EBodyUpgradeTableSet.obj
 0001:00012bd0       ??_GCPAMAExpSet@@UAEPAXI@Z 00413bd0 f i PAMAExpSet.obj
 0001:00012bd0       ??_GCEBodyStoreSet@@UAEPAXI@Z 00413bd0 f i EBodyStoreSet.obj
 0001:00012bd0       ??_ECInitItemTableSet@@UAEPAXI@Z 00413bd0 f i InitItemTableSet.obj
 0001:00012bd0       ??_ECSkillTableSet@@UAEPAXI@Z 00413bd0 f i SkillTableSet.obj
 0001:00012bd0       ??_ECEBodyStoreSet@@UAEPAXI@Z 00413bd0 f i EBodyStoreSet.obj
 0001:00012c00       ?GetRuntimeClass@CEBodyStoreSet@@UBEPAUCRuntimeClass@@XZ 00413c00 f   EBodyStoreSet.obj
 0001:00012c10       ??0CEBodyStoreSet@@QAE@PAVCDatabase@@@Z 00413c10 f   EBodyStoreSet.obj
 0001:00012c70       ?GetDefaultConnect@CEBodyStoreSet@@UAE?AV?$CStringT@DV?$StrTraitMFC@DV?$ChTraitsCRT@D@ATL@@@@@ATL@@XZ 00413c70 f   EBodyStoreSet.obj
 0001:00012ca0       ?GetDefaultSQL@CEBodyStoreSet@@UAE?AV?$CStringT@DV?$StrTraitMFC@DV?$ChTraitsCRT@D@ATL@@@@@ATL@@XZ 00413ca0 f   EBodyStoreSet.obj
 0001:00012cd0       ?DoFieldExchange@CEBodyStoreSet@@UAEXPAVCFieldExchange@@@Z 00413cd0 f   EBodyStoreSet.obj
 0001:00012d20       ??0CEBodyTable@@QAE@XZ     00413d20 f   EBodyTable.obj
 0001:00012d80       ??1CEBodyTable@@UAE@XZ     00413d80 f   EBodyTable.obj
 0001:00012da0       ??_GCEBodyTable@@UAEPAXI@Z 00413da0 f i EBodyTable.obj
 0001:00012da0       ??_ECEBodyTable@@UAEPAXI@Z 00413da0 f i EBodyTable.obj
 0001:00012dd0       ?GetRuntimeClass@CEBodyTableSet@@UBEPAUCRuntimeClass@@XZ 00413dd0 f   EBodyTableSet.obj
 0001:00012de0       ??0CEBodyTableSet@@QAE@PAVCDatabase@@@Z 00413de0 f   EBodyTableSet.obj
 0001:00012ee0       ?GetDefaultConnect@CEBodyTableSet@@UAE?AV?$CStringT@DV?$StrTraitMFC@DV?$ChTraitsCRT@D@ATL@@@@@ATL@@XZ 00413ee0 f   EBodyTableSet.obj
 0001:00012f10       ?GetDefaultSQL@CEBodyTableSet@@UAE?AV?$CStringT@DV?$StrTraitMFC@DV?$ChTraitsCRT@D@ATL@@@@@ATL@@XZ 00413f10 f   EBodyTableSet.obj
 0001:00012f40       ?DoFieldExchange@CEBodyTableSet@@UAEXPAVCFieldExchange@@@Z 00413f40 f   EBodyTableSet.obj
 0001:00013040       ??1CEBodyTableSet@@UAE@XZ  00414040 f i EBodyTableSet.obj
 0001:00013040       ??1CRemodeling03TableSet@@UAE@XZ 00414040 f i Remodeling03TableSet.obj
 0001:00013040       ??1CRemodeling02TableSet@@UAE@XZ 00414040 f i Remodeling02TableSet.obj
 0001:00013040       ??1CMagicItemTableSet@@UAE@XZ 00414040 f i MagicItemTableSet.obj
 0001:00013070       ??0CEBodyUpgradeTable@@QAE@XZ 00414070 f   EBodyUpgradeTable.obj
 0001:000130a0       ??1CEBodyUpgradeTable@@UAE@XZ 004140a0 f   EBodyUpgradeTable.obj
 0001:000130c0       ??_GCEBodyUpgradeTable@@UAEPAXI@Z 004140c0 f i EBodyUpgradeTable.obj
 0001:000130c0       ??_ECEBodyUpgradeTable@@UAEPAXI@Z 004140c0 f i EBodyUpgradeTable.obj
 0001:000130f0       ?GetRuntimeClass@CEBodyUpgradeTableSet@@UBEPAUCRuntimeClass@@XZ 004140f0 f   EBodyUpgradeTableSet.obj
 0001:00013100       ??0CEBodyUpgradeTableSet@@QAE@PAVCDatabase@@@Z 00414100 f   EBodyUpgradeTableSet.obj
 0001:00013160       ?GetDefaultConnect@CEBodyUpgradeTableSet@@UAE?AV?$CStringT@DV?$StrTraitMFC@DV?$ChTraitsCRT@D@ATL@@@@@ATL@@XZ 00414160 f   EBodyUpgradeTableSet.obj
 0001:00013190       ?GetDefaultSQL@CEBodyUpgradeTableSet@@UAE?AV?$CStringT@DV?$StrTraitMFC@DV?$ChTraitsCRT@D@ATL@@@@@ATL@@XZ 00414190 f   EBodyUpgradeTableSet.obj
 0001:000131c0       ?DoFieldExchange@CEBodyUpgradeTableSet@@UAEXPAVCFieldExchange@@@Z 004141c0 f   EBodyUpgradeTableSet.obj
 0001:00013220       ?GetRuntimeClass@CErrorLog@@UBEPAUCRuntimeClass@@XZ 00414220 f   ErrorLog.obj
 0001:00013230       ??0CErrorLog@@QAE@XZ       00414230 f   ErrorLog.obj
 0001:000132e0       ??1CErrorLog@@UAE@XZ       004142e0 f   ErrorLog.obj
 0001:00013370       ?OpenFile@CErrorLog@@QAEHPBD@Z 00414370 f   ErrorLog.obj
 0001:00013440       ?SetFullPath@CErrorLog@@QAEXH@Z 00414440 f   ErrorLog.obj
 0001:00013460       ?_WriteError@CErrorLog@@QAEHHPBD00HK@Z 00414460 f   ErrorLog.obj
 0001:000135e0       ?_WriteError@CErrorLog@@QAEHHPBD00H0@Z 004145e0 f   ErrorLog.obj
 0001:00013750       ?_ShowError@CErrorLog@@QAEHHPBD00HK@Z 00414750 f   ErrorLog.obj
 0001:000138a0       ?GetSysErrorText@CErrorLog@@QAE?AV?$CStringT@DV?$StrTraitMFC@DV?$ChTraitsCRT@D@ATL@@@@@ATL@@K@Z 004148a0 f   ErrorLog.obj
 0001:00013910       ?GetSysErrorText@CErrorLog@@QAEKAAV?$CStringT@DV?$StrTraitMFC@DV?$ChTraitsCRT@D@ATL@@@@@ATL@@K@Z 00414910 f   ErrorLog.obj
 0001:000139f0       ?GetErrorTime@CErrorLog@@AAEXXZ 004149f0 f   ErrorLog.obj
 0001:00013a40       ?RemoveReturn@CErrorLog@@QAEHAAV?$CStringT@DV?$StrTraitMFC@DV?$ChTraitsCRT@D@ATL@@@@@ATL@@@Z 00414a40 f   ErrorLog.obj
 0001:00013b40       ?GetProgPath@CErrorLog@@AAE?AV?$CStringT@DV?$StrTraitMFC@DV?$ChTraitsCRT@D@ATL@@@@@ATL@@XZ 00414b40 f   ErrorLog.obj
 0001:00013c60       ?GetFileName@CErrorLog@@QAE?AV?$CStringT@DV?$StrTraitMFC@DV?$ChTraitsCRT@D@ATL@@@@@ATL@@PBD@Z 00414c60 f   ErrorLog.obj
 0001:00013d50       ??_GCErrorLog@@UAEPAXI@Z   00414d50 f i ErrorLog.obj
 0001:00013d50       ??_ECErrorLog@@UAEPAXI@Z   00414d50 f i ErrorLog.obj
 0001:00013d80       ??Y?$CStringT@DV?$StrTraitMFC@DV?$ChTraitsCRT@D@ATL@@@@@ATL@@QAEAAV01@PBD@Z 00414d80 f i ErrorLog.obj
 0001:00013da0       ??Y?$CSimpleStringT@D$0A@@ATL@@QAEAAV01@PBD@Z 00414da0 f i ErrorLog.obj
 0001:00013dc0       ?Append@?$CSimpleStringT@D$0A@@ATL@@QAEXPBD@Z 00414dc0 f i ErrorLog.obj
 0001:00013df0       ?Append@?$CSimpleStringT@D$0A@@ATL@@QAEXPBDH@Z 00414df0 f i ErrorLog.obj
 0001:00013ee0       ?SeekToEnd@CFile@@QAE_KXZ  00414ee0 f i ErrorLog.obj
 0001:00013f00       ?SetFilePath@CFile@@UAEXPBD@Z 00414f00 f i ErrorLog.obj
 0001:00013f30       ?AfxGetApp@@YGPAVCWinApp@@XZ 00414f30 f i ErrorLog.obj
 0001:00013f40       ??0?$CStringT@DV?$StrTraitMFC@DV?$ChTraitsCRT@D@ATL@@@@@ATL@@QAE@ABV01@@Z 00414f40 f i ErrorLog.obj
 0001:00013f60       ??0?$CSimpleStringT@D$0A@@ATL@@QAE@ABV01@@Z 00414f60 f i ErrorLog.obj
 0001:00013fa0       ??0EVENT@@QAE@XZ           00414fa0 f   EVENT.obj
 0001:00014010       ??1EVENT@@UAE@XZ           00415010 f   EVENT.obj
 0001:00014070       ?LoadEvent@EVENT@@QAEHH@Z  00415070 f   EVENT.obj
 0001:00014800       ?Init@EVENT@@QAEXXZ        00415800 f   EVENT.obj
 0001:00014820       ?Parsing@EVENT@@QAEXPAD@Z  00415820 f   EVENT.obj
 0001:00014830       ?DeleteAll@EVENT@@QAEXXZ   00415830 f   EVENT.obj
 0001:000148c0       ??_GEVENT@@UAEPAXI@Z       004158c0 f i EVENT.obj
 0001:000148c0       ??_EEVENT@@UAEPAXI@Z       004158c0 f i EVENT.obj
 0001:000148f0       ??0?$CTypedPtrArray@VCPtrArray@@PAVEVENT_DATA@@@@QAE@XZ 004158f0 f i EVENT.obj
 0001:00014910       ??5CArchive@@QAEAAV0@AAE@Z 00415910 f i EVENT.obj
 0001:00014990       ?IsLoading@CArchive@@QBEHXZ 00415990 f i EVENT.obj
 0001:000149b0       ??0EVENT_DATA@@QAE@XZ      004159b0 f   EVENT_DATA.obj
 0001:00014a30       ??1EVENT_DATA@@UAE@XZ      00415a30 f   EVENT_DATA.obj
 0001:00014c20       ??_EEVENT_DATA@@UAEPAXI@Z  00415c20 f i EVENT_DATA.obj
 0001:00014c20       ??_GEVENT_DATA@@UAEPAXI@Z  00415c20 f i EVENT_DATA.obj
 0001:00014c50       ??0?$CTypedPtrArray@VCPtrArray@@PAVLOGIC@@@@QAE@XZ 00415c50 f i EVENT_DATA.obj
 0001:00014c70       ??0?$CTypedPtrArray@VCPtrArray@@PAVEXEC@@@@QAE@XZ 00415c70 f i EVENT_DATA.obj
 0001:00014c90       ??0?$CTypedPtrArray@VCPtrArray@@PAVLOGIC_ELSE@@@@QAE@XZ 00415c90 f i EVENT_DATA.obj
 0001:00014cb0       ??0CEventBlockingTable@@QAE@XZ 00415cb0 f   EventBlockingTable.obj
 0001:00014d50       ??1CEventBlockingTable@@UAE@XZ 00415d50 f   EventBlockingTable.obj
 0001:00014de0       ?CheckUserEvent@CEventBlockingTable@@QAEHHHHH@Z 00415de0 f   EventBlockingTable.obj
 0001:00015150       ??_GCEventBlockingTable@@UAEPAXI@Z 00416150 f i EventBlockingTable.obj
 0001:00015150       ??_ECEventBlockingTable@@UAEPAXI@Z 00416150 f i EventBlockingTable.obj
 0001:00015180       ??0?$CTypedPtrArray@VCPtrArray@@PAU_EVENT@@@@QAE@XZ 00416180 f i EventBlockingTable.obj
 0001:000151a0       ??0CEventItemNew@@QAE@XZ   004161a0 f   EventItemNew.obj
 0001:00015230       ??1CEventItemNew@@UAE@XZ   00416230 f   EventItemNew.obj
 0001:00015250       ??_ECEventItemNew@@UAEPAXI@Z 00416250 f i EventItemNew.obj
 0001:00015250       ??_GCEventItemNew@@UAEPAXI@Z 00416250 f i EventItemNew.obj
 0001:00015280       ??0CEventItemTable@@QAE@XZ 00416280 f   EventItemTable.obj
 0001:000152f0       ??1CEventItemTable@@UAE@XZ 004162f0 f   EventItemTable.obj
 0001:00015310       ??_GCEventItemTable@@UAEPAXI@Z 00416310 f i EventItemTable.obj
 0001:00015310       ??_ECEventItemTable@@UAEPAXI@Z 00416310 f i EventItemTable.obj
 0001:00015340       ?GetRuntimeClass@CEventItemTableSet@@UBEPAUCRuntimeClass@@XZ 00416340 f   EventItemTableSet.obj
 0001:00015350       ??0CEventItemTableSet@@QAE@PAVCDatabase@@@Z 00416350 f   EventItemTableSet.obj
 0001:00015420       ?GetDefaultConnect@CEventItemTableSet@@UAE?AV?$CStringT@DV?$StrTraitMFC@DV?$ChTraitsCRT@D@ATL@@@@@ATL@@XZ 00416420 f   EventItemTableSet.obj
 0001:00015450       ?GetDefaultSQL@CEventItemTableSet@@UAE?AV?$CStringT@DV?$StrTraitMFC@DV?$ChTraitsCRT@D@ATL@@@@@ATL@@XZ 00416450 f   EventItemTableSet.obj
 0001:00015480       ?DoFieldExchange@CEventItemTableSet@@UAEXPAVCFieldExchange@@@Z 00416480 f   EventItemTableSet.obj
 0001:00015530       ??0CEventZone@@QAE@XZ      00416530 f   EventZone.obj
 0001:00015600       ??1CEventZone@@UAE@XZ      00416600 f   EventZone.obj
 0001:00015670       ?GetEmptyEventZone@CEventZone@@QAEHXZ 00416670 f   EventZone.obj
 0001:000157e0       ?SingleInit@CEventZone@@QAEXXZ 004167e0 f   EventZone.obj
 0001:00015920       ?RemoveUserInEventZone@CEventZone@@QAEXH@Z 00416920 f   EventZone.obj
 0001:00015cd0       ?CheckSingleEventZoneWarEnd@CEventZone@@QAEXH@Z 00416cd0 f   EventZone.obj
 0001:00016000       ?CheckUserStateInEventZone@CEventZone@@QAEXH@Z 00417000 f   EventZone.obj
 0001:00016080       ??_ECEventZone@@UAEPAXI@Z  00417080 f i EventZone.obj
 0001:00016080       ??_GCEventZone@@UAEPAXI@Z  00417080 f i EventZone.obj
 0001:000160b0       ??0_EVENT_ZONE@@QAE@XZ     004170b0 f i EventZone.obj
 0001:000160d0       ??1_EVENT_ZONE@@QAE@XZ     004170d0 f i EventZone.obj
 0001:000160f0       ?GetCOM@CServerDlg@@QAEPAVCOM@@XZ 004170f0 f i EventZone.obj
 0001:00016110       ?Add@CWordArray@@QAEHG@Z   00417110 f i EventZone.obj
 0001:00016140       ??0EXEC@@QAE@XZ            00417140 f   EXEC.obj
 0001:00016160       ??1EXEC@@UAE@XZ            00417160 f   EXEC.obj
 0001:00016180       ?Parse@EXEC@@QAEXPAD@Z     00417180 f   EXEC.obj
 0001:0001aa90       ?Init@EXEC@@QAEXXZ         0041ba90 f   EXEC.obj
 0001:0001aad0       ??_EEXEC@@UAEPAXI@Z        0041bad0 f i EXEC.obj
 0001:0001aad0       ??_GEXEC@@UAEPAXI@Z        0041bad0 f i EXEC.obj
 0001:0001ab00       ?myrand@@YAHHHH@Z          0041bb00 f   global.obj
 0001:0001aba0       ?_DisplayErrorMsg@@YAXPAXPBDH@Z 0041bba0 f   global.obj
 0001:0001ac30       ?_ID@@YA?AV?$CStringT@DV?$StrTraitMFC@DV?$ChTraitsCRT@D@ATL@@@@@ATL@@G@Z 0041bc30 f   global.obj
 0001:0001acb0       ?_GetVarString@@YAHHPAD0AAH0H@Z 0041bcb0 f   global.obj
 0001:0001ad10       ?_GetVarLongString@@YAHHPAD0AAH0H@Z 0041bd10 f   global.obj
 0001:0001ad70       ?_GetString@@YAXPAD0HAAH0H@Z 0041bd70 f   global.obj
 0001:0001adf0       ?ParseSpace@@YAHPAD0@Z     0041bdf0 f   global.obj
 0001:0001aed0       ?ParseSpaceInUser@@YAHPAD0H@Z 0041bed0 f   global.obj
 0001:0001afc0       ?GetProgPath@@YA?AV?$CStringT@DV?$StrTraitMFC@DV?$ChTraitsCRT@D@ATL@@@@@ATL@@XZ 0041bfc0 f   global.obj
 0001:0001b0d0       ?ConvertToClient@@YA?AVCPoint@@HHHH@Z 0041c0d0 f   global.obj
 0001:0001b140       ?ConvertToServer@@YA?AVCPoint@@HHHH@Z 0041c140 f   global.obj
 0001:0001b220       ?XdY@@YAHHH@Z              0041c220 f   global.obj
 0001:0001b280       ?SpaceCopy@@YAXPADV?$CStringT@DV?$StrTraitMFC@DV?$ChTraitsCRT@D@ATL@@@@@ATL@@H@Z 0041c280 f   global.obj
 0001:0001b2f0       ?SpaceCopy@@YAXAAV?$CStringT@DV?$StrTraitMFC@DV?$ChTraitsCRT@D@ATL@@@@@ATL@@V12@H@Z 0041c2f0 f   global.obj
 0001:0001b3b0       ?CheckMaxValue@@YAXAAKK@Z  0041c3b0 f   global.obj
 0001:0001b3f0       ?CheckMaxValue@@YAXAAHH@Z  0041c3f0 f   global.obj
 0001:0001b430       ?CheckMaxValue@@YAXAAFF@Z  0041c430 f   global.obj
 0001:0001b480       ?CheckMaxValueReturn@@YAHAAKK@Z 0041c480 f   global.obj
 0001:0001b4b0       ?Left@?$CStringT@DV?$StrTraitMFC@DV?$ChTraitsCRT@D@ATL@@@@@ATL@@QBE?AV12@H@Z 0041c4b0 f i global.obj
 0001:0001b530       ??0?$CStringT@DV?$StrTraitMFC@DV?$ChTraitsCRT@D@ATL@@@@@ATL@@QAE@PBDHPAUIAtlStringMgr@1@@Z 0041c530 f i global.obj
 0001:0001b560       ??0?$CSimpleStringT@D$0A@@ATL@@QAE@PBDHPAUIAtlStringMgr@1@@Z 0041c560 f i global.obj
 0001:0001b600       ?GetByte@@YAEPADAAH@Z      0041c600 f i global.obj
 0001:0001b630       ?GetShort@@YAHPADAAH@Z     0041c630 f i global.obj
 0001:0001b650       ??Y?$CStringT@DV?$StrTraitMFC@DV?$ChTraitsCRT@D@ATL@@@@@ATL@@QAEAAV01@D@Z 0041c650 f i global.obj
 0001:0001b670       ??Y?$CSimpleStringT@D$0A@@ATL@@QAEAAV01@D@Z 0041c670 f i global.obj
 0001:0001b690       ?AppendChar@?$CSimpleStringT@D$0A@@ATL@@QAEXD@Z 0041c690 f i global.obj
 0001:0001b6e0       ??0CGuild@@QAE@XZ          0041c6e0 f   Guild.obj
 0001:0001b770       ??1CGuild@@UAE@XZ          0041c770 f   Guild.obj
 0001:0001b7a0       ?StrToGuildItem@CGuild@@QAEXPAD@Z 0041c7a0 f   Guild.obj
 0001:0001b970       ?GuildItemToStr@CGuild@@QAEXPAD@Z 0041c970 f   Guild.obj
 0001:0001bb20       ?strToGuildMap@CGuild@@QAEXPAD@Z 0041cb20 f   Guild.obj
 0001:0001bb70       ?GuildMapToStr@CGuild@@QAEXPAD@Z 0041cb70 f   Guild.obj
 0001:0001bbc0       ?GetUser@CGuild@@QAEHPAD@Z 0041cbc0 f   Guild.obj
 0001:0001bc50       ?RemoveUser@CGuild@@QAEHPAD@Z 0041cc50 f   Guild.obj
 0001:0001bd40       ?InitGuild@CGuild@@QAEXXZ  0041cd40 f   Guild.obj
 0001:0001beb0       ?AddUser@CGuild@@QAEHPADH@Z 0041ceb0 f   Guild.obj
 0001:0001bf60       ?SetSubGuildMaster@CGuild@@QAEXPAD@Z 0041cf60 f   Guild.obj
 0001:0001bfc0       ?RemoveSubGuildMaster@CGuild@@QAEXXZ 0041cfc0 f   Guild.obj
 0001:0001bff0       ?IsMasterPower@CGuild@@QAEHPAD@Z 0041cff0 f   Guild.obj
 0001:0001c0c0       ?CheckGuildSubMaster@CGuild@@QAEHXZ 0041d0c0 f   Guild.obj
 0001:0001c0f0       ??0ItemList@@QAE@XZ        0041d0f0 f i Guild.obj
 0001:0001c140       ??_GCGuild@@UAEPAXI@Z      0041d140 f i Guild.obj
 0001:0001c140       ??_ECGuild@@UAEPAXI@Z      0041d140 f i Guild.obj
 0001:0001c170       ??_H@YGXPAXIHP6EPAX0@Z@Z   0041d170 f i Guild.obj
 0001:0001c1a0       ?GetDWORD@@YAKPADAAH@Z     0041d1a0 f i Guild.obj
 0001:0001c1a0       ?GetInt@@YAHPADAAH@Z       0041d1a0 f i GuildFortress.obj
 0001:0001c1c0       ??0CGuildFortress@@QAE@XZ  0041d1c0 f   GuildFortress.obj
 0001:0001c520       ??1CGuildFortress@@UAE@XZ  0041d520 f   GuildFortress.obj
 0001:0001c5c0       ?StrToGuildAttList@CGuildFortress@@QAEXPADH@Z 0041d5c0 f   GuildFortress.obj
 0001:0001c700       ?StrGuildGuardList@CGuildFortress@@QAEXPAD@Z 0041d700 f   GuildFortress.obj
 0001:0001c750       ?GuildAttListToStr@CGuildFortress@@QAEXPAD@Z 0041d750 f   GuildFortress.obj
 0001:0001c7b0       ?GuildGuardListToStr@CGuildFortress@@QAEXPAD@Z 0041d7b0 f   GuildFortress.obj
 0001:0001c800       ?SetNpcToFortressWarBegin@CGuildFortress@@QAEXXZ 0041d800 f   GuildFortress.obj
 0001:0001c980       ?GetNpc@CGuildFortress@@QAEPAVCNpc@@H@Z 0041d980 f   GuildFortress.obj
 0001:0001c9c0       ?SetNpcToFortressWarEnd@CGuildFortress@@QAEXPAVCOM@@@Z 0041d9c0 f   GuildFortress.obj
 0001:0001cba0       ?FortressRepairListToStr@CGuildFortress@@QAEXPAD@Z 0041dba0 f   GuildFortress.obj
 0001:0001cc20       ?StrFortressRepairList@CGuildFortress@@QAEXAAVCByteArray@@@Z 0041dc20 f   GuildFortress.obj
 0001:0001cd10       ?InitMsgTime@CGuildFortress@@QAEXXZ 0041dd10 f   GuildFortress.obj
 0001:0001cdc0       ?UpdateInitFortress@CGuildFortress@@QAEXXZ 0041ddc0 f   GuildFortress.obj
 0001:0001cf10       ?InitMemFortress@CGuildFortress@@QAEXE@Z 0041df10 f   GuildFortress.obj
 0001:0001cff0       ?SetInitFortress@CGuildFortress@@QAEXXZ 0041dff0 f   GuildFortress.obj
 0001:0001d0b0       ?ApplyTaxToStore@CGuildFortress@@QAEXXZ 0041e0b0 f   GuildFortress.obj
 0001:0001d170       ?GetTotalCityValue@CGuildFortress@@QAEHXZ 0041e170 f   GuildFortress.obj
 0001:0001d290       ?AddGuildUserForFortressCityRank@CGuildFortress@@QAEXPADH@Z 0041e290 f   GuildFortress.obj
 0001:0001d350       ?SetNpcToFortressViolenceBegin@CGuildFortress@@QAEXXZ 0041e350 f   GuildFortress.obj
 0001:0001d3e0       ?SetNpcToFortressViolenceEnd@CGuildFortress@@QAEHPAVCOM@@@Z 0041e3e0 f   GuildFortress.obj
 0001:0001d4d0       ?SetInitFortressViolence@CGuildFortress@@QAEXXZ 0041e4d0 f   GuildFortress.obj
 0001:0001d590       ?GetOutof@CGuildFortress@@QAEXPAVCOM@@@Z 0041e590 f   GuildFortress.obj
 0001:0001d6b0       ??_GCGuildFortress@@UAEPAXI@Z 0041e6b0 f i GuildFortress.obj
 0001:0001d6b0       ??_ECGuildFortress@@UAEPAXI@Z 0041e6b0 f i GuildFortress.obj
 0001:0001d6e0       ?GetSize@CByteArray@@QBEHXZ 0041e6e0 f i GuildFortress.obj
 0001:0001d6e0       ?GetSize@?$CArray@HH@@QBEHXZ 0041e6e0 f i CELL.obj
 0001:0001d6e0       ?GetSize@?$CArray@VCPoint@@V1@@@QBEHXZ 0041e6e0 f i CELL.obj
 0001:0001d6e0       ?GetSize@CDWordArray@@QBEHXZ 0041e6e0 f i COM.obj
[...]
 0001:001585ca       __unwindfunclet$??0CHandleMap@@QAE@PAUCRuntimeClass@@P6GXPAVCObject@@@Z2IH@Z$1 005595ca f   nafxcw:winhand.obj
 0001:001585ca       __unwindfunclet$??1CHandleMap@@UAE@XZ$1 005595ca f   nafxcw:winhand.obj
 0001:001585d5       __unwindfunclet$??0CHandleMap@@QAE@PAUCRuntimeClass@@P6GXPAVCObject@@@Z2IH@Z$2 005595d5 f   nafxcw:winhand.obj
 0001:001585d5       __unwindfunclet$??1CHandleMap@@UAE@XZ$2 005595d5 f   nafxcw:winhand.obj
 0001:001585e0       __ehhandler$??1CHandleMap@@UAE@XZ 005595e0 f   nafxcw:winhand.obj
 0001:001585e0       __ehhandler$??0CHandleMap@@QAE@PAUCRuntimeClass@@P6GXPAVCObject@@@Z2IH@Z 005595e0 f   nafxcw:winhand.obj
 0001:001585fb       __unwindfunclet$?GetErrorMessage@CFileException@@UBEHPADIPAI@Z$0 005595fb f   nafxcw:filex.obj
 0001:00158603       __unwindfunclet$?GetErrorMessage@CFileException@@UBEHPADIPAI@Z$1 00559603 f   nafxcw:filex.obj
 0001:0015860b       __ehhandler$?GetErrorMessage@CFileException@@UBEHPADIPAI@Z 0055960b f   nafxcw:filex.obj
 0001:00158626       __unwindfunclet$??0?$CStringT@DV?$StrTraitMFC@DV?$ChTraitsCRT@D@ATL@@@@@ATL@@QAE@PBDPAUIAtlStringMgr@1@@Z$0 00559626 f   nafxcw:appterm.obj
 0001:0015862e       __ehhandler$??0?$CStringT@DV?$StrTraitMFC@DV?$ChTraitsCRT@D@ATL@@@@@ATL@@QAE@PBDPAUIAtlStringMgr@1@@Z 0055962e f   nafxcw:appterm.obj
 0001:00158649       __unwindfunclet$?AfxUnregisterWndClasses@@YGXXZ$0 00559649 f   nafxcw:appterm.obj
 0001:00158651       __unwindfunclet$?AfxUnregisterWndClasses@@YGXXZ$1 00559651 f   nafxcw:appterm.obj
 0001:00158659       __ehhandler$?AfxUnregisterWndClasses@@YGXXZ 00559659 f   nafxcw:appterm.obj
 0001:00158674       __ehhandler$?CallUnexpected@@YAXPBU_s_ESTypeList@@@Z 00559674 f   libcmt:frame.obj
 0001:0015868f       __unwindfunclet$?_Xran@_String_base@std@@SAXXZ$0 0055968f f   libcpmt:string.obj
 0001:0015868f       __unwindfunclet$?_Xlen@_String_base@std@@SAXXZ$0 0055968f f   libcpmt:string.obj
 0001:00158697       __ehhandler$?_Xran@_String_base@std@@SAXXZ 00559697 f   libcpmt:string.obj
 0001:00158697       __ehhandler$?_Xlen@_String_base@std@@SAXXZ 00559697 f   libcpmt:string.obj
 0001:001586c0       ??__EUserTopName@@YAXXZ    005596c0 f   COM.obj
 0001:001586e0       ??__Eg_QuestEventZone@@YAXXZ 005596e0 f   COM.obj
 0001:00158700       ??__Eg_dwLastTimeCount@@YAXXZ 00559700 f   NpcThread.obj
 0001:00158710       ??__Eg_dwCurrTimeCount@@YAXXZ 00559710 f   NpcThread.obj
 0001:00158720       ??__EtheApp@@YAXXZ         00559720 f   Server.obj
 0001:00158740       ??__Eg_DB@@YAXXZ           00559740 f   ServerDlg.obj
 0001:00158770       ??__Eg_DBSession@@YAXXZ    00559770 f   ServerDlg.obj
 0001:001587a0       ??__Eg_DBNew@@YAXXZ        005597a0 f   ServerDlg.obj
 0001:001587d0       ??__Eg_arSharedMemory@@YAXXZ 005597d0 f   ServerDlg.obj
 0001:001587f0       ??__Eg_arStoreSharedMemory@@YAXXZ 005597f0 f   ServerDlg.obj
 0001:00158810       ??__Eg_arFortressSharedMemory@@YAXXZ 00559810 f   ServerDlg.obj
 0001:00158830       ??__Eg_arGuildHouseSharedMemory@@YAXXZ 00559830 f   ServerDlg.obj
 0001:00158850       ??__Eg_MailAgentQueue@@YAXXZ 00559850 f   ServerDlg.obj
 0001:00158870       ??__Eg_DBItemArray@@YAXXZ  00559870 f   ServerDlg.obj
 0001:00158890       ??__Ef_Markini@@YAXXZ      00559890 f   ServerDlg.obj
 0001:001588b0       ??__EGM_Markini@@YAXXZ     005598b0 f   ServerDlg.obj
 0001:001588d0       ??__Eg_server@@YAXXZ       005598d0 f   ServerDlg.obj
 0001:001588f0       ??__Eg_zone@@YAXXZ         005598f0 f   ServerDlg.obj
 0001:00158910       ??__Eg_zonesize@@YAXXZ     00559910 f   ServerDlg.obj
 0001:00158930       ??__Eg_cell@@YAXXZ         00559930 f   ServerDlg.obj
 0001:00158950       ??__Eg_event@@YAXXZ        00559950 f   ServerDlg.obj
 0001:00158970       ??__Eg_arNpcTable@@YAXXZ   00559970 f   ServerDlg.obj
 0001:00158990       ??__Eg_arCityNpcTable@@YAXXZ 00559990 f   ServerDlg.obj
 0001:001589b0       ??__Eg_arNpcThread@@YAXXZ  005599b0 f   ServerDlg.obj
 0001:001589d0       ??__Eg_NpcItem@@YAXXZ      005599d0 f   ServerDlg.obj
 0001:001589f0       ??__Eg_arItemTable@@YAXXZ  005599f0 f   ServerDlg.obj
 0001:00158a10       ??__Eg_arSkillTable@@YAXXZ 00559a10 f   ServerDlg.obj
 0001:00158a30       ??__Eg_arPsiTable@@YAXXZ   00559a30 f   ServerDlg.obj
 0001:00158a50       ??__Eg_arLevelUpTable@@YAXXZ 00559a50 f   ServerDlg.obj
 0001:00158a70       ??__Eg_arPAMAExp@@YAXXZ    00559a70 f   ServerDlg.obj
 0001:00158a90       ??__Eg_arStore@@YAXXZ      00559a90 f   ServerDlg.obj
 0001:00158ab0       ??__Eg_arPsiStore@@YAXXZ   00559ab0 f   ServerDlg.obj
 0001:00158ad0       ??__Eg_arEBodyStore@@YAXXZ 00559ad0 f   ServerDlg.obj
 0001:00158af0       ??__Eg_arNpcChat@@YAXXZ    00559af0 f   ServerDlg.obj
 0001:00158b10       ??__Eg_ErrorLog@@YAXXZ     00559b10 f   ServerDlg.obj
 0001:00158b30       ??__Eg_WeatherZone@@YAXXZ  00559b30 f   ServerDlg.obj
 0001:00158b50       ??__Eg_TownPotal@@YAXXZ    00559b50 f   ServerDlg.obj
 0001:00158b70       ??__Eg_RandomTownPotal@@YAXXZ 00559b70 f   ServerDlg.obj
 0001:00158b90       ??__Eg_arInitItem@@YAXXZ   00559b90 f   ServerDlg.obj
 0001:00158bb0       ??__Eg_arMagicItemTable@@YAXXZ 00559bb0 f   ServerDlg.obj
 0001:00158bd0       ??__Eg_arAccessoriUpTable@@YAXXZ 00559bd0 f   ServerDlg.obj
 0001:00158bf0       ??__Eg_Ripel@@YAXXZ        00559bf0 f   ServerDlg.obj
 0001:00158c10       ??__Eg_arRemodelingTable1@@YAXXZ 00559c10 f   ServerDlg.obj
 0001:00158c30       ??__Eg_arRemodelingTable2@@YAXXZ 00559c30 f   ServerDlg.obj
 0001:00158c50       ??__Eg_arRemodelingTable3@@YAXXZ 00559c50 f   ServerDlg.obj
 0001:00158c70       ??__Eg_arRemodelingRandomIndex1@@YAXXZ 00559c70 f   ServerDlg.obj
 0001:00158c90       ??__Eg_arRemodelingRandomIndex2@@YAXXZ 00559c90 f   ServerDlg.obj
 0001:00158cb0       ??__Eg_arRemodelingRandomIndex3@@YAXXZ 00559cb0 f   ServerDlg.obj
 0001:00158cd0       ??__Eg_arBoxEventTable@@YAXXZ 00559cd0 f   ServerDlg.obj
 0001:00158cf0       ??__Eg_arSummonTable@@YAXXZ 00559cf0 f   ServerDlg.obj
 0001:00158d10       ??__Eg_arNpc@@YAXXZ        00559d10 f   ServerDlg.obj
 0001:00158d30       ??__Eg_arRecoverTable@@YAXXZ 00559d30 f   ServerDlg.obj
 0001:00158d50       ??__Eg_arRecoverRateTable@@YAXXZ 00559d50 f   ServerDlg.obj
 0001:00158d70       ??__Eg_arDNTable@@YAXXZ    00559d70 f   ServerDlg.obj
 0001:00158d90       ??__Eg_ValItem@@YAXXZ      00559d90 f   ServerDlg.obj
 0001:00158db0       ??__Eg_arEventNpcThread@@YAXXZ 00559db0 f   ServerDlg.obj
 0001:00158dd0       ??__Eg_arGuildData@@YAXXZ  00559dd0 f   ServerDlg.obj
 0001:00158df0       ??__Eg_arGuildUser@@YAXXZ  00559df0 f   ServerDlg.obj
 0001:00158e10       ??__Eg_arEBodyTable@@YAXXZ 00559e10 f   ServerDlg.obj
 0001:00158e30       ??__Eg_arEBodyUpgradeTable@@YAXXZ 00559e30 f   ServerDlg.obj
 0001:00158e50       ??__Eg_arEBodyIdentifyTable@@YAXXZ 00559e50 f   ServerDlg.obj
 0001:00158e70       ??__Eg_arOnlineShopTable@@YAXXZ 00559e70 f   ServerDlg.obj
 0001:00158e90       ??__Eg_arVIPPayTable@@YAXXZ 00559e90 f   ServerDlg.obj
 0001:00158eb0       ??__Eg_arMarkPayTable@@YAXXZ 00559eb0 f   ServerDlg.obj
 0001:00158ed0       ??__Eg_arMarkGonggaoTable@@YAXXZ 00559ed0 f   ServerDlg.obj
 0001:00158ef0       ??__Eg_arMarkChouJiangTable@@YAXXZ 00559ef0 f   ServerDlg.obj
 0001:00158f10       ??__Eg_arMapTable@@YAXXZ   00559f10 f   ServerDlg.obj
 0001:00158f30       ??__Eg_arGuildHouseWar@@YAXXZ 00559f30 f   ServerDlg.obj
 0001:00158f50       ??__Eg_arVirtualRoom@@YAXXZ 00559f50 f   ServerDlg.obj
 0001:00158f70       ??__Eg_arGuildHouse@@YAXXZ 00559f70 f   ServerDlg.obj
 0001:00158f90       ??__Eg_arUserLevel@@YAXXZ  00559f90 f   ServerDlg.obj
 0001:00158fb0       ??__Eg_arEventItemTable@@YAXXZ 00559fb0 f   ServerDlg.obj
 0001:00158fd0       ??__Eg_arAddEventItemTable@@YAXXZ 00559fd0 f   ServerDlg.obj
 0001:00158ff0       ??__Eg_arEventItemNew@@YAXXZ 00559ff0 f   ServerDlg.obj
 0001:00159010       ??__Eg_arNpcSayEventTable@@YAXXZ 0055a010 f   ServerDlg.obj
 0001:00159030       ??__Eg_arGuildFortress@@YAXXZ 0055a030 f   ServerDlg.obj
 0001:00159050       ??__Eg_arMonsterPsi@@YAXXZ 0055a050 f   ServerDlg.obj
 0001:00159070       ??__Eg_arDressingData@@YAXXZ 0055a070 f   ServerDlg.obj
 0001:00159090       ??__Eg_arMyServer@@YAXXZ   0055a090 f   ServerDlg.obj
 0001:001590b0       ??__Eg_RR@@YAXXZ           0055a0b0 f   ServerDlg.obj
 0001:001590d0       ??__Eg_strARKRRWinner@@YAXXZ 0055a0d0 f   ServerDlg.obj
 0001:001590f0       ??__Eg_fpSpeedHack@@YAXXZ  0055a0f0 f   ServerDlg.obj
 0001:00159110       ??__Eg_fpShuaWuPin@@YAXXZ  0055a110 f   ServerDlg.obj
 0001:00159130       ??__Eg_fpMarkDeBug@@YAXXZ  0055a130 f   ServerDlg.obj
 0001:00159150       ??__Eg_fpMarkShiQuLog@@YAXXZ 0055a150 f   ServerDlg.obj
 0001:00159170       ??__Eg_fpBackServer@@YAXXZ 0055a170 f   ServerDlg.obj
 0001:00159190       ??__Eg_fpGuildHouseRank@@YAXXZ 0055a190 f   ServerDlg.obj
 0001:001591b0       ??__Eg_fpEventItem@@YAXXZ  0055a1b0 f   ServerDlg.obj
 0001:001591d0       ??__ERecvLoginData@@YAXXZ  0055a1d0 f   ServerDlg2.obj
 0001:001591f0       ??__ERecvLogoutData@@YAXXZ 0055a1f0 f   ServerDlg2.obj
 0001:00159210       ??__ERecvSqlData@@YAXXZ    0055a210 f   ServerDlg2.obj
 0001:00159230       ??__ERecvFortressData@@YAXXZ 0055a230 f   ServerDlg2.obj
 0001:00159250       ??__Em_Gongji_Message@@YAXXZ 0055a250 f   ServerDlg2.obj
 0001:00159270       ??__EinstanceData@@YAXXZ   0055a270 f   sinstance.obj
 0001:0015928c       ??__E_init_CWordArray@@YAXXZ 0055a28c f   nafxcw:array_w.obj
 0001:00159297       ??__E_afxDbState@@YAXXZ    0055a297 f   nafxcw:dbcore.obj
 0001:001592a3       ??__E_simpleMemoryException@@YAXXZ 0055a2a3 f   nafxcw:except.obj
 0001:001592af       ??__E_simpleNotSupportedException@@YAXXZ 0055a2af f   nafxcw:except.obj
 0001:001592bb       ??__E_simpleInvalidArgException@@YAXXZ 0055a2bb f   nafxcw:except.obj
 0001:001592c7       ??__EafxStringManager@@YAXXZ 0055a2c7 f   nafxcw:strcore.obj
 0001:001592d1       ??__E_init_CDWordArray@@YAXXZ 0055a2d1 f   nafxcw:array_d.obj
 0001:001592dc       ??__E_init_CObList@@YAXXZ  0055a2dc f   nafxcw:list_o.obj
 0001:001592e7       ??__E_afxThreadState@@YAXXZ 0055a2e7 f   nafxcw:afxstate.obj
 0001:001592f3       ??__E_afxBaseModuleState@@YAXXZ 0055a2f3 f   nafxcw:afxstate.obj
 0001:001592ff       ??__E_init_CByteArray@@YAXXZ 0055a2ff f   nafxcw:array_b.obj
 0001:0015930a       ??__E_afxHtmlHelpState@@YAXXZ 0055a30a f   nafxcw:wincore.obj
 0001:00159316       ??__E?m_nMsgDragList@CWnd@@1IB@@YAXXZ 0055a316 f   nafxcw:wincore.obj
 0001:00159327       ??__E?wndTop@CWnd@@2V1@B@@YAXXZ 0055a327 f   nafxcw:wincore.obj
 0001:0015938f       ??__E?wndBottom@CWnd@@2V1@B@@YAXXZ 0055a38f f   nafxcw:wincore.obj
 0001:001593fc       ??__E?wndTopMost@CWnd@@2V1@B@@YAXXZ 0055a3fc f   nafxcw:wincore.obj
 0001:00159466       ??__E?wndNoTopMost@CWnd@@2V1@B@@YAXXZ 0055a466 f   nafxcw:wincore.obj
 0001:001594d3       ??__E_simpleResourceException@@YAXXZ 0055a4d3 f   nafxcw:wingdi.obj
 0001:0015950d       ??__E_simpleUserException@@YAXXZ 0055a50d f   nafxcw:wingdi.obj
 0001:00159547       ??__EafxData@@YAXXZ        0055a547 f   nafxcw:auxdata.obj
 0001:0015955d       ??__E_afxDBCS@@YAXXZ       0055a55d f   nafxcw:afxdbcs.obj
 0001:00159568       ??__E_init_CObArray@@YAXXZ 0055a568 f   nafxcw:array_o.obj
 0001:00159573       ??__E_AtlBaseModule@ATL@@YAXXZ 0055a573 f   atls:atlbase.obj
 0001:00159589       ??__E_afxInitAppState@@YAXXZ 0055a589 f   nafxcw:appmodul.obj
 0001:001595b0       ??__FUserTopName@@YAXXZ    0055a5b0 f   COM.obj
 0001:001595c0       ??__Fg_QuestEventZone@@YAXXZ 0055a5c0 f   COM.obj
 0001:001595d0       ??__FszMsg@?1??GetSysErrorText@CErrorLog@@QAE?AV?$CStringT@DV?$StrTraitMFC@DV?$ChTraitsCRT@D@ATL@@@@@ATL@@K@Z@YAXXZ 0055a5d0 f   ErrorLog.obj
 0001:001595e0       ??__FtheApp@@YAXXZ         0055a5e0 f   Server.obj
 0001:001595f0       ??__Fg_DB@@YAXXZ           0055a5f0 f   ServerDlg.obj
 0001:00159610       ??__Fg_DBSession@@YAXXZ    0055a610 f   ServerDlg.obj
 0001:00159630       ??__Fg_DBNew@@YAXXZ        0055a630 f   ServerDlg.obj
 0001:00159650       ??__Fg_arSharedMemory@@YAXXZ 0055a650 f   ServerDlg.obj
 0001:00159660       ??__Fg_arStoreSharedMemory@@YAXXZ 0055a660 f   ServerDlg.obj
 0001:00159670       ??__Fg_arFortressSharedMemory@@YAXXZ 0055a670 f   ServerDlg.obj
 0001:00159680       ??__Fg_arGuildHouseSharedMemory@@YAXXZ 0055a680 f   ServerDlg.obj
 0001:00159690       ??__Fg_MailAgentQueue@@YAXXZ 0055a690 f   ServerDlg.obj
 0001:001596a0       ??__Fg_DBItemArray@@YAXXZ  0055a6a0 f   ServerDlg.obj
 0001:001596b0       ??__Ff_Markini@@YAXXZ      0055a6b0 f   ServerDlg.obj
 0001:001596c0       ??__FGM_Markini@@YAXXZ     0055a6c0 f   ServerDlg.obj
 0001:001596d0       ??__Fg_server@@YAXXZ       0055a6d0 f   ServerDlg.obj
 0001:001596e0       ??__Fg_zone@@YAXXZ         0055a6e0 f   ServerDlg.obj
 0001:001596f0       ??__Fg_zonesize@@YAXXZ     0055a6f0 f   ServerDlg.obj
 0001:00159700       ??__Fg_cell@@YAXXZ         0055a700 f   ServerDlg.obj
 0001:00159710       ??__Fg_event@@YAXXZ        0055a710 f   ServerDlg.obj
 0001:00159720       ??__Fg_arNpcTable@@YAXXZ   0055a720 f   ServerDlg.obj
 0001:00159730       ??__Fg_arCityNpcTable@@YAXXZ 0055a730 f   ServerDlg.obj
 0001:00159740       ??__Fg_arNpcThread@@YAXXZ  0055a740 f   ServerDlg.obj
 0001:00159750       ??__Fg_NpcItem@@YAXXZ      0055a750 f   ServerDlg.obj
 0001:00159760       ??__Fg_arItemTable@@YAXXZ  0055a760 f   ServerDlg.obj
 0001:00159770       ??__Fg_arSkillTable@@YAXXZ 0055a770 f   ServerDlg.obj
 0001:00159780       ??__Fg_arPsiTable@@YAXXZ   0055a780 f   ServerDlg.obj
 0001:00159790       ??__Fg_arLevelUpTable@@YAXXZ 0055a790 f   ServerDlg.obj
 0001:001597a0       ??__Fg_arPAMAExp@@YAXXZ    0055a7a0 f   ServerDlg.obj
 0001:001597b0       ??__Fg_arStore@@YAXXZ      0055a7b0 f   ServerDlg.obj
 0001:001597c0       ??__Fg_arPsiStore@@YAXXZ   0055a7c0 f   ServerDlg.obj
 0001:001597d0       ??__Fg_arEBodyStore@@YAXXZ 0055a7d0 f   ServerDlg.obj
 0001:001597e0       ??__Fg_arNpcChat@@YAXXZ    0055a7e0 f   ServerDlg.obj
 0001:001597f0       ??__Fg_ErrorLog@@YAXXZ     0055a7f0 f   ServerDlg.obj
 0001:00159800       ??__Fg_WeatherZone@@YAXXZ  0055a800 f   ServerDlg.obj
 0001:00159810       ??__Fg_TownPotal@@YAXXZ    0055a810 f   ServerDlg.obj
 0001:00159820       ??__Fg_RandomTownPotal@@YAXXZ 0055a820 f   ServerDlg.obj
 0001:00159830       ??__Fg_arInitItem@@YAXXZ   0055a830 f   ServerDlg.obj
 0001:00159840       ??__Fg_arMagicItemTable@@YAXXZ 0055a840 f   ServerDlg.obj
 0001:00159850       ??__Fg_arAccessoriUpTable@@YAXXZ 0055a850 f   ServerDlg.obj
 0001:00159860       ??__Fg_Ripel@@YAXXZ        0055a860 f   ServerDlg.obj
 0001:00159870       ??__Fg_arRemodelingTable1@@YAXXZ 0055a870 f   ServerDlg.obj
 0001:00159880       ??__Fg_arRemodelingTable2@@YAXXZ 0055a880 f   ServerDlg.obj
 0001:00159890       ??__Fg_arRemodelingTable3@@YAXXZ 0055a890 f   ServerDlg.obj
 0001:001598a0       ??__Fg_arRemodelingRandomIndex1@@YAXXZ 0055a8a0 f   ServerDlg.obj
 0001:001598b0       ??__Fg_arRemodelingRandomIndex2@@YAXXZ 0055a8b0 f   ServerDlg.obj
 0001:001598c0       ??__Fg_arRemodelingRandomIndex3@@YAXXZ 0055a8c0 f   ServerDlg.obj
 0001:001598d0       ??__Fg_arBoxEventTable@@YAXXZ 0055a8d0 f   ServerDlg.obj
 0001:001598e0       ??__Fg_arSummonTable@@YAXXZ 0055a8e0 f   ServerDlg.obj
 0001:001598f0       ??__Fg_arNpc@@YAXXZ        0055a8f0 f   ServerDlg.obj
 0001:00159900       ??__Fg_arRecoverTable@@YAXXZ 0055a900 f   ServerDlg.obj
 0001:00159910       ??__Fg_arRecoverRateTable@@YAXXZ 0055a910 f   ServerDlg.obj
 0001:00159920       ??__Fg_arDNTable@@YAXXZ    0055a920 f   ServerDlg.obj
 0001:00159930       ??__Fg_ValItem@@YAXXZ      0055a930 f   ServerDlg.obj
 0001:00159940       ??__Fg_arEventNpcThread@@YAXXZ 0055a940 f   ServerDlg.obj
 0001:00159950       ??__Fg_arGuildData@@YAXXZ  0055a950 f   ServerDlg.obj
 0001:00159960       ??__Fg_arGuildUser@@YAXXZ  0055a960 f   ServerDlg.obj
 0001:00159970       ??__Fg_arEBodyTable@@YAXXZ 0055a970 f   ServerDlg.obj
 0001:00159980       ??__Fg_arEBodyUpgradeTable@@YAXXZ 0055a980 f   ServerDlg.obj
 0001:00159990       ??__Fg_arEBodyIdentifyTable@@YAXXZ 0055a990 f   ServerDlg.obj
 0001:001599a0       ??__Fg_arOnlineShopTable@@YAXXZ 0055a9a0 f   ServerDlg.obj
 0001:001599b0       ??__Fg_arVIPPayTable@@YAXXZ 0055a9b0 f   ServerDlg.obj
 0001:001599c0       ??__Fg_arMarkPayTable@@YAXXZ 0055a9c0 f   ServerDlg.obj
 0001:001599d0       ??__Fg_arMarkGonggaoTable@@YAXXZ 0055a9d0 f   ServerDlg.obj
 0001:001599e0       ??__Fg_arMarkChouJiangTable@@YAXXZ 0055a9e0 f   ServerDlg.obj
 0001:001599f0       ??__Fg_arMapTable@@YAXXZ   0055a9f0 f   ServerDlg.obj
 0001:00159a00       ??__Fg_arGuildHouseWar@@YAXXZ 0055aa00 f   ServerDlg.obj
 0001:00159a10       ??__Fg_arVirtualRoom@@YAXXZ 0055aa10 f   ServerDlg.obj
 0001:00159a20       ??__Fg_arGuildHouse@@YAXXZ 0055aa20 f   ServerDlg.obj
 0001:00159a30       ??__Fg_arUserLevel@@YAXXZ  0055aa30 f   ServerDlg.obj
 0001:00159a40       ??__Fg_arEventItemTable@@YAXXZ 0055aa40 f   ServerDlg.obj
 0001:00159a50       ??__Fg_arAddEventItemTable@@YAXXZ 0055aa50 f   ServerDlg.obj
 0001:00159a60       ??__Fg_arEventItemNew@@YAXXZ 0055aa60 f   ServerDlg.obj
 0001:00159a70       ??__Fg_arNpcSayEventTable@@YAXXZ 0055aa70 f   ServerDlg.obj
 0001:00159a80       ??__Fg_arGuildFortress@@YAXXZ 0055aa80 f   ServerDlg.obj
 0001:00159a90       ??__Fg_arMonsterPsi@@YAXXZ 0055aa90 f   ServerDlg.obj
 0001:00159aa0       ??__Fg_arDressingData@@YAXXZ 0055aaa0 f   ServerDlg.obj
 0001:00159ab0       ??__Fg_arMyServer@@YAXXZ   0055aab0 f   ServerDlg.obj
 0001:00159ac0       ??__Fg_RR@@YAXXZ           0055aac0 f   ServerDlg.obj
 0001:00159ad0       ??__Fg_strARKRRWinner@@YAXXZ 0055aad0 f   ServerDlg.obj
 0001:00159ae0       ??__Fg_fpSpeedHack@@YAXXZ  0055aae0 f   ServerDlg.obj
 0001:00159af0       ??__Fg_fpShuaWuPin@@YAXXZ  0055aaf0 f   ServerDlg.obj
 0001:00159b00       ??__Fg_fpMarkDeBug@@YAXXZ  0055ab00 f   ServerDlg.obj
 0001:00159b10       ??__Fg_fpMarkShiQuLog@@YAXXZ 0055ab10 f   ServerDlg.obj
 0001:00159b20       ??__Fg_fpBackServer@@YAXXZ 0055ab20 f   ServerDlg.obj
 0001:00159b30       ??__Fg_fpGuildHouseRank@@YAXXZ 0055ab30 f   ServerDlg.obj
 0001:00159b40       ??__Fg_fpEventItem@@YAXXZ  0055ab40 f   ServerDlg.obj
 0001:00159b50       ??__FRecvLoginData@@YAXXZ  0055ab50 f   ServerDlg2.obj
 0001:00159b60       ??__FRecvLogoutData@@YAXXZ 0055ab60 f   ServerDlg2.obj
 0001:00159b70       ??__FRecvSqlData@@YAXXZ    0055ab70 f   ServerDlg2.obj
 0001:00159b80       ??__FRecvFortressData@@YAXXZ 0055ab80 f   ServerDlg2.obj
 0001:00159b90       ??__Fm_Gongji_Message@@YAXXZ 0055ab90 f   ServerDlg2.obj
 0001:00159ba0       ??__FinstanceData@@YAXXZ   0055aba0 f   sinstance.obj
 0001:00159baf       ??__F_afxDbState@@YAXXZ    0055abaf f   nafxcw:dbcore.obj
 0001:00159bb9       ??__F_simpleMemoryException@@YAXXZ 0055abb9 f   nafxcw:except.obj
 0001:00159bc4       ??__F_simpleNotSupportedException@@YAXXZ 0055abc4 f   nafxcw:except.obj
 0001:00159bcf       ??__F_simpleInvalidArgException@@YAXXZ 0055abcf f   nafxcw:except.obj
 0001:00159bda       ??__F_afxThreadState@@YAXXZ 0055abda f   nafxcw:afxstate.obj
 0001:00159be4       ??__F_afxBaseModuleState@@YAXXZ 0055abe4 f   nafxcw:afxstate.obj
 0001:00159bee       ??__F_afxHtmlHelpState@@YAXXZ 0055abee f   nafxcw:wincore.obj
 0001:00159bf8       ??__F?wndTop@CWnd@@2V1@B@@YAXXZ 0055abf8 f   nafxcw:wincore.obj
 0001:00159c02       ??__F?wndBottom@CWnd@@2V1@B@@YAXXZ 0055ac02 f   nafxcw:wincore.obj
 0001:00159c0c       ??__F?wndTopMost@CWnd@@2V1@B@@YAXXZ 0055ac0c f   nafxcw:wincore.obj
 0001:00159c16       ??__F?wndNoTopMost@CWnd@@2V1@B@@YAXXZ 0055ac16 f   nafxcw:wincore.obj
 0001:00159c20       ??__F_simpleResourceException@@YAXXZ 0055ac20 f   nafxcw:wingdi.obj
 0001:00159c2b       ??__F_simpleUserException@@YAXXZ 0055ac2b f   nafxcw:wingdi.obj
 0001:00159c36       ??__FafxData@@YAXXZ        0055ac36 f   nafxcw:auxdata.obj
 0001:00159c40       ??__F_AtlBaseModule@ATL@@YAXXZ 0055ac40 f   atls:atlbase.obj
