 Server

 Timestamp is 697d645b (Sat Jan 31 10:09:31 2026)

 Preferred load address is 00400000

 Start         Length     Name                   Class
 0001:00000000 0014fcd2H .text                   CODE
 0001:0014fce0 000089e2H .text$x                 CODE
 0001:001586d0 00000ee6H .text$yc                CODE
 0001:001595c0 0000069aH .text$yd                CODE
 0002:00000000 000005f0H .idata$5                DATA
 0002:000005f0 00000004H .CRT$XCA                DATA
 0002:000005f4 0000000cH .CRT$XCC                DATA
 0002:00000600 0000000cH .CRT$XCL                DATA
 0002:0000060c 000001c0H .CRT$XCU                DATA
 0002:000007cc 00000004H .CRT$XCZ                DATA
 0002:000007d0 00000004H .CRT$XIA                DATA
 0002:000007d4 00000014H .CRT$XIC                DATA
 0002:000007e8 00000004H .CRT$XIY                DATA
 0002:000007ec 00000004H .CRT$XIZ                DATA
 0002:000007f0 00000004H .CRT$XPA                DATA
 0002:000007f4 00000004H .CRT$XPX                DATA
 0002:000007f8 00000004H .CRT$XPXA               DATA
 0002:000007fc 00000004H .CRT$XPZ                DATA
 0002:00000800 00000004H .CRT$XTA                DATA
 0002:00000804 00000004H .CRT$XTZ                DATA
 0002:00000810 0001377bH .rdata                  DATA
 0002:00013f8c 000050c8H .rdata$r                DATA
 0002:00019054 00000004H .rtc$IAA                DATA
 0002:00019058 00000004H .rtc$IZZ                DATA
 0002:0001905c 00000004H .rtc$TAA                DATA
 0002:00019060 00000004H .rtc$TZZ                DATA
 0002:00019068 0000afd4H .xdata$x                DATA
 0002:0002403c 00000000H ATL$__a                 DATA
 0002:0002403c 00000000H ATL$__z                 DATA
 0002:0002403c 00000020H .didat$2                DATA
 0002:0002405c 00000020H .didat$3                DATA
 0002:0002407c 0000000cH .didat$4                DATA
 0002:00024088 00000030H .didat$6                DATA
 0002:000240b8 0000000cH .didat$7                DATA
 0002:000240c4 000000c8H .idata$2                DATA
 0002:0002418c 00000014H .idata$3                DATA
 0002:000241a0 000005f0H .idata$4                DATA
 0002:00024790 000015ceH .idata$6                DATA
 0002:00025d5e 00000000H .edata                  DATA
 0003:00000000 00005f6fH .data                   DATA
 0003:00005f70 0000000cH .didat$5                DATA
 0003:00005f80 01244720H .bss                    DATA
 0004:00000000 00000fd0H .rsrc$01                DATA
 0004:00000fd0 00012cf0H .rsrc$02                DATA

  Address         Publics by Value              Rva+Base       Lib:Object

 0000:00000000       ___safe_se_handler_count   00000000     <absolute>
 0000:00000000       __except_list              00000000     <absolute>
 0000:00000000       ___safe_se_handler_table   00000000     <absolute>
 0000:00000000       ___ImageBase               00400000     <linker-defined>
 0001:00000000       ??0CRipel@@QAE@XZ          00401000 f   AccessoriUpTable.obj
 0001:00000090       ??1CRipel@@QAE@XZ          00401090 f   AccessoriUpTable.obj
 0001:00000150       ??0CAccessoriUpTable@@QAE@XZ 00401150 f   AccessoriUpTable.obj
 0001:00000170       ??1CAccessoriUpTable@@UAE@XZ 00401170 f   AccessoriUpTable.obj
 0001:00000190       ??_ECAccessoriUpTable@@UAEPAXI@Z 00401190 f i AccessoriUpTable.obj
 0001:00000190       ??_GCAccessoriUpTable@@UAEPAXI@Z 00401190 f i AccessoriUpTable.obj
 0001:000001c0       ?RemoveAll@CWordArray@@QAEXXZ 004011c0 f i AccessoriUpTable.obj
 0001:000001e0       ?GetRuntimeClass@CAccessoriUpTableSet@@UBEPAUCRuntimeClass@@XZ 004011e0 f   AccessoriUpTableSet.obj
 0001:000001f0       ??0CAccessoriUpTableSet@@QAE@PAVCDatabase@@@Z 004011f0 f   AccessoriUpTableSet.obj
 0001:000002c0       ?GetDefaultConnect@CAccessoriUpTableSet@@UAE?AV?$CStringT@DV?$StrTraitMFC@DV?$ChTraitsCRT@D@ATL@@@@@ATL@@XZ 004012c0 f   AccessoriUpTableSet.obj
 0001:000002f0       ?GetDefaultSQL@CAccessoriUpTableSet@@UAE?AV?$CStringT@DV?$StrTraitMFC@DV?$ChTraitsCRT@D@ATL@@@@@ATL@@XZ 004012f0 f   AccessoriUpTableSet.obj
 0001:00000320       ?DoFieldExchange@CAccessoriUpTableSet@@UAEXPAVCFieldExchange@@@Z 00401320 f   AccessoriUpTableSet.obj
 0001:000003c0       ??3CObject@@SGXPAX@Z       004013c0 f i AccessoriUpTableSet.obj
 0001:000003e0       ?ThrowDBException@CRecordset@@UAEXFPAX@Z 004013e0 f i AccessoriUpTableSet.obj
 0001:00000420       ?SetFieldType@CFieldExchange@@QAEXI@Z 00401420 f i AccessoriUpTableSet.obj
 0001:00000440       ??0?$CStringT@DV?$StrTraitMFC@DV?$ChTraitsCRT@D@ATL@@@@@ATL@@QAE@XZ 00401440 f i AccessoriUpTableSet.obj
 0001:00000460       ??0?$CStringT@DV?$StrTraitMFC@DV?$ChTraitsCRT@D@ATL@@@@@ATL@@QAE@PBD@Z 00401460 f i AccessoriUpTableSet.obj
 0001:000004e0       ??1?$CStringT@DV?$StrTraitMFC@DV?$ChTraitsCRT@D@ATL@@@@@ATL@@QAE@XZ 004014e0 f i AccessoriUpTableSet.obj
 0001:00000500       ??4?$CStringT@DV?$StrTraitMFC@DV?$ChTraitsCRT@D@ATL@@@@@ATL@@QAEAAV01@PBD@Z 00401500 f i AccessoriUpTableSet.obj
 0001:00000520       ?CheckImplicitLoad@?$CStringT@DV?$StrTraitMFC@DV?$ChTraitsCRT@D@ATL@@@@@ATL@@AAE_NPBX@Z 00401520 f i AccessoriUpTableSet.obj
 0001:00000570       ?LoadStringA@?$CStringT@DV?$StrTraitMFC@DV?$ChTraitsCRT@D@ATL@@@@@ATL@@QAEHI@Z 00401570 f i AccessoriUpTableSet.obj
 0001:000005b0       ?LoadStringA@?$CStringT@DV?$StrTraitMFC@DV?$ChTraitsCRT@D@ATL@@@@@ATL@@QAEHPAUHINSTANCE__@@I@Z 004015b0 f i AccessoriUpTableSet.obj
 0001:00000640       ?AtlGetStringResourceImage@ATL@@YAPBUATLSTRINGRESOURCEIMAGE@1@PAUHINSTANCE__@@I@Z 00401640 f i AccessoriUpTableSet.obj
 0001:00000690       ?_AtlGetStringResourceImage@ATL@@YAPBUATLSTRINGRESOURCEIMAGE@1@PAUHINSTANCE__@@PAUHRSRC__@@I@Z 00401690 f i AccessoriUpTableSet.obj
 0001:00000740       ?GetBuffer@?$CSimpleStringT@D$0A@@ATL@@QAEPADH@Z 00401740 f i AccessoriUpTableSet.obj
 0001:00000760       ??0?$CSimpleStringT@D$0A@@ATL@@QAE@PAUIAtlStringMgr@1@@Z 00401760 f i AccessoriUpTableSet.obj
 0001:000007b0       ?AtlThrowImpl@ATL@@YGXJ@Z  004017b0 f i AccessoriUpTableSet.obj
 0001:000007d0       ??1?$CSimpleStringT@D$0A@@ATL@@QAE@XZ 004017d0 f i AccessoriUpTableSet.obj
 0001:000007f0       ?Release@CStringData@ATL@@QAEXXZ 004017f0 f i AccessoriUpTableSet.obj
 0001:00000830       ??4?$CSimpleStringT@D$0A@@ATL@@QAEAAV01@PBD@Z 00401830 f i AccessoriUpTableSet.obj
 0001:00000850       ?GetData@?$CSimpleStringT@D$0A@@ATL@@ABEPAUCStringData@2@XZ 00401850 f i AccessoriUpTableSet.obj
 0001:00000870       ?PrepareWrite@?$CSimpleStringT@D$0A@@ATL@@AAEPADH@Z 00401870 f i AccessoriUpTableSet.obj
 0001:000008c0       ?FindStringResourceInstance@?$StrTraitMFC@DV?$ChTraitsCRT@D@ATL@@@@SAPAUHINSTANCE__@@I@Z 004018c0 f i AccessoriUpTableSet.obj
 0001:000008d0       ?GetDefaultManager@?$StrTraitMFC@DV?$ChTraitsCRT@D@ATL@@@@SAPAUIAtlStringMgr@ATL@@XZ 004018d0 f i AccessoriUpTableSet.obj
 0001:000008e0       ?ReleaseBufferSetLength@?$CSimpleStringT@D$0A@@ATL@@QAEXH@Z 004018e0 f i AccessoriUpTableSet.obj
 0001:00000900       ?SetLength@?$CSimpleStringT@D$0A@@ATL@@AAEXH@Z 00401900 f i AccessoriUpTableSet.obj
 0001:00000950       ?SetString@?$CSimpleStringT@D$0A@@ATL@@QAEXPBD@Z 00401950 f i AccessoriUpTableSet.obj
 0001:00000980       ?SetString@?$CSimpleStringT@D$0A@@ATL@@QAEXPBDH@Z 00401980 f i AccessoriUpTableSet.obj
 0001:00000a30       ?GetLength@?$CSimpleStringT@D$0A@@ATL@@QBEHXZ 00401a30 f i AccessoriUpTableSet.obj
 0001:00000a50       ?Empty@?$CSimpleStringT@D$0A@@ATL@@QAEXXZ 00401a50 f i AccessoriUpTableSet.obj
 0001:00000ac0       ?IsLocked@CStringData@ATL@@QBE_NXZ 00401ac0 f i AccessoriUpTableSet.obj
 0001:00000ae0       ?Attach@?$CSimpleStringT@D$0A@@ATL@@AAEXPAUCStringData@2@@Z 00401ae0 f i AccessoriUpTableSet.obj
 0001:00000b00       ?data@CStringData@ATL@@QAEPAXXZ 00401b00 f i AccessoriUpTableSet.obj
 0001:00000b20       ?PrepareWrite2@?$CSimpleStringT@D$0A@@ATL@@AAEXH@Z 00401b20 f i AccessoriUpTableSet.obj
 0001:00000bc0       ?IsShared@CStringData@ATL@@QBE_NXZ 00401bc0 f i AccessoriUpTableSet.obj
 0001:00000be0       ?GetBaseTypeLength@?$ChTraitsCRT@D@ATL@@SAHPB_WH@Z 00401be0 f i AccessoriUpTableSet.obj
 0001:00000c10       ?_AtlGetConversionACP@ATL@@YGIXZ 00401c10 f i AccessoriUpTableSet.obj
 0001:00000c20       ?ConvertToBaseType@?$ChTraitsCRT@D@ATL@@SAXPADHPB_WH@Z 00401c20 f i AccessoriUpTableSet.obj
 0001:00000c50       ?GetAllocLength@?$CSimpleStringT@D$0A@@ATL@@QBEHXZ 00401c50 f i AccessoriUpTableSet.obj
 0001:00000c70       ?CopyChars@?$CSimpleStringT@D$0A@@ATL@@SAXPADIPBDH@Z 00401c70 f i AccessoriUpTableSet.obj
 0001:00000c90       ?CopyCharsOverlapped@?$CSimpleStringT@D$0A@@ATL@@SAXPADIPBDH@Z 00401c90 f i AccessoriUpTableSet.obj
 0001:00000cb0       ?StringLength@?$CSimpleStringT@D$0A@@ATL@@SAHPBD@Z 00401cb0 f i AccessoriUpTableSet.obj
 0001:00000cd0       ?Fork@?$CSimpleStringT@D$0A@@ATL@@AAEXH@Z 00401cd0 f i AccessoriUpTableSet.obj
 0001:00000d90       ?ThrowMemoryException@?$CSimpleStringT@D$0A@@ATL@@KAXXZ 00401d90 f i AccessoriUpTableSet.obj
 0001:00000da0       ?Reallocate@?$CSimpleStringT@D$0A@@ATL@@AAEXH@Z 00401da0 f i AccessoriUpTableSet.obj
 0001:00000e10       ?GetRuntimeClass@CAddEventItemTableSet@@UBEPAUCRuntimeClass@@XZ 00401e10 f   AddEventItemTableSet.obj
 0001:00000e20       ??0CAddEventItemTableSet@@QAE@PAVCDatabase@@@Z 00401e20 f   AddEventItemTableSet.obj
 0001:00000ef0       ?GetDefaultConnect@CAddEventItemTableSet@@UAE?AV?$CStringT@DV?$StrTraitMFC@DV?$ChTraitsCRT@D@ATL@@@@@ATL@@XZ 00401ef0 f   AddEventItemTableSet.obj
 0001:00000f20       ?GetDefaultSQL@CAddEventItemTableSet@@UAE?AV?$CStringT@DV?$StrTraitMFC@DV?$ChTraitsCRT@D@ATL@@@@@ATL@@XZ 00401f20 f   AddEventItemTableSet.obj
 0001:00000f50       ?DoFieldExchange@CAddEventItemTableSet@@UAEXPAVCFieldExchange@@@Z 00401f50 f   AddEventItemTableSet.obj
 0001:00001000       ??0CBoxEventTable@@QAE@XZ  00402000 f   BoxEventTable.obj
 0001:00001030       ??1CBoxEventTable@@UAE@XZ  00402030 f   BoxEventTable.obj
 0001:00001050       ??_GCBoxEventTable@@UAEPAXI@Z 00402050 f i BoxEventTable.obj
 0001:00001050       ??_ECBoxEventTable@@UAEPAXI@Z 00402050 f i BoxEventTable.obj
 0001:00001080       ?GetRuntimeClass@CBoxEventTableSet@@UBEPAUCRuntimeClass@@XZ 00402080 f   BoxEventTableSet.obj
 0001:00001090       ??0CBoxEventTableSet@@QAE@PAVCDatabase@@@Z 00402090 f   BoxEventTableSet.obj
 0001:00001160       ?GetDefaultConnect@CBoxEventTableSet@@UAE?AV?$CStringT@DV?$StrTraitMFC@DV?$ChTraitsCRT@D@ATL@@@@@ATL@@XZ 00402160 f   BoxEventTableSet.obj
 0001:00001190       ?GetDefaultSQL@CBoxEventTableSet@@UAE?AV?$CStringT@DV?$StrTraitMFC@DV?$ChTraitsCRT@D@ATL@@@@@ATL@@XZ 00402190 f   BoxEventTableSet.obj
 0001:000011c0       ?DoFieldExchange@CBoxEventTableSet@@UAEXPAVCFieldExchange@@@Z 004021c0 f   BoxEventTableSet.obj
 0001:00001260       ??_ECBoxEventTableSet@@UAEPAXI@Z 00402260 f i BoxEventTableSet.obj
 0001:00001260       ??_GCBoxEventTableSet@@UAEPAXI@Z 00402260 f i BoxEventTableSet.obj
 0001:00001290       ??1CBoxEventTableSet@@UAE@XZ 00402290 f i BoxEventTableSet.obj
 0001:000012c0       ??0CBufferEx@@QAE@H@Z      004022c0 f   BufferEx.obj
 0001:00001320       ??1CBufferEx@@UAE@XZ       00402320 f   BufferEx.obj
 0001:00001350       ?AddData@CBufferEx@@QAEXPADH@Z 00402350 f   BufferEx.obj
 0001:000013b0       ?AddLongString@CBufferEx@@QAEXPADH@Z 004023b0 f   BufferEx.obj
 0001:00001440       ?Add@CBufferEx@@QAEXPADH@Z 00402440 f   BufferEx.obj
 0001:000014c0       ?Add@CBufferEx@@QAEXE@Z    004024c0 f   BufferEx.obj
 0001:00001500       ?Add@CBufferEx@@QAEXG@Z    00402500 f   BufferEx.obj
 0001:00001550       ?Add@CBufferEx@@QAEXF@Z    00402550 f   BufferEx.obj
 0001:000015a0       ?Add@CBufferEx@@QAEXH@Z    004025a0 f   BufferEx.obj
 0001:000015f0       ?Add@CBufferEx@@QAEXK@Z    004025f0 f   BufferEx.obj
 0001:00001640       ?GetLength@CBufferEx@@QAEHXZ 00402640 f   BufferEx.obj
 0001:00001660       ??_ECBufferEx@@UAEPAXI@Z   00402660 f i BufferEx.obj
 0001:00001660       ??_GCBufferEx@@UAEPAXI@Z   00402660 f i BufferEx.obj
 0001:00001690       ??0CBSocket@@QAE@XZ        00402690 f   CBSocket.obj
 0001:00001720       ??0CBSocket@@QAE@H@Z       00402720 f   CBSocket.obj
 0001:000017c0       ??1CBSocket@@UAE@XZ        004027c0 f   CBSocket.obj
 0001:000017e0       ?Init@CBSocket@@UAEHH@Z    004027e0 f   CBSocket.obj
 0001:000018b0       ?DxSend@CBSocket@@QAEHHPAD@Z 004028b0 f   CBSocket.obj
 0001:00001980       ?B_Send@CBSocket@@QAEHHPAD@Z 00402980 f   CBSocket.obj
 0001:000019e0       ?B_OnSend@CBSocket@@QAEXH@Z 004029e0 f   CBSocket.obj
 0001:00001a30       ?B_OnClose@CBSocket@@QAEXH@Z 00402a30 f   CBSocket.obj
 0001:00001a50       ?ParseCommand@CBSocket@@QAEXH@Z 00402a50 f   CBSocket.obj
 0001:00001ae0       ?ReceiveData@CBSocket@@QAEXPADH@Z 00402ae0 f   CBSocket.obj
 0001:00001e00       ?RecycleRead@CBSocket@@QAEHXZ 00402e00 f   CBSocket.obj
 0001:00001e20       ?SockCloseProcess@CBSocket@@UAEHH@Z 00402e20 f   CBSocket.obj
 0001:00001e40       ?SendSockCloseProcess@CBSocket@@QAEHH@Z 00402e40 f   CBSocket.obj
 0001:00001e60       ?B_Close@CBSocket@@QAEXXZ  00402e60 f   CBSocket.obj
 0001:00001f50       ?PostSendData@CBSocket@@QAEHXZ 00402f50 f   CBSocket.obj
 0001:00001fa0       ?SocketDisConnect@CBSocket@@UAEHXZ 00402fa0 f   CBSocket.obj
 0001:00001fb0       ?B_SoftClose@CBSocket@@QAEXXZ 00402fb0 f   CBSocket.obj
 0001:00002070       ??_GCBSocket@@UAEPAXI@Z    00403070 f i CBSocket.obj
 0001:00002070       ??_ECBSocket@@UAEPAXI@Z    00403070 f i CBSocket.obj
 0001:000020a0       ?GetIOCPLastError@CIOCPSocket@@QAEKXZ 004030a0 f i CBSocket.obj
 0001:000020a0       ?GetCount@CObList@@QBEHXZ  004030a0 f i Compress.obj
 0001:000020a0       ?GetCount@CPtrList@@QBEHXZ 004030a0 f i COM.obj
 0001:000020c0       ??0WAIT_RECV_DATA@@QAE@XZ  004030c0 f i CBSocket.obj
 0001:00002120       ??_EWAIT_RECV_DATA@@UAEPAXI@Z 00403120 f i CBSocket.obj
 0001:00002120       ??_GWAIT_RECV_DATA@@UAEPAXI@Z 00403120 f i CBSocket.obj
 0001:00002150       ??1WAIT_RECV_DATA@@UAE@XZ  00403150 f i CBSocket.obj
 0001:000021e0       ??1_Container_base_aux@std@@QAE@XZ 004031e0 f i COM.obj
 0001:000021e0       ??1CObject@@UAE@XZ         004031e0 f i CBSocket.obj
 0001:000021f0       ??2CObject@@SGPAXI@Z       004031f0 f i CBSocket.obj
 0001:00002210       ??0CellInfo@@QAE@XZ        00403210 f   CELL.obj
 0001:00002290       ??1CellInfo@@QAE@XZ        00403290 f   CELL.obj
 0001:00002320       ?Add@CellInfo@@QAEXH@Z     00403320 f   CELL.obj
 0001:00002360       ?Delete@CellInfo@@QAEXH@Z  00403360 f   CELL.obj
 0001:000023e0       ?Get@CellInfo@@QAEXAAV?$CArray@HH@@@Z 004033e0 f   CELL.obj
 0001:00002450       ?DeleteItem@CellInfo@@QAEXVCPoint@@@Z 00403450 f   CELL.obj
 0001:000024d0       ?AddItem@CellInfo@@QAEXVCPoint@@@Z 004034d0 f   CELL.obj
 0001:00002510       ?GetItem@CellInfo@@QAEXAAV?$CArray@VCPoint@@V1@@@@Z 00403510 f   CELL.obj
 0001:00002580       ??0CELL@@QAE@VCSize@@HPAVCOM@@@Z 00403580 f   CELL.obj
 0001:00002730       ??1CELL@@QAE@XZ            00403730 f   CELL.obj
 0001:00002750       ?RemoveCellData@CELL@@IAEXXZ 00403750 f   CELL.obj
 0001:000027d0       ?GetCellIndex@CELL@@QAE?AVCPoint@@HH@Z 004037d0 f   CELL.obj
 0001:00002920       ?GetDirection@CELL@@QAEHHHHH@Z 00403920 f   CELL.obj
 0001:000029e0       ?GetDirection@CELL@@QAEHVCPoint@@0@Z 004039e0 f   CELL.obj
 0001:00002aa0       ?AddCell@CELL@@QAEXVCPoint@@H@Z 00403aa0 f   CELL.obj
 0001:00002fb0       ?DeleteCell@CELL@@QAEXVCPoint@@H@Z 00403fb0 f   CELL.obj
 0001:00003530       ?ChangeCell@CELL@@QAEXVCPoint@@0H@Z 00404530 f   CELL.obj
 0001:00003f70       ?DeleteItemCell@CELL@@QAEXVCPoint@@0@Z 00404f70 f   CELL.obj
 0001:00003f80       ?DeleteCellCoordinate@CELL@@QAEXVCPoint@@0@Z 00404f80 f   CELL.obj
 0001:00003fb0       ?ChangeItemCell@CELL@@QAEXAAV?$CTypedPtrArray@VCPtrArray@@PAVItemList@@@@VCPoint@@1H@Z 00404fb0 f   CELL.obj
 0001:00004150       ?ChangeMoneyCell@CELL@@QAEXKVCPoint@@0H@Z 00405150 f   CELL.obj
 0001:00004310       ?AddItemCell@CELL@@QAEXHVCPoint@@H@Z 00405310 f   CELL.obj
 0001:00004790       ?GetMapItemList@CELL@@QAEHAAV?$CTypedPtrArray@VCPtrArray@@PAVItemList@@@@AAKVCPoint@@H@Z 00405790 f   CELL.obj
 0001:00004860       ?GetViewMapItemList@CELL@@QAEHAAV?$CTypedPtrArray@VCPtrArray@@PAVItemList@@@@AAKVCPoint@@H@Z 00405860 f   CELL.obj
 0001:000049c0       ?GetNpc@CELL@@QAEPAVCNpc@@H@Z 004059c0 f   CELL.obj
 0001:00004a40       ?AddCellFromTownPotal@CELL@@QAEXVCPoint@@H@Z 00405a40 f   CELL.obj
 0001:00004dc0       ?DeleteCellFromTownPotal@CELL@@QAEXVCPoint@@H@Z 00405dc0 f   CELL.obj
 0001:000051a0       ??_ECellInfo@@QAEPAXI@Z    004061a0 f i CELL.obj
 0001:00005210       ??0?$CTypedPtrArray@VCPtrArray@@PAVItemList@@@@QAE@XZ 00406210 f i CELL.obj
 0001:00005230       ??0?$CArray@VCPoint@@V1@@@QAE@XZ 00406230 f i CELL.obj
 0001:00005280       ?RemoveAll@?$CArray@VCPoint@@V1@@@QAEXXZ 00406280 f i CELL.obj
 0001:000052a0       ?ElementAt@?$CArray@VCPoint@@V1@@@QAEAAVCPoint@@H@Z 004062a0 f i CELL.obj
 0001:000052a0       ?GetAt@?$CArray@VCPoint@@V1@@@QAEAAVCPoint@@H@Z 004062a0 f i CELL.obj
 0001:000052e0       ?Add@?$CArray@VCPoint@@V1@@@QAEHVCPoint@@@Z 004062e0 f i CELL.obj
 0001:00005310       ??A?$CArray@VCPoint@@V1@@@QAEAAVCPoint@@H@Z 00406310 f i CELL.obj
 0001:00005330       ?RemoveAt@?$CArray@VCPoint@@V1@@@QAEXHH@Z 00406330 f i CELL.obj
 0001:000053f0       ?memmove_s@Checked@ATL@@YAXPAXIPBXI@Z 004063f0 f i CELL.obj
 0001:00005420       ?AfxCrtErrorCheck@@YAHH@Z  00406420 f i CELL.obj
 0001:000054d0       ??1?$CArray@VCPoint@@V1@@@UAE@XZ 004064d0 f i CELL.obj
 0001:00005530       ?Serialize@?$CArray@VCPoint@@V1@@@UAEXAAVCArchive@@@Z 00406530 f i CELL.obj
 0001:000055a0       ??0?$CArray@HH@@QAE@XZ     004065a0 f i CELL.obj
 0001:000055f0       ?RemoveAll@?$CArray@HH@@QAEXXZ 004065f0 f i CELL.obj
 0001:00005610       ?Add@?$CArray@HH@@QAEHH@Z  00406610 f i CELL.obj
 0001:00005640       ??A?$CArray@HH@@QAEAAHH@Z  00406640 f i CELL.obj
 0001:00005660       ?RemoveAt@?$CArray@HH@@QAEXHH@Z 00406660 f i CELL.obj
 0001:00005720       ??1?$CArray@HH@@UAE@XZ     00406720 f i CELL.obj
 0001:00005780       ?Serialize@?$CArray@HH@@UAEXAAVCArchive@@@Z 00406780 f i CELL.obj
 0001:000057f0       ??_E?$CArray@VCPoint@@V1@@@UAEPAXI@Z 004067f0 f i CELL.obj
 0001:000057f0       ??_G?$CArray@VCPoint@@V1@@@UAEPAXI@Z 004067f0 f i CELL.obj
 0001:00005820       ??_E?$CArray@HH@@UAEPAXI@Z 00406820 f i CELL.obj
 0001:00005820       ??_G?$CArray@HH@@UAEPAXI@Z 00406820 f i CELL.obj
 0001:00005850       ?SetSize@?$CArray@VCPoint@@V1@@@QAEXHH@Z 00406850 f i CELL.obj
 0001:00005c00       ??2@YAPAXIPAX@Z            00406c00 f i CELL.obj
 0001:00005c10       ?memcpy_s@Checked@ATL@@YAXPAXIPBXI@Z 00406c10 f i CELL.obj
 0001:00005c40       ?SetAtGrow@?$CArray@VCPoint@@V1@@@QAEXHVCPoint@@@Z 00406c40 f i CELL.obj
 0001:00005c90       ??$SerializeElements@VCPoint@@@@YGXAAVCArchive@@PAVCPoint@@H@Z 00406c90 f i CELL.obj
 0001:00005d90       ?SetSize@?$CArray@HH@@QAEXHH@Z 00406d90 f i CELL.obj
 0001:000060f0       ?GetAt@?$CArray@HH@@QAEAAHH@Z 004070f0 f i CELL.obj
 0001:000060f0       ?ElementAt@?$CArray@HH@@QAEAAHH@Z 004070f0 f i CELL.obj
 0001:00006130       ?SetAtGrow@?$CArray@HH@@QAEXHH@Z 00407130 f i CELL.obj
 0001:00006180       ??$SerializeElements@H@@YGXAAVCArchive@@PAHH@Z 00407180 f i CELL.obj
 0001:00006280       ??0CPoint@@QAE@HH@Z        00407280 f i CELL.obj
 0001:000062b0       ?PtInRect@CRect@@QBEHUtagPOINT@@@Z 004072b0 f i CELL.obj
 0001:000062d0       ?SetRect@CRect@@QAEXHHHH@Z 004072d0 f i CELL.obj
 0001:00006300       ?RemoveAll@CPtrArray@@QAEXXZ 00407300 f i CELL.obj
 0001:00006300       ?RemoveAll@CDWordArray@@QAEXXZ 00407300 f i COM.obj
 0001:00006320       ?Add@CUIntArray@@QAEHI@Z   00407320 f i USER2.obj
 0001:00006320       ?Add@CDWordArray@@QAEHK@Z  00407320 f i COM.obj
 0001:00006320       ?Add@CPtrArray@@QAEHPAX@Z  00407320 f i CELL.obj
 0001:00006350       ?IsStoring@CArchive@@QBEHXZ 00407350 f i CELL.obj
 0001:00006370       ?EnsureRead@CArchive@@QAEXPAXI@Z 00407370 f i CELL.obj
 0001:000063b0       ??0CCircularBuffer@@QAE@H@Z 004073b0 f   CircularBuffer.obj
 0001:00006410       ??1CCircularBuffer@@UAE@XZ 00407410 f   CircularBuffer.obj
 0001:00006450       ??_ECCircularBuffer@@UAEPAXI@Z 00407450 f i CircularBuffer.obj
 0001:00006450       ??_GCCircularBuffer@@UAEPAXI@Z 00407450 f i CircularBuffer.obj
 0001:00006480       ?GetRuntimeClass@CCityNpcTableSet@@UBEPAUCRuntimeClass@@XZ 00407480 f   CityNpcTableSet.obj
 0001:00006490       ??0CCityNpcTableSet@@QAE@PAVCDatabase@@@Z 00407490 f   CityNpcTableSet.obj
 0001:000066d0       ?GetDefaultConnect@CCityNpcTableSet@@UAE?AV?$CStringT@DV?$StrTraitMFC@DV?$ChTraitsCRT@D@ATL@@@@@ATL@@XZ 004076d0 f   CityNpcTableSet.obj
 0001:00006700       ?GetDefaultSQL@CCityNpcTableSet@@UAE?AV?$CStringT@DV?$StrTraitMFC@DV?$ChTraitsCRT@D@ATL@@@@@ATL@@XZ 00407700 f   CityNpcTableSet.obj
 0001:00006730       ?DoFieldExchange@CCityNpcTableSet@@UAEXPAVCFieldExchange@@@Z 00407730 f   CityNpcTableSet.obj
 0001:00006ac0       ?SendThreadMain@@YAIPAX@Z  00407ac0 f   COM.obj
 0001:00006cf0       ?TimerThread@@YAIPAX@Z     00407cf0 f   COM.obj
 0001:00007070       ?EventTimerThread@@YAIPAX@Z 00408070 f   COM.obj
 0001:000070b0       ??0COM@@QAE@XZ             004080b0 f   COM.obj
 0001:00007160       ??1COM@@UAE@XZ             00408160 f   COM.obj
 0001:00007260       ?DeleteAll@COM@@IAEXXZ     00408260 f   COM.obj
 0001:00007280       ?DeleteThrowItemArray@COM@@QAEXXZ 00408280 f   COM.obj
 0001:00007300       ?InitThrowItemArray@COM@@QAEXXZ 00408300 f   COM.obj
 0001:00007440       ?ThrowItemAdd@COM@@QAE_NPAVItemList@@HHH@Z 00408440 f   COM.obj
 0001:00007500       ?ItemGetID@COM@@QAEPAVCThrowItem@@XZ 00408500 f   COM.obj
 0001:00007570       ?ItemUseInset@COM@@QAEXPAVCThrowItem@@@Z 00408570 f   COM.obj
 0001:000075b0       ?ThrowItemDel@COM@@QAEXPAVCThrowItem@@@Z 004085b0 f   COM.obj
 0001:00007660       ?ThrowItemRefresh@COM@@QAEXXZ 00408660 f   COM.obj
 0001:00007a90       ?Init@COM@@QAEHH@Z         00408a90 f   COM.obj
 0001:00007bd0       ?SendItemFieldInfo@COM@@QAEXEPAVItemList@@HHH@Z 00408bd0 f   COM.obj
 0001:00007d00       ?SendInsight@COM@@QAEXPADHHHH@Z 00408d00 f   COM.obj
 0001:00007de0       ?CreateTimerThread@COM@@QAEHXZ 00408de0 f   COM.obj
 0001:00007e70       ?CreateEventTimerThread@COM@@QAEHXZ 00408e70 f   COM.obj
 0001:00007ea0       ?SetWeatherZone@COM@@QAEXHEE@Z 00408ea0 f   COM.obj
 0001:00008010       ?SendTimeToAll@COM@@QAEXXZ 00409010 f   COM.obj
 0001:00008080       ?GetCPUCount@COM@@QAEXXZ   00409080 f   COM.obj
 0001:000080b0       ?Send@COM@@QAEXPAU_SEND_DATA@@@Z 004090b0 f   COM.obj
 0001:00008770       ?Send@COM@@QAEXPAVUSER@@PADH@Z 00409770 f   COM.obj
 0001:000087a0       ?SetThrowItem@COM@@QAEHPAVItemList@@HHH@Z 004097a0 f   COM.obj
 0001:00008a80       ?DelThrowItem@COM@@QAEXXZ  00409a80 f   COM.obj
 0001:00008e90       ?CheckGuildWarTime@COM@@QAEXXZ 00409e90 f   COM.obj
 0001:00009300       ?SendGuildWarBegin@COM@@QAEXPAVCStore@@@Z 0040a300 f   COM.obj
 0001:00009920       ?SendGuildWarEnd@COM@@QAEXPAVCStore@@@Z 0040a920 f   COM.obj
 0001:00009ba0       ?UpdateStoreMem2DB@COM@@IAEXPAVCStore@@@Z 0040aba0 f   COM.obj
 0001:00009e50       ?CheckGuildWarSchedule@COM@@QAEXPAVCStore@@@Z 0040ae50 f   COM.obj
 0001:00009ee0       ?Announce@COM@@QAEXPADE@Z  0040aee0 f   COM.obj
 0001:00009fd0       ?SendAll@COM@@QAEXPADH@Z   0040afd0 f   COM.obj
 0001:0000a080       ?AnnounceZone@COM@@QAEXPADEH@Z 0040b080 f   COM.obj
 0001:0000a180       ?GetUser@COM@@QAEPAVUSER@@PAD@Z 0040b180 f   COM.obj
 0001:0000a290       ?GetUserUid@COM@@QAEPAVUSER@@H@Z 0040b290 f   COM.obj
 0001:0000a2d0       ?UpdateUserCount@COM@@QAEXXZ 0040b2d0 f   COM.obj
 0001:0000a480       ?CheckMessageTime@COM@@QAEXXZ 0040b480 f   COM.obj
 0001:0000a7b0       ?CheckEmoTime@COM@@QAEXXZ  0040b7b0 f   COM.obj
 0001:0000a9d0       ?CheckBaoZangTime@COM@@QAEXXZ 0040b9d0 f   COM.obj
 0001:0000a9e0       ?Add_DGB_Massage@COM@@QAEHPADH@Z 0040b9e0 f   COM.obj
 0001:0000aab0       ?Check_DGB_Massage@COM@@QAEXXZ 0040bab0 f   COM.obj
 0001:0000abf0       ?SubQLPKDASAITime@COM@@QAEXXZ 0040bbf0 f   COM.obj
 0001:0000ad50       ?SetPKDaSai@COM@@QAEXXZ    0040bd50 f   COM.obj
 0001:0000af40       ?UpdateLiXianTime@COM@@QAEXXZ 0040bf40 f   COM.obj
 0001:0000afb0       ?CheckFortressWarTime@COM@@QAEXXZ 0040bfb0 f   COM.obj
 0001:0000b8a0       ?ReUpdateFortress2DB@COM@@QAEXPAVCGuildFortress@@@Z 0040c8a0 f   COM.obj
 0001:0000bc30       ?SendFortressWarBegin@COM@@QAEXPAVCGuildFortress@@@Z 0040cc30 f   COM.obj
 0001:0000c240       ?SendFortressWarEnd@COM@@QAEXPAVCGuildFortress@@@Z 0040d240 f   COM.obj
 0001:0000c480       ?RemoveUserInGuildHouse@COM@@QAEXXZ 0040d480 f   COM.obj
 0001:0000c570       ?UpdateFortress2DB@COM@@QAEXPAVCGuildFortress@@@Z 0040d570 f   COM.obj
 0001:0000c850       ?UpdateFortressMem2DB@COM@@QAEXPAVCGuildFortress@@@Z 0040d850 f   COM.obj
 0001:0000c860       ?LoadFortressCityDegree@COM@@QAEXPAVCGuildFortress@@@Z 0040d860 f   COM.obj
 0001:0000c870       ?SetFortressWarTime@COM@@QAEXPAVCGuildFortress@@@Z 0040d870 f   COM.obj
 0001:0000cdb0       ?UpdateMemFortressWarType@COM@@QAEXPAVCGuildFortress@@@Z 0040ddb0 f   COM.obj
 0001:0000ce60       ?CheckViolenceInFortress@COM@@QAEXXZ 0040de60 f   COM.obj
 0001:0000d2b0       ?SetFortressViolenceTime@COM@@QAEXPAVCGuildFortress@@HH@Z 0040e2b0 f   COM.obj
 0001:0000d560       ?SetNpcToViolenceFortressWarEnd@COM@@QAEXPAVCGuildFortress@@@Z 0040e560 f   COM.obj
 0001:0000d6a0       ?GetUserPKDaSai@COM@@QAEXXZ 0040e6a0 f   COM.obj
 0001:0000d9f0       ?GetUserPKEnd@COM@@QAEXXZ  0040e9f0 f   COM.obj
 0001:0000ddb0       ?SubPKJiangLi@COM@@QAEXPADH@Z 0040edb0 f   COM.obj
 0001:0000df20       ?GetTSDay@COM@@QAEXXZ      0040ef20 f   COM.obj
 0001:0000e080       ?GetVIPDay@COM@@QAEXXZ     0040f080 f   COM.obj
 0001:0000e1e0       ?GetFUExpTime@COM@@QAEXXZ  0040f1e0 f   COM.obj
 0001:0000e340       ?GetUserPaiMing@COM@@QAEHXZ 0040f340 f   COM.obj
 0001:0000e7a0       ?DeleteAllBanIP@COM@@QAEHXZ 0040f7a0 f   COM.obj
 0001:0000e9f0       ??_ECOM@@UAEPAXI@Z         0040f9f0 f i COM.obj
 0001:0000e9f0       ??_GCOM@@UAEPAXI@Z         0040f9f0 f i COM.obj
 0001:0000ea20       ??_FCPtrList@@QAEXXZ       0040fa20 f i COM.obj
 0001:0000ea40       ??0_SEND_DATA@@QAE@XZ      0040fa40 f i COM.obj
 0001:0000ea60       ?_Mynode@?$_Const_iterator@$00@?$list@PAVCBufferEx@@V?$allocator@PAVCBufferEx@@@std@@@std@@QBEPAU_Node@?$_List_nod@PAVCBufferEx@@V?$allocator@PAVCBufferEx@@@std@@@3@XZ 0040fa60 f i COM.obj
 0001:0000ea60       ??BCBufferEx@@QAEPADXZ     0040fa60 f i COM.obj
 0001:0000ea60       ?GetHeadPosition@CObList@@QBEPAU__POSITION@@XZ 0040fa60 f i Compress.obj
 0001:0000ea60       ?GetDataPtr@CCompressData@@QAEPADXZ 0040fa60 f i Compress.obj
 0001:0000ea80       ??0CTimeSpan@ATL@@QAE@XZ   0040fa80 f i COM.obj
 0001:0000ea80       ??0CTime@ATL@@QAE@XZ       0040fa80 f i GuildFortressSet.obj
 0001:0000eaa0       ??0CTimeSpan@ATL@@QAE@JHHH@Z 0040faa0 f i COM.obj
 0001:0000eb20       ?GetDays@CTimeSpan@ATL@@QBE_JXZ 0040fb20 f i COM.obj
 0001:0000eb50       ?GetTotalHours@CTimeSpan@ATL@@QBE_JXZ 0040fb50 f i COM.obj
 0001:0000eb80       ?GetTotalMinutes@CTimeSpan@ATL@@QBE_JXZ 0040fb80 f i COM.obj
 0001:0000eba0       ??0CTime@ATL@@QAE@HHHHHHH@Z 0040fba0 f i COM.obj
 0001:0000ed60       ??0CTime@ATL@@QAE@ABU_SYSTEMTIME@@H@Z 0040fd60 f i COM.obj
 0001:0000ee00       ??0CTimeSpan@ATL@@QAE@_J@Z 0040fe00 f i COM.obj
 0001:0000ee00       ??0CTime@ATL@@QAE@_J@Z     0040fe00 f i COM.obj
 0001:0000ee20       ??YCTime@ATL@@QAEAAV01@VCTimeSpan@1@@Z 0040fe20 f i COM.obj
 0001:0000ee50       ?GetTimeSpan@CTimeSpan@ATL@@QBE_JXZ 0040fe50 f i COM.obj
 0001:0000ee70       ??GCTime@ATL@@QBE?AVCTimeSpan@1@V01@@Z 0040fe70 f i COM.obj
 0001:0000eea0       ?CompareNoCase@?$CStringT@DV?$StrTraitMFC@DV?$ChTraitsCRT@D@ATL@@@@@ATL@@QBEHPBD@Z 0040fea0 f i COM.obj
 0001:0000eef0       ?AtlIsValidString@ATL@@YAHPBDI@Z 0040fef0 f i COM.obj
 0001:0000ef00       ??0?$list@PAVCBufferEx@@V?$allocator@PAVCBufferEx@@@std@@@std@@QAE@XZ 0040ff00 f i COM.obj
 0001:0000ef80       ??1?$list@PAVCBufferEx@@V?$allocator@PAVCBufferEx@@@std@@@std@@QAE@XZ 0040ff80 f i COM.obj
 0001:0000efe0       ?begin@?$list@PAVCBufferEx@@V?$allocator@PAVCBufferEx@@@std@@@std@@QAE?AV?$_Iterator@$00@12@XZ 0040ffe0 f i COM.obj
 0001:0000f010       ?GetYear@CTime@ATL@@QBEHXZ 00410010 f i COM.obj
 0001:0000f050       ?GetLocalTm@CTime@ATL@@QBEPAUtm@@PAU3@@Z 00410050 f i COM.obj
 0001:0000f0c0       ?GetUnCompressDataLength@CCompressManager@@QAEJXZ 004100c0 f i USER.obj
 0001:0000f0c0       ?size@?$list@PAVCBufferEx@@V?$allocator@PAVCBufferEx@@@std@@@std@@QBEIXZ 004100c0 f i COM.obj
 0001:0000f0e0       ?GetMonth@CTime@ATL@@QBEHXZ 004100e0 f i COM.obj
 0001:0000f120       ?pop_front@?$list@PAVCBufferEx@@V?$allocator@PAVCBufferEx@@@std@@@std@@QAEXXZ 00410120 f i COM.obj
 0001:0000f160       ?GetDay@CTime@ATL@@QBEHXZ  00410160 f i COM.obj
 0001:0000f1a0       ?push_back@?$list@PAVCBufferEx@@V?$allocator@PAVCBufferEx@@@std@@@std@@QAEXABQAVCBufferEx@@@Z 004101a0 f i COM.obj
 0001:0000f1e0       ??D?$_Iterator@$00@?$list@PAVCBufferEx@@V?$allocator@PAVCBufferEx@@@std@@@std@@QBEAAPAVCBufferEx@@XZ 004101e0 f i COM.obj
 0001:0000f200       ??1?$_List_val@PAVCBufferEx@@V?$allocator@PAVCBufferEx@@@std@@@std@@QAE@XZ 00410200 f i COM.obj
 0001:0000f220       ??1?$_List_ptr@PAVCBufferEx@@V?$allocator@PAVCBufferEx@@@std@@@std@@QAE@XZ 00410220 f i COM.obj
 0001:0000f240       ??1?$_List_nod@PAVCBufferEx@@V?$allocator@PAVCBufferEx@@@std@@@std@@QAE@XZ 00410240 f i COM.obj
 0001:0000f260       ?StringCompareIgnore@?$ChTraitsCRT@D@ATL@@SAHPBD0@Z 00410260 f i COM.obj
 0001:0000f280       ?_Nextnode@?$list@PAVCBufferEx@@V?$allocator@PAVCBufferEx@@@std@@@std@@KAAAPAU_Node@?$_List_nod@PAVCBufferEx@@V?$allocator@PAVCBufferEx@@@std@@@2@PAU342@@Z 00410280 f i COM.obj
 0001:0000f290       ?end@?$list@PAVCBufferEx@@V?$allocator@PAVCBufferEx@@@std@@@std@@QAE?AV?$_Iterator@$00@12@XZ 00410290 f i COM.obj
 0001:0000f2c0       ?_Insert@?$list@PAVCBufferEx@@V?$allocator@PAVCBufferEx@@@std@@@std@@QAEXV?$_Const_iterator@$00@12@ABQAVCBufferEx@@@Z 004102c0 f i COM.obj
 0001:0000f340       ?erase@?$list@PAVCBufferEx@@V?$allocator@PAVCBufferEx@@@std@@@std@@QAE?AV?$_Iterator@$00@12@V?$_Const_iterator@$00@12@@Z 00410340 f i COM.obj
 0001:0000f410       ?_Buynode@?$list@PAVCBufferEx@@V?$allocator@PAVCBufferEx@@@std@@@std@@IAEPAU_Node@?$_List_nod@PAVCBufferEx@@V?$allocator@PAVCBufferEx@@@std@@@2@XZ 00410410 f i COM.obj
 0001:0000f510       ?_Tidy@?$list@PAVCBufferEx@@V?$allocator@PAVCBufferEx@@@std@@@std@@IAEXXZ 00410510 f i COM.obj
 0001:0000f580       ??0?$_List_val@PAVCBufferEx@@V?$allocator@PAVCBufferEx@@@std@@@std@@QAE@V?$allocator@PAVCBufferEx@@@1@@Z 00410580 f i COM.obj
 0001:0000f5c0       ??1?$_Container_base_aux_alloc_real@V?$allocator@PAVCBufferEx@@@std@@@std@@IAE@XZ 004105c0 f i COM.obj
 0001:0000f620       ??0?$_Iterator@$00@?$list@PAVCBufferEx@@V?$allocator@PAVCBufferEx@@@std@@@std@@QAE@PAU_Node@?$_List_nod@PAVCBufferEx@@V?$allocator@PAVCBufferEx@@@std@@@2@PBV12@@Z 00410620 f i COM.obj
 0001:0000f640       ??D?$_Const_iterator@$00@?$list@PAVCBufferEx@@V?$allocator@PAVCBufferEx@@@std@@@std@@QBEABQAVCBufferEx@@XZ 00410640 f i COM.obj
 0001:0000f6a0       ?_Getmycont@_Iterator_base_aux@std@@QBEPBV_Container_base_aux@2@XZ 004106a0 f i COM.obj
 0001:0000f6d0       ?_Getcont@_Aux_cont@std@@QBEPBV_Container_base_aux@2@XZ 004106d0 f i COM.obj
 0001:0000f6d0       ??B?$CSimpleStringT@D$0A@@ATL@@QBEPBDXZ 004106d0 f i COM.obj
 0001:0000f6d0       ?GetString@?$CSimpleStringT@D$0A@@ATL@@QBEPBDXZ 004106d0 f i AccessoriUpTableSet.obj
 0001:0000f6e0       ?_Has_container@_Iterator_base_aux@std@@QBE_NXZ 004106e0 f i COM.obj
 0001:0000f700       ?_Prevnode@?$list@PAVCBufferEx@@V?$allocator@PAVCBufferEx@@@std@@@std@@KAAAPAU_Node@?$_List_nod@PAVCBufferEx@@V?$allocator@PAVCBufferEx@@@std@@@2@PAU342@@Z 00410700 f i COM.obj
 0001:0000f710       ?_Myval@?$list@PAVCBufferEx@@V?$allocator@PAVCBufferEx@@@std@@@std@@KAAAPAVCBufferEx@@PAU_Node@?$_List_nod@PAVCBufferEx@@V?$allocator@PAVCBufferEx@@@std@@@2@@Z 00410710 f i COM.obj
 0001:0000f720       ?_Make_iter@?$list@PAVCBufferEx@@V?$allocator@PAVCBufferEx@@@std@@@std@@QBE?AV?$_Iterator@$00@12@V?$_Const_iterator@$00@12@@Z 00410720 f i COM.obj
 0001:0000f740       ?clear@?$list@PAVCBufferEx@@V?$allocator@PAVCBufferEx@@@std@@@std@@QAEXXZ 00410740 f i COM.obj
 0001:0000f7e0       ?_Buynode@?$list@PAVCBufferEx@@V?$allocator@PAVCBufferEx@@@std@@@std@@IAEPAU_Node@?$_List_nod@PAVCBufferEx@@V?$allocator@PAVCBufferEx@@@std@@@2@PAU342@0ABQAVCBufferEx@@@Z 004107e0 f i COM.obj
 0001:0000f930       ?_Incsize@?$list@PAVCBufferEx@@V?$allocator@PAVCBufferEx@@@std@@@std@@IAEXI@Z 00410930 f i COM.obj
 0001:0000f9d0       ??0length_error@std@@QAE@ABV?$basic_string@DU?$char_traits@D@std@@V?$allocator@D@2@@1@@Z 004109d0 f i COM.obj
 0001:0000fa00       ??0logic_error@std@@QAE@ABV?$basic_string@DU?$char_traits@D@std@@V?$allocator@D@2@@1@@Z 00410a00 f i COM.obj
 0001:0000fa70       ?what@logic_error@std@@UBEPBDXZ 00410a70 f i COM.obj
 0001:0000fa90       ??_Elogic_error@std@@UAEPAXI@Z 00410a90 f i COM.obj
 0001:0000fa90       ??_Glogic_error@std@@UAEPAXI@Z 00410a90 f i COM.obj
 0001:0000fac0       ??1logic_error@std@@UAE@XZ 00410ac0 f i COM.obj
 0001:0000faf0       ??1length_error@std@@UAE@XZ 00410af0 f i COM.obj
 0001:0000fb10       ??_Glength_error@std@@UAEPAXI@Z 00410b10 f i COM.obj
 0001:0000fb10       ??_Elength_error@std@@UAEPAXI@Z 00410b10 f i COM.obj
 0001:0000fb40       ??0?$basic_string@DU?$char_traits@D@std@@V?$allocator@D@2@@std@@QAE@ABV01@@Z 00410b40 f i COM.obj
 0001:0000fb80       ??1?$basic_string@DU?$char_traits@D@std@@V?$allocator@D@2@@std@@QAE@XZ 00410b80 f i COM.obj
 0001:0000fba0       ?c_str@?$basic_string@DU?$char_traits@D@std@@V?$allocator@D@2@@std@@QBEPBDXZ 00410ba0 f i COM.obj
 0001:0000fbc0       ?assign@?$basic_string@DU?$char_traits@D@std@@V?$allocator@D@2@@std@@QAEAAV12@ABV12@II@Z 00410bc0 f i COM.obj
 0001:0000fc80       ?size@?$basic_string@DU?$char_traits@D@std@@V?$allocator@D@2@@std@@QBEIXZ 00410c80 f i COM.obj
 0001:0000fc80       ?GetCrcValue@CCompressManager@@QAEJXZ 00410c80 f i ServerDlg2.obj
 0001:0000fca0       ?_Tidy@?$basic_string@DU?$char_traits@D@std@@V?$allocator@D@2@@std@@IAEX_NI@Z 00410ca0 f i COM.obj
 0001:0000fd20       ?_Myptr@?$basic_string@DU?$char_traits@D@std@@V?$allocator@D@2@@std@@IBEPBDXZ 00410d20 f i COM.obj
 0001:0000fd20       ?_Myptr@?$basic_string@DU?$char_traits@D@std@@V?$allocator@D@2@@std@@IAEPADXZ 00410d20 f i COM.obj
 0001:0000fd50       ??0?$_String_val@DV?$allocator@D@std@@@std@@QAE@ABV01@@Z 00410d50 f i COM.obj
 0001:0000fd70       ?erase@?$basic_string@DU?$char_traits@D@std@@V?$allocator@D@2@@std@@QAEAAV12@II@Z 00410d70 f i COM.obj
 0001:0000fe10       ?_Eos@?$basic_string@DU?$char_traits@D@std@@V?$allocator@D@2@@std@@IAEXI@Z 00410e10 f i COM.obj
 0001:0000fe50       ?assign@?$char_traits@D@std@@SAXAADABD@Z 00410e50 f i COM.obj
 0001:0000fe60       ?_Grow@?$basic_string@DU?$char_traits@D@std@@V?$allocator@D@2@@std@@IAE_NI_N@Z 00410e60 f i COM.obj
 0001:0000ff00       ??0?$_List_ptr@PAVCBufferEx@@V?$allocator@PAVCBufferEx@@@std@@@std@@IAE@V?$allocator@PAVCBufferEx@@@1@@Z 00410f00 f i COM.obj
 0001:0000ff40       ?deallocate@?$allocator@U_Node@?$_List_nod@PAVCBufferEx@@V?$allocator@PAVCBufferEx@@@std@@@std@@@std@@QAEXPAU_Node@?$_List_nod@PAVCBufferEx@@V?$allocator@PAVCBufferEx@@@std@@@2@I@Z 00410f40 f i COM.obj
 0001:0000ff40       ?deallocate@?$allocator@V_Aux_cont@std@@@std@@QAEXPAV_Aux_cont@2@I@Z 00410f40 f i COM.obj
 0001:0000ff40       ?deallocate@?$allocator@D@std@@QAEXPADI@Z 00410f40 f i COM.obj
 0001:0000ff60       ?allocate@?$allocator@U_Node@?$_List_nod@PAVCBufferEx@@V?$allocator@PAVCBufferEx@@@std@@@std@@@std@@QAEPAU_Node@?$_List_nod@PAVCBufferEx@@V?$allocator@PAVCBufferEx@@@std@@@2@I@Z 00410f60 f i COM.obj
 0001:0000ff80       ?destroy@?$allocator@U_Node@?$_List_nod@PAVCBufferEx@@V?$allocator@PAVCBufferEx@@@std@@@std@@@std@@QAEXPAU_Node@?$_List_nod@PAVCBufferEx@@V?$allocator@PAVCBufferEx@@@std@@@2@@Z 00410f80 f i COM.obj
 0001:0000ff80       ?destroy@?$allocator@PAU_Node@?$_List_nod@PAVCBufferEx@@V?$allocator@PAVCBufferEx@@@std@@@std@@@std@@QAEXPAPAU_Node@?$_List_nod@PAVCBufferEx@@V?$allocator@PAVCBufferEx@@@std@@@2@@Z 00410f80 f i COM.obj
 0001:0000ffa0       ??0?$_Const_iterator@$00@?$list@PAVCBufferEx@@V?$allocator@PAVCBufferEx@@@std@@@std@@QAE@PAU_Node@?$_List_nod@PAVCBufferEx@@V?$allocator@PAVCBufferEx@@@std@@@2@PBV12@@Z 00410fa0 f i COM.obj
 0001:0000fff0       ?_Set_container@_Iterator_base_aux@std@@QAEXQBV_Container_base_aux@2@@Z 00410ff0 f i COM.obj
 0001:00010010       ??E?$_Const_iterator@$00@?$list@PAVCBufferEx@@V?$allocator@PAVCBufferEx@@@std@@@std@@QAE?AV012@H@Z 00411010 f i COM.obj
 0001:00010050       ??0length_error@std@@QAE@ABV01@@Z 00411050 f i COM.obj
 0001:00010080       ??0logic_error@std@@QAE@ABV01@@Z 00411080 f i COM.obj
 0001:000100f0       ??0?$_Bidit@PAVCBufferEx@@HPBQAV1@ABQAV1@@std@@QAE@XZ 004110f0 f i COM.obj
 0001:00010110       ??0?$_Iterator_with_base@Ubidirectional_iterator_tag@std@@PAVCBufferEx@@HPBQAV3@ABQAV3@V_Iterator_base_aux@2@@std@@QAE@XZ 00411110 f i COM.obj
 0001:00010130       ??0_Iterator_base_aux@std@@QAE@XZ 00411130 f i COM.obj
 0001:00010150       ??0?$basic_string@DU?$char_traits@D@std@@V?$allocator@D@2@@std@@QAE@PBD@Z 00411150 f i COM.obj
 0001:00010190       ?max_size@?$basic_string@DU?$char_traits@D@std@@V?$allocator@D@2@@std@@QBEIXZ 00411190 f i COM.obj
 0001:000101d0       ?_Copy@?$basic_string@DU?$char_traits@D@std@@V?$allocator@D@2@@std@@IAEXII@Z 004111d0 f i COM.obj
 0001:00010350       ?max_size@?$list@PAVCBufferEx@@V?$allocator@PAVCBufferEx@@@std@@@std@@QBEIXZ 00411350 f i COM.obj
 0001:00010370       ??0?$_List_nod@PAVCBufferEx@@V?$allocator@PAVCBufferEx@@@std@@@std@@IAE@V?$allocator@PAVCBufferEx@@@1@@Z 00411370 f i COM.obj
 0001:000103b0       ?construct@?$allocator@PAU_Node@?$_List_nod@PAVCBufferEx@@V?$allocator@PAVCBufferEx@@@std@@@std@@@std@@QAEXPAPAU_Node@?$_List_nod@PAVCBufferEx@@V?$allocator@PAVCBufferEx@@@std@@@2@ABQAU342@@Z 004113b0 f i COM.obj
 0001:000103b0       ?construct@?$allocator@PAVCBufferEx@@@std@@QAEXPAPAVCBufferEx@@ABQAV3@@Z 004113b0 f i COM.obj
 0001:000103d0       ??E?$_Const_iterator@$00@?$list@PAVCBufferEx@@V?$allocator@PAVCBufferEx@@@std@@@std@@QAEAAV012@XZ 004113d0 f i COM.obj
 0001:00010440       ?assign@?$basic_string@DU?$char_traits@D@std@@V?$allocator@D@2@@std@@QAEAAV12@PBD@Z 00411440 f i COM.obj
 0001:00010470       ?length@?$char_traits@D@std@@SAIPBD@Z 00411470 f i COM.obj
 0001:00010490       ??0?$_String_val@DV?$allocator@D@std@@@std@@IAE@V?$allocator@D@1@@Z 00411490 f i COM.obj
 0001:000104b0       ?allocate@?$allocator@D@std@@QAEPADI@Z 004114b0 f i COM.obj
 0001:000104d0       ?max_size@?$allocator@D@std@@QBEIXZ 004114d0 f i COM.obj
 0001:00010500       ??0?$_Container_base_aux_alloc_real@V?$allocator@PAVCBufferEx@@@std@@@std@@IAE@V?$allocator@PAVCBufferEx@@@1@@Z 00411500 f i COM.obj
 0001:000105c0       ??0_Aux_cont@std@@QAE@QBV_Container_base_aux@1@@Z 004115c0 f i COM.obj
 0001:000105e0       ??0?$allocator@PAVCBufferEx@@@std@@QAE@XZ 004115e0 f i COM.obj
 0001:000105e0       ??0CObject@@IAE@XZ         004115e0 f i CBSocket.obj
 0001:000105e0       ??0_Container_base_aux@std@@QAE@XZ 004115e0 f i COM.obj
 0001:000105e0       ??0CRect@@QAE@XZ           004115e0 f i CELL.obj
 0001:000105e0       ??0CSize@@QAE@XZ           004115e0 f i CELL.obj
 0001:000105e0       ??0CPoint@@QAE@XZ          004115e0 f i CELL.obj
 0001:000105e0       ??0?$allocator@D@std@@QAE@XZ 004115e0 f i COM.obj
 0001:000105f0       ?max_size@?$allocator@PAVCBufferEx@@@std@@QBEIXZ 004115f0 f i COM.obj
 0001:00010620       ?assign@?$basic_string@DU?$char_traits@D@std@@V?$allocator@D@2@@std@@QAEAAV12@PBDI@Z 00411620 f i COM.obj
 0001:000106b0       ?allocate@?$allocator@V_Aux_cont@std@@@std@@QAEPAV_Aux_cont@2@I@Z 004116b0 f i COM.obj
 0001:000106d0       ?_Inside@?$basic_string@DU?$char_traits@D@std@@V?$allocator@D@2@@std@@IAE_NPBD@Z 004116d0 f i COM.obj
 0001:00010710       ?Format@?$CStringT@DV?$StrTraitMFC@DV?$ChTraitsCRT@D@ATL@@@@@ATL@@QAAXIZZ 00411710 f i COM.obj
 0001:000107c0       ??$_snprintf_s@$0EAA@@@YAHAAY0EAA@DIPBDZZ 004117c0 f i COM.obj
 0001:000107f0       ??$copy_s@U?$char_traits@D@std@@@_Traits_helper@std@@YAPADPADIPBDI@Z 004117f0 f i COM.obj
 0001:00010820       ??$move_s@U?$char_traits@D@std@@@_Traits_helper@std@@YAPADPADIPBDI@Z 00411820 f i COM.obj
 0001:00010850       ??$?0PAVCBufferEx@@@?$allocator@PAU_Node@?$_List_nod@PAVCBufferEx@@V?$allocator@PAVCBufferEx@@@std@@@std@@@std@@QAE@ABV?$allocator@PAVCBufferEx@@@1@@Z 00411850 f i COM.obj
 0001:00010850       ??$?0PAVCBufferEx@@@?$allocator@V_Aux_cont@std@@@std@@QAE@ABV?$allocator@PAVCBufferEx@@@1@@Z 00411850 f i COM.obj
 0001:00010850       ??0?$allocator@PAVCBufferEx@@@std@@QAE@ABV01@@Z 00411850 f i COM.obj
 0001:00010850       ??$?0PAVCBufferEx@@@?$allocator@U_Node@?$_List_nod@PAVCBufferEx@@V?$allocator@PAVCBufferEx@@@std@@@std@@@std@@QAE@ABV?$allocator@PAVCBufferEx@@@1@@Z 00411850 f i COM.obj
 0001:00010850       ??0?$allocator@D@std@@QAE@ABV01@@Z 00411850 f i COM.obj
 0001:00010860       ??$_Allocate@U_Node@?$_List_nod@PAVCBufferEx@@V?$allocator@PAVCBufferEx@@@std@@@std@@@std@@YAPAU_Node@?$_List_nod@PAVCBufferEx@@V?$allocator@PAVCBufferEx@@@std@@@0@IPAU120@@Z 00411860 f i COM.obj
 0001:000108b0       ??0bad_alloc@std@@QAE@PBD@Z 004118b0 f i COM.obj
 0001:000108e0       ??1bad_alloc@std@@UAE@XZ   004118e0 f i COM.obj
 0001:00010900       ??_Gbad_alloc@std@@UAEPAXI@Z 00411900 f i COM.obj
 0001:00010900       ??_Ebad_alloc@std@@UAEPAXI@Z 00411900 f i COM.obj
 0001:00010930       ??$_Destroy@PAU_Node@?$_List_nod@PAVCBufferEx@@V?$allocator@PAVCBufferEx@@@std@@@std@@@std@@YAXPAPAU_Node@?$_List_nod@PAVCBufferEx@@V?$allocator@PAVCBufferEx@@@std@@@0@@Z 00411930 f i COM.obj
 0001:00010930       ??$_Destroy@U_Node@?$_List_nod@PAVCBufferEx@@V?$allocator@PAVCBufferEx@@@std@@@std@@@std@@YAXPAU_Node@?$_List_nod@PAVCBufferEx@@V?$allocator@PAVCBufferEx@@@std@@@0@@Z 00411930 f i COM.obj
 0001:00010930       ??3@YAXPAX0@Z              00411930 f i COM.obj
 0001:00010940       ??$_Construct@PAVCBufferEx@@PAV1@@std@@YAXPAPAVCBufferEx@@ABQAV1@@Z 00411940 f i COM.obj
 0001:00010940       ??$_Construct@PAU_Node@?$_List_nod@PAVCBufferEx@@V?$allocator@PAVCBufferEx@@@std@@@std@@PAU123@@std@@YAXPAPAU_Node@?$_List_nod@PAVCBufferEx@@V?$allocator@PAVCBufferEx@@@std@@@0@ABQAU120@@Z 00411940 f i COM.obj
 0001:00010980       ??$_Allocate@D@std@@YAPADIPAD@Z 00411980 f i COM.obj
 0001:000109d0       ??$_Allocate@V_Aux_cont@std@@@std@@YAPAV_Aux_cont@0@IPAV10@@Z 004119d0 f i COM.obj
 0001:00010a20       ??0bad_alloc@std@@QAE@ABV01@@Z 00411a20 f i COM.obj
 0001:00010a50       ??0?$CStringT@DV?$StrTraitMFC@DV?$ChTraitsCRT@D@ATL@@@@@ATL@@QAE@PAUIAtlStringMgr@1@@Z 00411a50 f i COM.obj
 0001:00010a70       ?GetManager@?$CStringT@DV?$StrTraitMFC@DV?$ChTraitsCRT@D@ATL@@@@@ATL@@QBEPAUIAtlStringMgr@2@XZ 00411a70 f i COM.obj
 0001:00010ab0       ?GetManager@?$CSimpleStringT@D$0A@@ATL@@QBEPAUIAtlStringMgr@2@XZ 00411ab0 f i COM.obj
 0001:00010af0       ??$_Char_traits_cat@U?$char_traits@D@std@@@std@@YA?AU_Secure_char_traits_tag@0@XZ 00411af0 f i COM.obj
 0001:00010b00       ??$copy_s@U?$char_traits@D@std@@@_Traits_helper@std@@YAPADPADIPBDIU_Secure_char_traits_tag@1@@Z 00411b00 f i COM.obj
 0001:00010b20       ?_Copy_s@?$char_traits@D@std@@SAPADPADIPBDI@Z 00411b20 f i COM.obj
 0001:00010b40       ??$move_s@U?$char_traits@D@std@@@_Traits_helper@std@@YAPADPADIPBDIU_Secure_char_traits_tag@1@@Z 00411b40 f i COM.obj
 0001:00010b60       ?_Move_s@?$char_traits@D@std@@SAPADPADIPBDI@Z 00411b60 f i COM.obj
 0001:00010b80       ?GetSize@CByteArray@@QBEHXZ 00411b80 f i GuildFortress.obj
 0001:00010b80       ?GetSize@?$CArray@HH@@QBEHXZ 00411b80 f i CELL.obj
 0001:00010b80       ?GetSize@CWordArray@@QBEHXZ 00411b80 f i COM.obj
 0001:00010b80       ?GetSize@CPtrArray@@QBEHXZ 00411b80 f i CELL.obj
 0001:00010b80       ?GetStatus@COleDateTime@ATL@@QBE?AW4DateTimeStatus@12@XZ 00411b80 f i COM.obj
 0001:00010b80       ?GetSize@CUIntArray@@QBEHXZ 00411b80 f i USER2.obj
 0001:00010b80       ?GetSize@?$CArray@VCPoint@@V1@@@QBEHXZ 00411b80 f i CELL.obj
 0001:00010b80       ?GetSize@CDWordArray@@QBEHXZ 00411b80 f i COM.obj
 0001:00010ba0       ??ACWordArray@@QAEAAGH@Z   00411ba0 f i COM.obj
 0001:00010bc0       ?ElementAt@CWordArray@@QAEAAGH@Z 00411bc0 f i COM.obj
 0001:00010bf0       ??0COleDateTime@ATL@@QAE@ABU_SYSTEMTIME@@@Z 00411bf0 f i COM.obj
 0001:00010c20       ??0COleDateTime@ATL@@QAE@HHHHHH@Z 00411c20 f i COM.obj
 0001:00010c50       ?GetYear@COleDateTime@ATL@@QBEHXZ 00411c50 f i COM.obj
 0001:00010c90       ?GetAsSystemTime@COleDateTime@ATL@@QBE_NAAU_SYSTEMTIME@@@Z 00411c90 f i COM.obj
 0001:00010ce0       ?GetMonth@COleDateTime@ATL@@QBEHXZ 00411ce0 f i COM.obj
 0001:00010d20       ?GetDay@COleDateTime@ATL@@QBEHXZ 00411d20 f i COM.obj
 0001:00010d60       ?GetHour@COleDateTime@ATL@@QBEHXZ 00411d60 f i COM.obj
 0001:00010da0       ?GetMinute@COleDateTime@ATL@@QBEHXZ 00411da0 f i COM.obj
 0001:00010de0       ?GetSecond@COleDateTime@ATL@@QBEHXZ 00411de0 f i COM.obj
 0001:00010e20       ??4COleDateTime@ATL@@QAEAAV01@ABU_SYSTEMTIME@@@Z 00411e20 f i COM.obj
 0001:00010e50       ?ConvertSystemTimeToVariantTime@COleDateTime@ATL@@IAEHABU_SYSTEMTIME@@@Z 00411e50 f i COM.obj
 0001:00010e70       ?AtlConvertSystemTimeToVariantTime@ATL@@YAHABU_SYSTEMTIME@@PAN@Z 00411e70 f i COM.obj
 0001:00010f70       ?SetDateTime@COleDateTime@ATL@@QAEHHHHHHH@Z 00411f70 f i COM.obj
 0001:00010fe0       ?SetByte@@YAXPADEAAH@Z     00411fe0 f i COM.obj
 0001:00011000       ?SetShort@@YAXPADHAAH@Z    00412000 f i COM.obj
 0001:00011040       ?SetDWORD@@YAXPADKAAH@Z    00412040 f i COM.obj
 0001:00011040       ?SetInt@@YAXPADHAAH@Z      00412040 f i GuildFortress.obj
 0001:00011070       ??4?$CStringT@DV?$StrTraitMFC@DV?$ChTraitsCRT@D@ATL@@@@@ATL@@QAEAAV01@ABV01@@Z 00412070 f i COM.obj
 0001:00011090       ?ReleaseBuffer@?$CSimpleStringT@D$0A@@ATL@@QAEXH@Z 00412090 f i COM.obj
 0001:000110e0       ??4?$CSimpleStringT@D$0A@@ATL@@QAEAAV01@ABV01@@Z 004120e0 f i COM.obj
 0001:00011170       ?StringLengthN@?$CSimpleStringT@D$0A@@ATL@@SAHPBDI@Z 00412170 f i COM.obj
 0001:00011190       ?CloneData@?$CSimpleStringT@D$0A@@ATL@@CAPAUCStringData@2@PAU32@@Z 00412190 f i COM.obj
 0001:00011240       ?AddRef@CStringData@ATL@@QAEXXZ 00412240 f i COM.obj
 0001:00011260       ?Format@?$CStringT@DV?$StrTraitMFC@DV?$ChTraitsCRT@D@ATL@@@@@ATL@@QAAXPBDZZ 00412260 f i COM.obj
 0001:00011290       ?AppendFormat@?$CStringT@DV?$StrTraitMFC@DV?$ChTraitsCRT@D@ATL@@@@@ATL@@QAAXPBDZZ 00412290 f i COM.obj
 0001:000112c0       ?AppendFormatV@?$CStringT@DV?$StrTraitMFC@DV?$ChTraitsCRT@D@ATL@@@@@ATL@@QAEXPBDPAD@Z 004122c0 f i COM.obj
 0001:00011330       ?FormatV@?$CStringT@DV?$StrTraitMFC@DV?$ChTraitsCRT@D@ATL@@@@@ATL@@QAEXPBDPAD@Z 00412330 f i COM.obj
 0001:000113a0       ?GetFormattedLength@?$ChTraitsCRT@D@ATL@@SAHPBDPAD@Z 004123a0 f i COM.obj
 0001:000113c0       ?Format@?$ChTraitsCRT@D@ATL@@SAHPADIPBD0@Z 004123c0 f i COM.obj
 0001:000113e0       ??0CCompressManager@@QAE@XZ 004123e0 f   Compress.obj
 0001:00011440       ??1CCompressManager@@UAE@XZ 00412440 f   Compress.obj
 0001:00011490       ?AddData@CCompressManager@@QAEHPADJ@Z 00412490 f   Compress.obj
 0001:00011600       ?ReadBuffer@@YAIPADPAIPAX@Z 00412600 f   Compress.obj
 0001:000116c0       ?WriteBuffer@@YAXPADPAIPAX@Z 004126c0 f   Compress.obj
 0001:00011770       ?PreCompressWork@CCompressManager@@QAEHXZ 00412770 f   Compress.obj
 0001:00011980       ?Compress@CCompressManager@@QAEHXZ 00412980 f   Compress.obj
 0001:000119e0       ?FlushAddData@CCompressManager@@QAEXXZ 004129e0 f   Compress.obj
 0001:00011b70       ?SetCompressionData@CCompressManager@@QAEXPADJ@Z 00412b70 f   Compress.obj
 0001:00011bc0       ?PreUncompressWork@CCompressManager@@QAEHJJ@Z 00412bc0 f   Compress.obj
 0001:00011d00       ?Extract@CCompressManager@@QAEHXZ 00412d00 f   Compress.obj
 0001:00011d50       ?FlushExtractedData@CCompressManager@@QAEXXZ 00412d50 f   Compress.obj
 0001:00011e20       ??_ECCompressManager@@UAEPAXI@Z 00412e20 f i Compress.obj
 0001:00011e20       ??_GCCompressManager@@UAEPAXI@Z 00412e20 f i Compress.obj
 0001:00011e50       ??0CCompressData@@QAE@XZ   00412e50 f i Compress.obj
 0001:00011e80       ?SetDataPtr@CCompressData@@QAEXPAD@Z 00412e80 f i Compress.obj
 0001:00011ea0       ??_GCCompressData@@UAEPAXI@Z 00412ea0 f i Compress.obj
 0001:00011ea0       ??_ECCompressData@@UAEPAXI@Z 00412ea0 f i Compress.obj
 0001:00011ed0       ??1CCompressData@@UAE@XZ   00412ed0 f i Compress.obj
 0001:00011f50       ?GetNext@CObList@@QAEAAPAVCObject@@AAPAU__POSITION@@@Z 00412f50 f i Compress.obj
 0001:00011f90       ?GetAt@CObList@@QAEAAPAVCObject@@PAU__POSITION@@@Z 00412f90 f i Compress.obj
 0001:00011fc0       ?GetRuntimeClass@CDBItemInfo@@UBEPAUCRuntimeClass@@XZ 00412fc0 f   DBItemInfo.obj
 0001:00011fd0       ??0CDBItemInfo@@QAE@PAVCDatabase@@@Z 00412fd0 f   DBItemInfo.obj
 0001:00012190       ?GetDefaultConnect@CDBItemInfo@@UAE?AV?$CStringT@DV?$StrTraitMFC@DV?$ChTraitsCRT@D@ATL@@@@@ATL@@XZ 00413190 f   DBItemInfo.obj
 0001:000121c0       ?GetDefaultSQL@CDBItemInfo@@UAE?AV?$CStringT@DV?$StrTraitMFC@DV?$ChTraitsCRT@D@ATL@@@@@ATL@@XZ 004131c0 f   DBItemInfo.obj
 0001:000121f0       ?DoFieldExchange@CDBItemInfo@@UAEXPAVCFieldExchange@@@Z 004131f0 f   DBItemInfo.obj
 0001:00012490       ??0CDNTable@@QAE@XZ        00413490 f   DNTable.obj
 0001:000124d0       ??1CDNTable@@UAE@XZ        004134d0 f   DNTable.obj
 0001:000124f0       ??_ECDNTable@@UAEPAXI@Z    004134f0 f i DNTable.obj
 0001:000124f0       ??_GCDNTable@@UAEPAXI@Z    004134f0 f i DNTable.obj
 0001:00012520       ?GetRuntimeClass@CDNTableSet@@UBEPAUCRuntimeClass@@XZ 00413520 f   DNTableSet.obj
 0001:00012530       ??0CDNTableSet@@QAE@PAVCDatabase@@@Z 00413530 f   DNTableSet.obj
 0001:000125a0       ?GetDefaultConnect@CDNTableSet@@UAE?AV?$CStringT@DV?$StrTraitMFC@DV?$ChTraitsCRT@D@ATL@@@@@ATL@@XZ 004135a0 f   DNTableSet.obj
 0001:000125d0       ?GetDefaultSQL@CDNTableSet@@UAE?AV?$CStringT@DV?$StrTraitMFC@DV?$ChTraitsCRT@D@ATL@@@@@ATL@@XZ 004135d0 f   DNTableSet.obj
 0001:00012600       ?DoFieldExchange@CDNTableSet@@UAEXPAVCFieldExchange@@@Z 00413600 f   DNTableSet.obj
 0001:00012660       ?GetRuntimeClass@CDressingSet@@UBEPAUCRuntimeClass@@XZ 00413660 f   DressingSet.obj
 0001:00012670       ??0CDressingSet@@QAE@PAVCDatabase@@@Z 00413670 f   DressingSet.obj
 0001:000127f0       ?GetDefaultConnect@CDressingSet@@UAE?AV?$CStringT@DV?$StrTraitMFC@DV?$ChTraitsCRT@D@ATL@@@@@ATL@@XZ 004137f0 f   DressingSet.obj
 0001:00012820       ?GetDefaultSQL@CDressingSet@@UAE?AV?$CStringT@DV?$StrTraitMFC@DV?$ChTraitsCRT@D@ATL@@@@@ATL@@XZ 00413820 f   DressingSet.obj
 0001:00012850       ?DoFieldExchange@CDressingSet@@UAEXPAVCFieldExchange@@@Z 00413850 f   DressingSet.obj
 0001:00012aa0       ??0CEBodyIdentifyTable@@QAE@XZ 00413aa0 f   EBodyIdentifyTable.obj
 0001:00012ac0       ??1CEBodyIdentifyTable@@UAE@XZ 00413ac0 f   EBodyIdentifyTable.obj
 0001:00012ae0       ??_ECEBodyIdentifyTable@@UAEPAXI@Z 00413ae0 f i EBodyIdentifyTable.obj
 0001:00012ae0       ??_GCEBodyIdentifyTable@@UAEPAXI@Z 00413ae0 f i EBodyIdentifyTable.obj
 0001:00012b10       ?GetRuntimeClass@CEBodyIdentifyTableSet@@UBEPAUCRuntimeClass@@XZ 00413b10 f   EBodyIdentifyTableSet.obj
 0001:00012b20       ??0CEBodyIdentifyTableSet@@QAE@PAVCDatabase@@@Z 00413b20 f   EBodyIdentifyTableSet.obj
 0001:00012b70       ?GetDefaultConnect@CEBodyIdentifyTableSet@@UAE?AV?$CStringT@DV?$StrTraitMFC@DV?$ChTraitsCRT@D@ATL@@@@@ATL@@XZ 00413b70 f   EBodyIdentifyTableSet.obj
 0001:00012ba0       ?GetDefaultSQL@CEBodyIdentifyTableSet@@UAE?AV?$CStringT@DV?$StrTraitMFC@DV?$ChTraitsCRT@D@ATL@@@@@ATL@@XZ 00413ba0 f   EBodyIdentifyTableSet.obj
 0001:00012bd0       ?DoFieldExchange@CEBodyIdentifyTableSet@@UAEXPAVCFieldExchange@@@Z 00413bd0 f   EBodyIdentifyTableSet.obj
 0001:00012c00       ?GetRuntimeClass@CEBodyStoreSet@@UBEPAUCRuntimeClass@@XZ 00413c00 f   EBodyStoreSet.obj
 0001:00012c10       ??0CEBodyStoreSet@@QAE@PAVCDatabase@@@Z 00413c10 f   EBodyStoreSet.obj
 0001:00012c70       ?GetDefaultConnect@CEBodyStoreSet@@UAE?AV?$CStringT@DV?$StrTraitMFC@DV?$ChTraitsCRT@D@ATL@@@@@ATL@@XZ 00413c70 f   EBodyStoreSet.obj
 0001:00012ca0       ?GetDefaultSQL@CEBodyStoreSet@@UAE?AV?$CStringT@DV?$StrTraitMFC@DV?$ChTraitsCRT@D@ATL@@@@@ATL@@XZ 00413ca0 f   EBodyStoreSet.obj
 0001:00012cd0       ?DoFieldExchange@CEBodyStoreSet@@UAEXPAVCFieldExchange@@@Z 00413cd0 f   EBodyStoreSet.obj
 0001:00012d20       ??0CEBodyTable@@QAE@XZ     00413d20 f   EBodyTable.obj
 0001:00012d80       ??1CEBodyTable@@UAE@XZ     00413d80 f   EBodyTable.obj
 0001:00012da0       ??_GCEBodyTable@@UAEPAXI@Z 00413da0 f i EBodyTable.obj
 0001:00012da0       ??_ECEBodyTable@@UAEPAXI@Z 00413da0 f i EBodyTable.obj
 0001:00012dd0       ?GetRuntimeClass@CEBodyTableSet@@UBEPAUCRuntimeClass@@XZ 00413dd0 f   EBodyTableSet.obj
 0001:00012de0       ??0CEBodyTableSet@@QAE@PAVCDatabase@@@Z 00413de0 f   EBodyTableSet.obj
 0001:00012ee0       ?GetDefaultConnect@CEBodyTableSet@@UAE?AV?$CStringT@DV?$StrTraitMFC@DV?$ChTraitsCRT@D@ATL@@@@@ATL@@XZ 00413ee0 f   EBodyTableSet.obj
 0001:00012f10       ?GetDefaultSQL@CEBodyTableSet@@UAE?AV?$CStringT@DV?$StrTraitMFC@DV?$ChTraitsCRT@D@ATL@@@@@ATL@@XZ 00413f10 f   EBodyTableSet.obj
 0001:00012f40       ?DoFieldExchange@CEBodyTableSet@@UAEXPAVCFieldExchange@@@Z 00413f40 f   EBodyTableSet.obj
 0001:00013040       ??0CEBodyUpgradeTable@@QAE@XZ 00414040 f   EBodyUpgradeTable.obj
 0001:00013070       ??1CEBodyUpgradeTable@@UAE@XZ 00414070 f   EBodyUpgradeTable.obj
 0001:00013090       ??_GCEBodyUpgradeTable@@UAEPAXI@Z 00414090 f i EBodyUpgradeTable.obj
 0001:00013090       ??_ECEBodyUpgradeTable@@UAEPAXI@Z 00414090 f i EBodyUpgradeTable.obj
 0001:000130c0       ?GetRuntimeClass@CEBodyUpgradeTableSet@@UBEPAUCRuntimeClass@@XZ 004140c0 f   EBodyUpgradeTableSet.obj
 0001:000130d0       ??0CEBodyUpgradeTableSet@@QAE@PAVCDatabase@@@Z 004140d0 f   EBodyUpgradeTableSet.obj
 0001:00013130       ?GetDefaultConnect@CEBodyUpgradeTableSet@@UAE?AV?$CStringT@DV?$StrTraitMFC@DV?$ChTraitsCRT@D@ATL@@@@@ATL@@XZ 00414130 f   EBodyUpgradeTableSet.obj
 0001:00013160       ?GetDefaultSQL@CEBodyUpgradeTableSet@@UAE?AV?$CStringT@DV?$StrTraitMFC@DV?$ChTraitsCRT@D@ATL@@@@@ATL@@XZ 00414160 f   EBodyUpgradeTableSet.obj
 0001:00013190       ?DoFieldExchange@CEBodyUpgradeTableSet@@UAEXPAVCFieldExchange@@@Z 00414190 f   EBodyUpgradeTableSet.obj
 0001:000131f0       ?GetRuntimeClass@CErrorLog@@UBEPAUCRuntimeClass@@XZ 004141f0 f   ErrorLog.obj
 0001:00013200       ??0CErrorLog@@QAE@XZ       00414200 f   ErrorLog.obj
 0001:000132b0       ??1CErrorLog@@UAE@XZ       004142b0 f   ErrorLog.obj
 0001:00013340       ?OpenFile@CErrorLog@@QAEHPBD@Z 00414340 f   ErrorLog.obj
 0001:00013410       ?SetFullPath@CErrorLog@@QAEXH@Z 00414410 f   ErrorLog.obj
 0001:00013430       ?_WriteError@CErrorLog@@QAEHHPBD00HK@Z 00414430 f   ErrorLog.obj
 0001:000135b0       ?_WriteError@CErrorLog@@QAEHHPBD00H0@Z 004145b0 f   ErrorLog.obj
 0001:00013720       ?_ShowError@CErrorLog@@QAEHHPBD00HK@Z 00414720 f   ErrorLog.obj
 0001:00013870       ?GetSysErrorText@CErrorLog@@QAE?AV?$CStringT@DV?$StrTraitMFC@DV?$ChTraitsCRT@D@ATL@@@@@ATL@@K@Z 00414870 f   ErrorLog.obj
 0001:000138e0       ?GetSysErrorText@CErrorLog@@QAEKAAV?$CStringT@DV?$StrTraitMFC@DV?$ChTraitsCRT@D@ATL@@@@@ATL@@K@Z 004148e0 f   ErrorLog.obj
 0001:000139c0       ?GetErrorTime@CErrorLog@@AAEXXZ 004149c0 f   ErrorLog.obj
 0001:00013a10       ?RemoveReturn@CErrorLog@@QAEHAAV?$CStringT@DV?$StrTraitMFC@DV?$ChTraitsCRT@D@ATL@@@@@ATL@@@Z 00414a10 f   ErrorLog.obj
 0001:00013b10       ?GetProgPath@CErrorLog@@AAE?AV?$CStringT@DV?$StrTraitMFC@DV?$ChTraitsCRT@D@ATL@@@@@ATL@@XZ 00414b10 f   ErrorLog.obj
 0001:00013c30       ?GetFileName@CErrorLog@@QAE?AV?$CStringT@DV?$StrTraitMFC@DV?$ChTraitsCRT@D@ATL@@@@@ATL@@PBD@Z 00414c30 f   ErrorLog.obj
 0001:00013d20       ??_ECErrorLog@@UAEPAXI@Z   00414d20 f i ErrorLog.obj
 0001:00013d20       ??_GCErrorLog@@UAEPAXI@Z   00414d20 f i ErrorLog.obj
 0001:00013d50       ??Y?$CStringT@DV?$StrTraitMFC@DV?$ChTraitsCRT@D@ATL@@@@@ATL@@QAEAAV01@PBD@Z 00414d50 f i ErrorLog.obj
 0001:00013d70       ??Y?$CSimpleStringT@D$0A@@ATL@@QAEAAV01@PBD@Z 00414d70 f i ErrorLog.obj
 0001:00013d90       ?Append@?$CSimpleStringT@D$0A@@ATL@@QAEXPBD@Z 00414d90 f i ErrorLog.obj
 0001:00013dc0       ?Append@?$CSimpleStringT@D$0A@@ATL@@QAEXPBDH@Z 00414dc0 f i ErrorLog.obj
 0001:00013eb0       ?SeekToEnd@CFile@@QAE_KXZ  00414eb0 f i ErrorLog.obj
 0001:00013ed0       ?SetFilePath@CFile@@UAEXPBD@Z 00414ed0 f i ErrorLog.obj
 0001:00013f00       ?AfxGetApp@@YGPAVCWinApp@@XZ 00414f00 f i ErrorLog.obj
 0001:00013f10       ??0?$CStringT@DV?$StrTraitMFC@DV?$ChTraitsCRT@D@ATL@@@@@ATL@@QAE@ABV01@@Z 00414f10 f i ErrorLog.obj
 0001:00013f30       ??0?$CSimpleStringT@D$0A@@ATL@@QAE@ABV01@@Z 00414f30 f i ErrorLog.obj
 0001:00013f70       ??0EVENT@@QAE@XZ           00414f70 f   EVENT.obj
 0001:00013fe0       ??1EVENT@@UAE@XZ           00414fe0 f   EVENT.obj
 0001:00014040       ?LoadEvent@EVENT@@QAEHH@Z  00415040 f   EVENT.obj
 0001:000147d0       ?Init@EVENT@@QAEXXZ        004157d0 f   EVENT.obj
 0001:000147f0       ?Parsing@EVENT@@QAEXPAD@Z  004157f0 f   EVENT.obj
 0001:00014800       ?DeleteAll@EVENT@@QAEXXZ   00415800 f   EVENT.obj
 0001:00014890       ??_EEVENT@@UAEPAXI@Z       00415890 f i EVENT.obj
 0001:00014890       ??_GEVENT@@UAEPAXI@Z       00415890 f i EVENT.obj
 0001:000148c0       ??0?$CTypedPtrArray@VCPtrArray@@PAVEVENT_DATA@@@@QAE@XZ 004158c0 f i EVENT.obj
 0001:000148e0       ??5CArchive@@QAEAAV0@AAE@Z 004158e0 f i EVENT.obj
 0001:00014960       ?IsLoading@CArchive@@QBEHXZ 00415960 f i EVENT.obj
 0001:00014980       ??0EVENT_DATA@@QAE@XZ      00415980 f   EVENT_DATA.obj
 0001:00014a00       ??1EVENT_DATA@@UAE@XZ      00415a00 f   EVENT_DATA.obj
 0001:00014bf0       ??_EEVENT_DATA@@UAEPAXI@Z  00415bf0 f i EVENT_DATA.obj
 0001:00014bf0       ??_GEVENT_DATA@@UAEPAXI@Z  00415bf0 f i EVENT_DATA.obj
 0001:00014c20       ??0?$CTypedPtrArray@VCPtrArray@@PAVLOGIC@@@@QAE@XZ 00415c20 f i EVENT_DATA.obj
 0001:00014c40       ??0?$CTypedPtrArray@VCPtrArray@@PAVEXEC@@@@QAE@XZ 00415c40 f i EVENT_DATA.obj
 0001:00014c60       ??0?$CTypedPtrArray@VCPtrArray@@PAVLOGIC_ELSE@@@@QAE@XZ 00415c60 f i EVENT_DATA.obj
 0001:00014c80       ??0CEventBlockingTable@@QAE@XZ 00415c80 f   EventBlockingTable.obj
 0001:00014d20       ??1CEventBlockingTable@@UAE@XZ 00415d20 f   EventBlockingTable.obj
 0001:00014db0       ?CheckUserEvent@CEventBlockingTable@@QAEHHHHH@Z 00415db0 f   EventBlockingTable.obj
 0001:00015120       ??_GCEventBlockingTable@@UAEPAXI@Z 00416120 f i EventBlockingTable.obj
 0001:00015120       ??_ECEventBlockingTable@@UAEPAXI@Z 00416120 f i EventBlockingTable.obj
 0001:00015150       ??0?$CTypedPtrArray@VCPtrArray@@PAU_EVENT@@@@QAE@XZ 00416150 f i EventBlockingTable.obj
 0001:00015170       ??0CEventItemNew@@QAE@XZ   00416170 f   EventItemNew.obj
 0001:00015200       ??1CEventItemNew@@UAE@XZ   00416200 f   EventItemNew.obj
 0001:00015220       ??_ECEventItemNew@@UAEPAXI@Z 00416220 f i EventItemNew.obj
 0001:00015220       ??_GCEventItemNew@@UAEPAXI@Z 00416220 f i EventItemNew.obj
 0001:00015250       ??0CEventItemTable@@QAE@XZ 00416250 f   EventItemTable.obj
 0001:000152c0       ??1CEventItemTable@@UAE@XZ 004162c0 f   EventItemTable.obj
 0001:000152e0       ??_GCEventItemTable@@UAEPAXI@Z 004162e0 f i EventItemTable.obj
 0001:000152e0       ??_ECEventItemTable@@UAEPAXI@Z 004162e0 f i EventItemTable.obj
 0001:00015310       ?GetRuntimeClass@CEventItemTableSet@@UBEPAUCRuntimeClass@@XZ 00416310 f   EventItemTableSet.obj
 0001:00015320       ??0CEventItemTableSet@@QAE@PAVCDatabase@@@Z 00416320 f   EventItemTableSet.obj
 0001:000153f0       ?GetDefaultConnect@CEventItemTableSet@@UAE?AV?$CStringT@DV?$StrTraitMFC@DV?$ChTraitsCRT@D@ATL@@@@@ATL@@XZ 004163f0 f   EventItemTableSet.obj
 0001:00015420       ?GetDefaultSQL@CEventItemTableSet@@UAE?AV?$CStringT@DV?$StrTraitMFC@DV?$ChTraitsCRT@D@ATL@@@@@ATL@@XZ 00416420 f   EventItemTableSet.obj
 0001:00015450       ?DoFieldExchange@CEventItemTableSet@@UAEXPAVCFieldExchange@@@Z 00416450 f   EventItemTableSet.obj
 0001:00015500       ??_GCEventItemTableSet@@UAEPAXI@Z 00416500 f i EventItemTableSet.obj
 0001:00015500       ??_ECEventItemTableSet@@UAEPAXI@Z 00416500 f i EventItemTableSet.obj
 0001:00015500       ??_GCNpcSayEventSet@@UAEPAXI@Z 00416500 f i NpcSayEventSet.obj
 0001:00015500       ??_ECDBItemInfo@@UAEPAXI@Z 00416500 f i DBItemInfo.obj
 0001:00015500       ??_ECNpcPosSet@@UAEPAXI@Z  00416500 f i NpcPosSet.obj
 0001:00015500       ??_GCDBItemInfo@@UAEPAXI@Z 00416500 f i DBItemInfo.obj
 0001:00015500       ??_GCNpcPosSet@@UAEPAXI@Z  00416500 f i NpcPosSet.obj
 0001:00015500       ??_ECNpcSayEventSet@@UAEPAXI@Z 00416500 f i NpcSayEventSet.obj
 0001:00015530       ??0CEventZone@@QAE@XZ      00416530 f   EventZone.obj
 0001:00015600       ??1CEventZone@@UAE@XZ      00416600 f   EventZone.obj
 0001:00015670       ?GetEmptyEventZone@CEventZone@@QAEHXZ 00416670 f   EventZone.obj
 0001:000157e0       ?SingleInit@CEventZone@@QAEXXZ 004167e0 f   EventZone.obj
 0001:00015920       ?RemoveUserInEventZone@CEventZone@@QAEXH@Z 00416920 f   EventZone.obj
 0001:00015cd0       ?CheckSingleEventZoneWarEnd@CEventZone@@QAEXH@Z 00416cd0 f   EventZone.obj
 0001:00016000       ?CheckUserStateInEventZone@CEventZone@@QAEXH@Z 00417000 f   EventZone.obj
 0001:00016080       ??_GCEventZone@@UAEPAXI@Z  00417080 f i EventZone.obj
 0001:00016080       ??_ECEventZone@@UAEPAXI@Z  00417080 f i EventZone.obj
 0001:000160b0       ??0_EVENT_ZONE@@QAE@XZ     004170b0 f i EventZone.obj
 0001:000160d0       ??1_EVENT_ZONE@@QAE@XZ     004170d0 f i EventZone.obj
 0001:000160f0       ?GetCOM@CServerDlg@@QAEPAVCOM@@XZ 004170f0 f i EventZone.obj
 0001:00016110       ?Add@CWordArray@@QAEHG@Z   00417110 f i EventZone.obj
 0001:00016140       ??0EXEC@@QAE@XZ            00417140 f   EXEC.obj
 0001:00016160       ??1EXEC@@UAE@XZ            00417160 f   EXEC.obj
 0001:00016180       ?Parse@EXEC@@QAEXPAD@Z     00417180 f   EXEC.obj
 0001:0001aa90       ?Init@EXEC@@QAEXXZ         0041ba90 f   EXEC.obj
 0001:0001aad0       ??_EEXEC@@UAEPAXI@Z        0041bad0 f i EXEC.obj
 0001:0001aad0       ??_GEXEC@@UAEPAXI@Z        0041bad0 f i EXEC.obj
 0001:0001ab00       ?myrand@@YAHHHH@Z          0041bb00 f   global.obj
 0001:0001aba0       ?_DisplayErrorMsg@@YAXPAXPBDH@Z 0041bba0 f   global.obj
 0001:0001ac30       ?_ID@@YA?AV?$CStringT@DV?$StrTraitMFC@DV?$ChTraitsCRT@D@ATL@@@@@ATL@@G@Z 0041bc30 f   global.obj
 0001:0001acb0       ?_GetVarString@@YAHHPAD0AAH0H@Z 0041bcb0 f   global.obj
 0001:0001ad10       ?_GetVarLongString@@YAHHPAD0AAH0H@Z 0041bd10 f   global.obj
 0001:0001ad70       ?_GetString@@YAXPAD0HAAH0H@Z 0041bd70 f   global.obj
 0001:0001adf0       ?ParseSpace@@YAHPAD0@Z     0041bdf0 f   global.obj
 0001:0001aed0       ?ParseSpaceInUser@@YAHPAD0H@Z 0041bed0 f   global.obj
 0001:0001afc0       ?GetProgPath@@YA?AV?$CStringT@DV?$StrTraitMFC@DV?$ChTraitsCRT@D@ATL@@@@@ATL@@XZ 0041bfc0 f   global.obj
 0001:0001b0d0       ?ConvertToClient@@YA?AVCPoint@@HHHH@Z 0041c0d0 f   global.obj
 0001:0001b140       ?ConvertToServer@@YA?AVCPoint@@HHHH@Z 0041c140 f   global.obj
 0001:0001b220       ?XdY@@YAHHH@Z              0041c220 f   global.obj
 0001:0001b280       ?SpaceCopy@@YAXPADV?$CStringT@DV?$StrTraitMFC@DV?$ChTraitsCRT@D@ATL@@@@@ATL@@H@Z 0041c280 f   global.obj
 0001:0001b2f0       ?SpaceCopy@@YAXAAV?$CStringT@DV?$StrTraitMFC@DV?$ChTraitsCRT@D@ATL@@@@@ATL@@V12@H@Z 0041c2f0 f   global.obj
 0001:0001b3b0       ?CheckMaxValue@@YAXAAKK@Z  0041c3b0 f   global.obj
 0001:0001b3f0       ?CheckMaxValue@@YAXAAHH@Z  0041c3f0 f   global.obj
 0001:0001b430       ?CheckMaxValue@@YAXAAFF@Z  0041c430 f   global.obj
 0001:0001b480       ?CheckMaxValueReturn@@YAHAAKK@Z 0041c480 f   global.obj
 0001:0001b4b0       ?Left@?$CStringT@DV?$StrTraitMFC@DV?$ChTraitsCRT@D@ATL@@@@@ATL@@QBE?AV12@H@Z 0041c4b0 f i global.obj
 0001:0001b530       ??0?$CStringT@DV?$StrTraitMFC@DV?$ChTraitsCRT@D@ATL@@@@@ATL@@QAE@PBDHPAUIAtlStringMgr@1@@Z 0041c530 f i global.obj
 0001:0001b560       ??0?$CSimpleStringT@D$0A@@ATL@@QAE@PBDHPAUIAtlStringMgr@1@@Z 0041c560 f i global.obj
 0001:0001b600       ?GetByte@@YAEPADAAH@Z      0041c600 f i global.obj
 0001:0001b630       ?GetShort@@YAHPADAAH@Z     0041c630 f i global.obj
 0001:0001b650       ??Y?$CStringT@DV?$StrTraitMFC@DV?$ChTraitsCRT@D@ATL@@@@@ATL@@QAEAAV01@D@Z 0041c650 f i global.obj
 0001:0001b670       ??Y?$CSimpleStringT@D$0A@@ATL@@QAEAAV01@D@Z 0041c670 f i global.obj
 0001:0001b690       ?AppendChar@?$CSimpleStringT@D$0A@@ATL@@QAEXD@Z 0041c690 f i global.obj
 0001:0001b6e0       ??0CGuild@@QAE@XZ          0041c6e0 f   Guild.obj
 0001:0001b770       ??1CGuild@@UAE@XZ          0041c770 f   Guild.obj
 0001:0001b7a0       ?StrToGuildItem@CGuild@@QAEXPAD@Z 0041c7a0 f   Guild.obj
 0001:0001b970       ?GuildItemToStr@CGuild@@QAEXPAD@Z 0041c970 f   Guild.obj
 0001:0001bb20       ?strToGuildMap@CGuild@@QAEXPAD@Z 0041cb20 f   Guild.obj
 0001:0001bb70       ?GuildMapToStr@CGuild@@QAEXPAD@Z 0041cb70 f   Guild.obj
 0001:0001bbc0       ?GetUser@CGuild@@QAEHPAD@Z 0041cbc0 f   Guild.obj
 0001:0001bc50       ?RemoveUser@CGuild@@QAEHPAD@Z 0041cc50 f   Guild.obj
 0001:0001bd40       ?InitGuild@CGuild@@QAEXXZ  0041cd40 f   Guild.obj
 0001:0001beb0       ?AddUser@CGuild@@QAEHPADH@Z 0041ceb0 f   Guild.obj
 0001:0001bf60       ?SetSubGuildMaster@CGuild@@QAEXPAD@Z 0041cf60 f   Guild.obj
 0001:0001bfc0       ?RemoveSubGuildMaster@CGuild@@QAEXXZ 0041cfc0 f   Guild.obj
 0001:0001bff0       ?IsMasterPower@CGuild@@QAEHPAD@Z 0041cff0 f   Guild.obj
 0001:0001c0c0       ?CheckGuildSubMaster@CGuild@@QAEHXZ 0041d0c0 f   Guild.obj
 0001:0001c0f0       ??0ItemList@@QAE@XZ        0041d0f0 f i Guild.obj
 0001:0001c140       ??_GCGuild@@UAEPAXI@Z      0041d140 f i Guild.obj
 0001:0001c140       ??_ECGuild@@UAEPAXI@Z      0041d140 f i Guild.obj
 0001:0001c170       ??_H@YGXPAXIHP6EPAX0@Z@Z   0041d170 f i Guild.obj
 0001:0001c1a0       ?GetInt@@YAHPADAAH@Z       0041d1a0 f i GuildFortress.obj
 0001:0001c1a0       ?GetDWORD@@YAKPADAAH@Z     0041d1a0 f i Guild.obj
 0001:0001c1c0       ??0CGuildFortress@@QAE@XZ  0041d1c0 f   GuildFortress.obj
 0001:0001c520       ??1CGuildFortress@@UAE@XZ  0041d520 f   GuildFortress.obj
 0001:0001c5c0       ?StrToGuildAttList@CGuildFortress@@QAEXPADH@Z 0041d5c0 f   GuildFortress.obj
 0001:0001c700       ?StrGuildGuardList@CGuildFortress@@QAEXPAD@Z 0041d700 f   GuildFortress.obj
 0001:0001c750       ?GuildAttListToStr@CGuildFortress@@QAEXPAD@Z 0041d750 f   GuildFortress.obj
 0001:0001c7b0       ?GuildGuardListToStr@CGuildFortress@@QAEXPAD@Z 0041d7b0 f   GuildFortress.obj
 0001:0001c800       ?SetNpcToFortressWarBegin@CGuildFortress@@QAEXXZ 0041d800 f   GuildFortress.obj
 0001:0001c980       ?GetNpc@CGuildFortress@@QAEPAVCNpc@@H@Z 0041d980 f   GuildFortress.obj
 0001:0001c9c0       ?SetNpcToFortressWarEnd@CGuildFortress@@QAEXPAVCOM@@@Z 0041d9c0 f   GuildFortress.obj
 0001:0001cba0       ?FortressRepairListToStr@CGuildFortress@@QAEXPAD@Z 0041dba0 f   GuildFortress.obj
 0001:0001cc20       ?StrFortressRepairList@CGuildFortress@@QAEXAAVCByteArray@@@Z 0041dc20 f   GuildFortress.obj
 0001:0001cd10       ?InitMsgTime@CGuildFortress@@QAEXXZ 0041dd10 f   GuildFortress.obj
 0001:0001cdc0       ?UpdateInitFortress@CGuildFortress@@QAEXXZ 0041ddc0 f   GuildFortress.obj
 0001:0001cf10       ?InitMemFortress@CGuildFortress@@QAEXE@Z 0041df10 f   GuildFortress.obj
 0001:0001cff0       ?SetInitFortress@CGuildFortress@@QAEXXZ 0041dff0 f   GuildFortress.obj
 0001:0001d0b0       ?ApplyTaxToStore@CGuildFortress@@QAEXXZ 0041e0b0 f   GuildFortress.obj
 0001:0001d170       ?GetTotalCityValue@CGuildFortress@@QAEHXZ 0041e170 f   GuildFortress.obj
 0001:0001d290       ?AddGuildUserForFortressCityRank@CGuildFortress@@QAEXPADH@Z 0041e290 f   GuildFortress.obj
 0001:0001d350       ?SetNpcToFortressViolenceBegin@CGuildFortress@@QAEXXZ 0041e350 f   GuildFortress.obj
 0001:0001d3e0       ?SetNpcToFortressViolenceEnd@CGuildFortress@@QAEHPAVCOM@@@Z 0041e3e0 f   GuildFortress.obj
 0001:0001d4d0       ?SetInitFortressViolence@CGuildFortress@@QAEXXZ 0041e4d0 f   GuildFortress.obj
 0001:0001d590       ?GetOutof@CGuildFortress@@QAEXPAVCOM@@@Z 0041e590 f   GuildFortress.obj
 0001:0001d6b0       ??_ECGuildFortress@@UAEPAXI@Z 0041e6b0 f i GuildFortress.obj
 0001:0001d6b0       ??_GCGuildFortress@@UAEPAXI@Z 0041e6b0 f i GuildFortress.obj
 0001:0001d6e0       ??ACByteArray@@QAEAAEH@Z   0041e6e0 f i GuildFortress.obj
 0001:0001d700       ?ElementAt@CByteArray@@QAEAAEH@Z 0041e700 f i GuildFortress.obj
 0001:0001d730       ?GetRuntimeClass@CGuildFortressSet@@UBEPAUCRuntimeClass@@XZ 0041e730 f   GuildFortressSet.obj
 0001:0001d740       ??0CGuildFortressSet@@QAE@PAVCDatabase@@@Z 0041e740 f   GuildFortressSet.obj
 0001:0001d8c0       ?GetDefaultConnect@CGuildFortressSet@@UAE?AV?$CStringT@DV?$StrTraitMFC@DV?$ChTraitsCRT@D@ATL@@@@@ATL@@XZ 0041e8c0 f   GuildFortressSet.obj
 0001:0001d8f0       ?GetDefaultSQL@CGuildFortressSet@@UAE?AV?$CStringT@DV?$StrTraitMFC@DV?$ChTraitsCRT@D@ATL@@@@@ATL@@XZ 0041e8f0 f   GuildFortressSet.obj
 0001:0001d920       ?DoFieldExchange@CGuildFortressSet@@UAEXPAVCFieldExchange@@@Z 0041e920 f   GuildFortressSet.obj
 0001:0001daf0       ??_ECGuildFortressSet@@UAEPAXI@Z 0041eaf0 f i GuildFortressSet.obj
 0001:0001daf0       ??_GCGuildFortressSet@@UAEPAXI@Z 0041eaf0 f i GuildFortressSet.obj
 0001:0001db20       ??1CGuildFortressSet@@UAE@XZ 0041eb20 f i GuildFortressSet.obj
 0001:0001dbb0       ?GetRuntimeClass@CGuildFortressTaxSet@@UBEPAUCRuntimeClass@@XZ 0041ebb0 f   GuildFortressTaxSet.obj
 0001:0001dbc0       ??0CGuildFortressTaxSet@@QAE@PAVCDatabase@@@Z 0041ebc0 f   GuildFortressTaxSet.obj
 0001:0001dc90       ?GetDefaultConnect@CGuildFortressTaxSet@@UAE?AV?$CStringT@DV?$StrTraitMFC@DV?$ChTraitsCRT@D@ATL@@@@@ATL@@XZ 0041ec90 f   GuildFortressTaxSet.obj
 0001:0001dcc0       ?GetDefaultSQL@CGuildFortressTaxSet@@UAE?AV?$CStringT@DV?$StrTraitMFC@DV?$ChTraitsCRT@D@ATL@@@@@ATL@@XZ 0041ecc0 f   GuildFortressTaxSet.obj
 0001:0001dcf0       ?DoFieldExchange@CGuildFortressTaxSet@@UAEXPAVCFieldExchange@@@Z 0041ecf0 f   GuildFortressTaxSet.obj
 0001:0001de10       ??0CGuildHouse@@QAE@XZ     0041ee10 f   GuildHouse.obj
 0001:0001de70       ??1CGuildHouse@@UAE@XZ     0041ee70 f   GuildHouse.obj
 0001:0001de90       ?UpdateGuildHouse@CGuildHouse@@QAEXXZ 0041ee90 f   GuildHouse.obj
 0001:0001e010       ??_ECGuildHouse@@UAEPAXI@Z 0041f010 f i GuildHouse.obj
 0001:0001e010       ??_GCGuildHouse@@UAEPAXI@Z 0041f010 f i GuildHouse.obj
 0001:0001e040       ?GetRuntimeClass@CGuildHouseRankSet@@UBEPAUCRuntimeClass@@XZ 0041f040 f   GuildHouseRankSet.obj
 0001:0001e050       ??0CGuildHouseRankSet@@QAE@PAVCDatabase@@@Z 0041f050 f   GuildHouseRankSet.obj
 0001:0001e0f0       ?GetDefaultConnect@CGuildHouseRankSet@@UAE?AV?$CStringT@DV?$StrTraitMFC@DV?$ChTraitsCRT@D@ATL@@@@@ATL@@XZ 0041f0f0 f   GuildHouseRankSet.obj
 0001:0001e120       ?GetDefaultSQL@CGuildHouseRankSet@@UAE?AV?$CStringT@DV?$StrTraitMFC@DV?$ChTraitsCRT@D@ATL@@@@@ATL@@XZ 0041f120 f   GuildHouseRankSet.obj
 0001:0001e150       ?DoFieldExchange@CGuildHouseRankSet@@UAEXPAVCFieldExchange@@@Z 0041f150 f   GuildHouseRankSet.obj
 0001:0001e210       ?GetRuntimeClass@CGuildHouseSet@@UBEPAUCRuntimeClass@@XZ 0041f210 f   GuildHouseSet.obj
 0001:0001e220       ??0CGuildHouseSet@@QAE@PAVCDatabase@@@Z 0041f220 f   GuildHouseSet.obj
 0001:0001e2a0       ?GetDefaultConnect@CGuildHouseSet@@UAE?AV?$CStringT@DV?$StrTraitMFC@DV?$ChTraitsCRT@D@ATL@@@@@ATL@@XZ 0041f2a0 f   GuildHouseSet.obj
 0001:0001e2d0       ?GetDefaultSQL@CGuildHouseSet@@UAE?AV?$CStringT@DV?$StrTraitMFC@DV?$ChTraitsCRT@D@ATL@@@@@ATL@@XZ 0041f2d0 f   GuildHouseSet.obj
 0001:0001e300       ?DoFieldExchange@CGuildHouseSet@@UAEXPAVCFieldExchange@@@Z 0041f300 f   GuildHouseSet.obj
 0001:0001e390       ??0CGuildHouseWar@@QAE@XZ  0041f390 f   GuildHouseWar.obj
 0001:0001e4d0       ??1CGuildHouseWar@@UAE@XZ  0041f4d0 f   GuildHouseWar.obj
 0001:0001e4f0       ?InitGuild@CGuildHouseWar@@QAEXXZ 0041f4f0 f   GuildHouseWar.obj
 0001:0001e580       ?CheckGuildHouseWarEnd@CGuildHouseWar@@QAEHPAPAVUSER@@@Z 0041f580 f   GuildHouseWar.obj
 0001:0001e750       ?CheckGuildHouseRank@CGuildHouseWar@@QAEXXZ 0041f750 f   GuildHouseWar.obj
 0001:0001ec80       ?CheckGuildUserEnd@CGuildHouseWar@@QAEXXZ 0041fc80 f   GuildHouseWar.obj
 0001:0001ec90       ?CheckGuildMopEnd@CGuildHouseWar@@QAEHXZ 0041fc90 f   GuildHouseWar.obj
 0001:0001ed40       ?SwapTopGuildList@CGuildHouseWar@@QAEXAAUTopGuildList@@0@Z 0041fd40 f   GuildHouseWar.obj
 0001:0001eeb0       ?SetNpcListToWarEnd@CGuildHouseWar@@QAEXXZ 0041feb0 f   GuildHouseWar.obj
 0001:0001ef70       ?SetUserListToWarEnd@CGuildHouseWar@@QAEXPAVCOM@@@Z 0041ff70 f   GuildHouseWar.obj
 0001:0001f170       ?SetUserListToWarEnd@CGuildHouseWar@@QAEXXZ 00420170 f   GuildHouseWar.obj
 0001:0001f390       ?SendTownPotalMsg@CGuildHouseWar@@QAEXPAVCOM@@@Z 00420390 f   GuildHouseWar.obj
 0001:0001f5f0       ?ResetGuildHouseRank@CGuildHouseWar@@QAEXXZ 004205f0 f   GuildHouseWar.obj
 0001:0001f7f0       ??_ECGuildHouseWar@@UAEPAXI@Z 004207f0 f i GuildHouseWar.obj
 0001:0001f7f0       ??_GCGuildHouseWar@@UAEPAXI@Z 004207f0 f i GuildHouseWar.obj
 0001:0001f820       ??0ApplyGuildHouseWar@@QAE@XZ 00420820 f i GuildHouseWar.obj
 0001:0001f840       ??1ApplyGuildHouseWar@@QAE@XZ 00420840 f i GuildHouseWar.obj
 0001:0001f860       ?GetRuntimeClass@CGuildMapInfoSet@@UBEPAUCRuntimeClass@@XZ 00420860 f   GuildMapInfoSet.obj
 0001:0001f870       ??0CGuildMapInfoSet@@QAE@PAVCDatabase@@@Z 00420870 f   GuildMapInfoSet.obj
 0001:0001f8e0       ?GetDefaultConnect@CGuildMapInfoSet@@UAE?AV?$CStringT@DV?$StrTraitMFC@DV?$ChTraitsCRT@D@ATL@@@@@ATL@@XZ 004208e0 f   GuildMapInfoSet.obj
 0001:0001f910       ?GetDefaultSQL@CGuildMapInfoSet@@UAE?AV?$CStringT@DV?$StrTraitMFC@DV?$ChTraitsCRT@D@ATL@@@@@ATL@@XZ 00420910 f   GuildMapInfoSet.obj
 0001:0001f940       ?DoFieldExchange@CGuildMapInfoSet@@UAEXPAVCFieldExchange@@@Z 00420940 f   GuildMapInfoSet.obj
 0001:0001f9c0       ??0CGuildMapInfoTable@@QAE@XZ 004209c0 f   GuildMapInfoTable.obj
 0001:0001f9e0       ??1CGuildMapInfoTable@@UAE@XZ 004209e0 f   GuildMapInfoTable.obj
 0001:0001fa00       ??_GCGuildMapInfoTable@@UAEPAXI@Z 00420a00 f i GuildMapInfoTable.obj
 0001:0001fa00       ??_ECGuildMapInfoTable@@UAEPAXI@Z 00420a00 f i GuildMapInfoTable.obj
 0001:0001fa30       ?GetRuntimeClass@CGuildStoreSet@@UBEPAUCRuntimeClass@@XZ 00420a30 f   GuildStoreSet.obj
 0001:0001fa40       ??0CGuildStoreSet@@QAE@PAVCDatabase@@@Z 00420a40 f   GuildStoreSet.obj
 0001:0001fb80       ?GetDefaultConnect@CGuildStoreSet@@UAE?AV?$CStringT@DV?$StrTraitMFC@DV?$ChTraitsCRT@D@ATL@@@@@ATL@@XZ 00420b80 f   GuildStoreSet.obj
 0001:0001fbb0       ?GetDefaultSQL@CGuildStoreSet@@UAE?AV?$CStringT@DV?$StrTraitMFC@DV?$ChTraitsCRT@D@ATL@@@@@ATL@@XZ 00420bb0 f   GuildStoreSet.obj
 0001:0001fbe0       ?DoFieldExchange@CGuildStoreSet@@UAEXPAVCFieldExchange@@@Z 00420be0 f   GuildStoreSet.obj
 0001:0001fd20       ??_ECGuildStoreSet@@UAEPAXI@Z 00420d20 f i GuildStoreSet.obj
 0001:0001fd20       ??_GCGuildStoreSet@@UAEPAXI@Z 00420d20 f i GuildStoreSet.obj
 0001:0001fd50       ??1CGuildStoreSet@@UAE@XZ  00420d50 f i GuildStoreSet.obj
 0001:0001fdd0       ??0CGuildStoreTable@@QAE@XZ 00420dd0 f   GuildStoreTable.obj
 0001:0001fdf0       ??1CGuildStoreTable@@UAE@XZ 00420df0 f   GuildStoreTable.obj
 0001:0001fe10       ??_ECGuildStoreTable@@UAEPAXI@Z 00420e10 f i GuildStoreTable.obj
 0001:0001fe10       ??_GCGuildStoreTable@@UAEPAXI@Z 00420e10 f i GuildStoreTable.obj
 0001:0001fe40       ??0CGuildUser@@QAE@XZ      00420e40 f   GuildUser.obj
 0001:0001fe80       ??1CGuildUser@@UAE@XZ      00420e80 f   GuildUser.obj
 0001:0001fea0       ??_GCGuildUser@@UAEPAXI@Z  00420ea0 f i GuildUser.obj
 0001:0001fea0       ??_ECGuildUser@@UAEPAXI@Z  00420ea0 f i GuildUser.obj
 0001:0001fed0       ??0CHyper@@QAE@XZ          00420ed0 f   Hyper.obj
 0001:0001ff70       ??1CHyper@@UAE@XZ          00420f70 f   Hyper.obj
 0001:0001ffa0       ?save@CHyper@@QAEHPAD@Z    00420fa0 f   Hyper.obj
 0001:00020390       ?load@CHyper@@QAEXXZ       00421390 f   Hyper.obj
 0001:000209b0       ?GetHyperText@CHyper@@QAEXPADH@Z 004219b0 f   Hyper.obj
 0001:000209e0       ?InitBuf@CHyper@@QAEXXZ    004219e0 f   Hyper.obj
 0001:00020a10       ??_GCHyper@@UAEPAXI@Z      00421a10 f i Hyper.obj
 0001:00020a10       ??_ECHyper@@UAEPAXI@Z      00421a10 f i Hyper.obj
 0001:00020a40       ??0HyperText@CHyper@@QAE@XZ 00421a40 f i Hyper.obj
 0001:00020a60       ??1HyperText@CHyper@@QAE@XZ 00421a60 f i Hyper.obj
 0001:00020a80       ??0HyperImg@CHyper@@QAE@XZ 00421a80 f i Hyper.obj
 0001:00020aa0       ?GetRuntimeClass@CInitItemTableSet@@UBEPAUCRuntimeClass@@XZ 00421aa0 f   InitItemTableSet.obj
 0001:00020ab0       ??0CInitItemTableSet@@QAE@PAVCDatabase@@@Z 00421ab0 f   InitItemTableSet.obj
 0001:00020b10       ?GetDefaultConnect@CInitItemTableSet@@UAE?AV?$CStringT@DV?$StrTraitMFC@DV?$ChTraitsCRT@D@ATL@@@@@ATL@@XZ 00421b10 f   InitItemTableSet.obj
 0001:00020b40       ?GetDefaultSQL@CInitItemTableSet@@UAE?AV?$CStringT@DV?$StrTraitMFC@DV?$ChTraitsCRT@D@ATL@@@@@ATL@@XZ 00421b40 f   InitItemTableSet.obj
 0001:00020b70       ?DoFieldExchange@CInitItemTableSet@@UAEXPAVCFieldExchange@@@Z 00421b70 f   InitItemTableSet.obj
 0001:00020bd0       ?AcceptListenThread@@YAIPAX@Z 00421bd0 f   IOCPBASE.obj
 0001:00021000       ?WorkerClientSocketThread@@YGIPAX@Z 00422000 f   IOCPBASE.obj
 0001:00021330       ?WorkerSocketThreadWrapper@@YAIPAX@Z 00422330 f   IOCPBASE.obj
 0001:000213c0       ?WorkerDataProcThread@@YAIPAX@Z 004223c0 f   IOCPBASE.obj
 0001:00021700       ??0CIOCPBASE@@QAE@XZ       00422700 f   IOCPBASE.obj
 0001:000218c0       ??1CIOCPBASE@@QAE@XZ       004228c0 f   IOCPBASE.obj
 0001:00021b60       ?CreateAcceptThread@CIOCPBASE@@QAEXXZ 00422b60 f   IOCPBASE.obj
 0001:00021c10       ?CreateWorkerThread@CIOCPBASE@@QAEXXZ 00422c10 f   IOCPBASE.obj
 0001:00021d50       ?Associate@CIOCPBASE@@QAEHPAVCIOCPSocket@@@Z 00422d50 f   IOCPBASE.obj
 0001:00021dc0       ?Listen@CIOCPBASE@@QAEHHPAD@Z 00422dc0 f   IOCPBASE.obj
 0001:00022060       ?Init@CIOCPBASE@@QAEHHPAVCPoolBaseManager@@P6AKPAX@Z@Z 00423060 f   IOCPBASE.obj
 0001:00022160       ?SetAliveTimeUpdate@CIOCPBASE@@QAEXHK@Z 00423160 f   IOCPBASE.obj
 0001:000221a0       ?GetSocketType@CIOCPBASE@@QAEHXZ 004231a0 f i IOCPBASE.obj
 0001:000221c0       ??0?$CTypedPtrArray@VCPtrArray@@PAI@@QAE@XZ 004231c0 f i IOCPBASE.obj
 0001:000221e0       ??0?$CTypedPtrArray@VCPtrArray@@PAPAX@@QAE@XZ 004231e0 f i IOCPBASE.obj
 0001:00022200       ??0?$CTypedPtrArray@VCPtrArray@@PAU_ThreadPacket@@@@QAE@XZ 00423200 f i IOCPBASE.obj
 0001:00022220       ??A?$CTypedPtrArray@VCPtrArray@@PAVCEBodyIdentifyTable@@@@QAEAAPAVCEBodyIdentifyTable@@H@Z 00423220 f i ServerDlg.obj
 0001:00022220       ??A?$CTypedPtrArray@VCPtrArray@@PAPAX@@QAEAAPAPAXH@Z 00423220 f i IOCPBASE.obj
 0001:00022220       ??A?$CTypedPtrArray@VCPtrArray@@PAU_DRESSING_RESULT@@@@QAEAAPAU_DRESSING_RESULT@@H@Z 00423220 f i USER2.obj
 0001:00022220       ??A?$CTypedPtrArray@VCPtrArray@@PAVCNpcTable@@@@QAEAAPAVCNpcTable@@H@Z 00423220 f i Npc.obj
 0001:00022220       ??A?$CTypedPtrArray@VCPtrArray@@PAVCGuildHouse@@@@QAEAAPAVCGuildHouse@@H@Z 00423220 f i COM.obj
 0001:00022220       ??A?$CTypedPtrArray@VCPtrArray@@PAVCEBodyUpgradeTable@@@@QAEAAPAVCEBodyUpgradeTable@@H@Z 00423220 f i ServerDlg.obj
 0001:00022220       ??A?$CTypedPtrArray@VCPtrArray@@PAVCGuild@@@@QAEAAPAVCGuild@@H@Z 00423220 f i COM.obj
 0001:00022220       ??A?$CTypedPtrArray@VCPtrArray@@PAVCGuildMapInfoTable@@@@QAEAAPAVCGuildMapInfoTable@@H@Z 00423220 f i COM.obj
 0001:00022220       ??A?$CTypedPtrArray@VCPtrArray@@PAH@@QAEAAPAHH@Z 00423220 f i ServerDlg.obj
 0001:00022220       ??A?$CTypedPtrArray@VCPtrArray@@PAVCNpcThread@@@@QAEAAPAVCNpcThread@@H@Z 00423220 f i Npc.obj
[...]
 0001:001585da       __unwindfunclet$??1CHandleMap@@UAE@XZ$1 005595da f   nafxcw:winhand.obj
 0001:001585da       __unwindfunclet$??0CHandleMap@@QAE@PAUCRuntimeClass@@P6GXPAVCObject@@@Z2IH@Z$1 005595da f   nafxcw:winhand.obj
 0001:001585e5       __unwindfunclet$??0CHandleMap@@QAE@PAUCRuntimeClass@@P6GXPAVCObject@@@Z2IH@Z$2 005595e5 f   nafxcw:winhand.obj
 0001:001585e5       __unwindfunclet$??1CHandleMap@@UAE@XZ$2 005595e5 f   nafxcw:winhand.obj
 0001:001585f0       __ehhandler$??0CHandleMap@@QAE@PAUCRuntimeClass@@P6GXPAVCObject@@@Z2IH@Z 005595f0 f   nafxcw:winhand.obj
 0001:001585f0       __ehhandler$??1CHandleMap@@UAE@XZ 005595f0 f   nafxcw:winhand.obj
 0001:0015860b       __unwindfunclet$?GetErrorMessage@CFileException@@UBEHPADIPAI@Z$0 0055960b f   nafxcw:filex.obj
 0001:00158613       __unwindfunclet$?GetErrorMessage@CFileException@@UBEHPADIPAI@Z$1 00559613 f   nafxcw:filex.obj
 0001:0015861b       __ehhandler$?GetErrorMessage@CFileException@@UBEHPADIPAI@Z 0055961b f   nafxcw:filex.obj
 0001:00158636       __unwindfunclet$??0?$CStringT@DV?$StrTraitMFC@DV?$ChTraitsCRT@D@ATL@@@@@ATL@@QAE@PBDPAUIAtlStringMgr@1@@Z$0 00559636 f   nafxcw:appterm.obj
 0001:0015863e       __ehhandler$??0?$CStringT@DV?$StrTraitMFC@DV?$ChTraitsCRT@D@ATL@@@@@ATL@@QAE@PBDPAUIAtlStringMgr@1@@Z 0055963e f   nafxcw:appterm.obj
 0001:00158659       __unwindfunclet$?AfxUnregisterWndClasses@@YGXXZ$0 00559659 f   nafxcw:appterm.obj
 0001:00158661       __unwindfunclet$?AfxUnregisterWndClasses@@YGXXZ$1 00559661 f   nafxcw:appterm.obj
 0001:00158669       __ehhandler$?AfxUnregisterWndClasses@@YGXXZ 00559669 f   nafxcw:appterm.obj
 0001:00158684       __ehhandler$?CallUnexpected@@YAXPBU_s_ESTypeList@@@Z 00559684 f   libcmt:frame.obj
 0001:0015869f       __unwindfunclet$?_Xran@_String_base@std@@SAXXZ$0 0055969f f   libcpmt:string.obj
 0001:0015869f       __unwindfunclet$?_Xlen@_String_base@std@@SAXXZ$0 0055969f f   libcpmt:string.obj
 0001:001586a7       __ehhandler$?_Xlen@_String_base@std@@SAXXZ 005596a7 f   libcpmt:string.obj
 0001:001586a7       __ehhandler$?_Xran@_String_base@std@@SAXXZ 005596a7 f   libcpmt:string.obj
 0001:001586d0       ??__EUserTopName@@YAXXZ    005596d0 f   COM.obj
 0001:001586f0       ??__Eg_QuestEventZone@@YAXXZ 005596f0 f   COM.obj
 0001:00158710       ??__Eg_dwLastTimeCount@@YAXXZ 00559710 f   NpcThread.obj
 0001:00158720       ??__Eg_dwCurrTimeCount@@YAXXZ 00559720 f   NpcThread.obj
 0001:00158730       ??__EtheApp@@YAXXZ         00559730 f   Server.obj
 0001:00158750       ??__Eg_DB@@YAXXZ           00559750 f   ServerDlg.obj
 0001:00158780       ??__Eg_DBSession@@YAXXZ    00559780 f   ServerDlg.obj
 0001:001587b0       ??__Eg_DBNew@@YAXXZ        005597b0 f   ServerDlg.obj
 0001:001587e0       ??__Eg_arSharedMemory@@YAXXZ 005597e0 f   ServerDlg.obj
 0001:00158800       ??__Eg_arStoreSharedMemory@@YAXXZ 00559800 f   ServerDlg.obj
 0001:00158820       ??__Eg_arFortressSharedMemory@@YAXXZ 00559820 f   ServerDlg.obj
 0001:00158840       ??__Eg_arGuildHouseSharedMemory@@YAXXZ 00559840 f   ServerDlg.obj
 0001:00158860       ??__Eg_MailAgentQueue@@YAXXZ 00559860 f   ServerDlg.obj
 0001:00158880       ??__Eg_DBItemArray@@YAXXZ  00559880 f   ServerDlg.obj
 0001:001588a0       ??__Ef_Markini@@YAXXZ      005598a0 f   ServerDlg.obj
 0001:001588c0       ??__EGM_Markini@@YAXXZ     005598c0 f   ServerDlg.obj
 0001:001588e0       ??__Eg_server@@YAXXZ       005598e0 f   ServerDlg.obj
 0001:00158900       ??__Eg_zone@@YAXXZ         00559900 f   ServerDlg.obj
 0001:00158920       ??__Eg_zonesize@@YAXXZ     00559920 f   ServerDlg.obj
 0001:00158940       ??__Eg_cell@@YAXXZ         00559940 f   ServerDlg.obj
 0001:00158960       ??__Eg_event@@YAXXZ        00559960 f   ServerDlg.obj
 0001:00158980       ??__Eg_arNpcTable@@YAXXZ   00559980 f   ServerDlg.obj
 0001:001589a0       ??__Eg_arCityNpcTable@@YAXXZ 005599a0 f   ServerDlg.obj
 0001:001589c0       ??__Eg_arNpcThread@@YAXXZ  005599c0 f   ServerDlg.obj
 0001:001589e0       ??__Eg_NpcItem@@YAXXZ      005599e0 f   ServerDlg.obj
 0001:00158a00       ??__Eg_arItemTable@@YAXXZ  00559a00 f   ServerDlg.obj
 0001:00158a20       ??__Eg_arSkillTable@@YAXXZ 00559a20 f   ServerDlg.obj
 0001:00158a40       ??__Eg_arPsiTable@@YAXXZ   00559a40 f   ServerDlg.obj
 0001:00158a60       ??__Eg_arLevelUpTable@@YAXXZ 00559a60 f   ServerDlg.obj
 0001:00158a80       ??__Eg_arPAMAExp@@YAXXZ    00559a80 f   ServerDlg.obj
 0001:00158aa0       ??__Eg_arStore@@YAXXZ      00559aa0 f   ServerDlg.obj
 0001:00158ac0       ??__Eg_arPsiStore@@YAXXZ   00559ac0 f   ServerDlg.obj
 0001:00158ae0       ??__Eg_arEBodyStore@@YAXXZ 00559ae0 f   ServerDlg.obj
 0001:00158b00       ??__Eg_arNpcChat@@YAXXZ    00559b00 f   ServerDlg.obj
 0001:00158b20       ??__Eg_ErrorLog@@YAXXZ     00559b20 f   ServerDlg.obj
 0001:00158b40       ??__Eg_WeatherZone@@YAXXZ  00559b40 f   ServerDlg.obj
 0001:00158b60       ??__Eg_TownPotal@@YAXXZ    00559b60 f   ServerDlg.obj
 0001:00158b80       ??__Eg_RandomTownPotal@@YAXXZ 00559b80 f   ServerDlg.obj
 0001:00158ba0       ??__Eg_arInitItem@@YAXXZ   00559ba0 f   ServerDlg.obj
 0001:00158bc0       ??__Eg_arMagicItemTable@@YAXXZ 00559bc0 f   ServerDlg.obj
 0001:00158be0       ??__Eg_arAccessoriUpTable@@YAXXZ 00559be0 f   ServerDlg.obj
 0001:00158c00       ??__Eg_Ripel@@YAXXZ        00559c00 f   ServerDlg.obj
 0001:00158c20       ??__Eg_arRemodelingTable1@@YAXXZ 00559c20 f   ServerDlg.obj
 0001:00158c40       ??__Eg_arRemodelingTable2@@YAXXZ 00559c40 f   ServerDlg.obj
 0001:00158c60       ??__Eg_arRemodelingTable3@@YAXXZ 00559c60 f   ServerDlg.obj
 0001:00158c80       ??__Eg_arRemodelingRandomIndex1@@YAXXZ 00559c80 f   ServerDlg.obj
 0001:00158ca0       ??__Eg_arRemodelingRandomIndex2@@YAXXZ 00559ca0 f   ServerDlg.obj
 0001:00158cc0       ??__Eg_arRemodelingRandomIndex3@@YAXXZ 00559cc0 f   ServerDlg.obj
 0001:00158ce0       ??__Eg_arBoxEventTable@@YAXXZ 00559ce0 f   ServerDlg.obj
 0001:00158d00       ??__Eg_arSummonTable@@YAXXZ 00559d00 f   ServerDlg.obj
 0001:00158d20       ??__Eg_arNpc@@YAXXZ        00559d20 f   ServerDlg.obj
 0001:00158d40       ??__Eg_arRecoverTable@@YAXXZ 00559d40 f   ServerDlg.obj
 0001:00158d60       ??__Eg_arRecoverRateTable@@YAXXZ 00559d60 f   ServerDlg.obj
 0001:00158d80       ??__Eg_arDNTable@@YAXXZ    00559d80 f   ServerDlg.obj
 0001:00158da0       ??__Eg_ValItem@@YAXXZ      00559da0 f   ServerDlg.obj
 0001:00158dc0       ??__Eg_arEventNpcThread@@YAXXZ 00559dc0 f   ServerDlg.obj
 0001:00158de0       ??__Eg_arGuildData@@YAXXZ  00559de0 f   ServerDlg.obj
 0001:00158e00       ??__Eg_arGuildUser@@YAXXZ  00559e00 f   ServerDlg.obj
 0001:00158e20       ??__Eg_arEBodyTable@@YAXXZ 00559e20 f   ServerDlg.obj
 0001:00158e40       ??__Eg_arEBodyUpgradeTable@@YAXXZ 00559e40 f   ServerDlg.obj
 0001:00158e60       ??__Eg_arEBodyIdentifyTable@@YAXXZ 00559e60 f   ServerDlg.obj
 0001:00158e80       ??__Eg_arOnlineShopTable@@YAXXZ 00559e80 f   ServerDlg.obj
 0001:00158ea0       ??__Eg_arVIPPayTable@@YAXXZ 00559ea0 f   ServerDlg.obj
 0001:00158ec0       ??__Eg_arMarkPayTable@@YAXXZ 00559ec0 f   ServerDlg.obj
 0001:00158ee0       ??__Eg_arMarkGonggaoTable@@YAXXZ 00559ee0 f   ServerDlg.obj
 0001:00158f00       ??__Eg_arMarkChouJiangTable@@YAXXZ 00559f00 f   ServerDlg.obj
 0001:00158f20       ??__Eg_arMapTable@@YAXXZ   00559f20 f   ServerDlg.obj
 0001:00158f40       ??__Eg_arGuildHouseWar@@YAXXZ 00559f40 f   ServerDlg.obj
 0001:00158f60       ??__Eg_arVirtualRoom@@YAXXZ 00559f60 f   ServerDlg.obj
 0001:00158f80       ??__Eg_arGuildHouse@@YAXXZ 00559f80 f   ServerDlg.obj
 0001:00158fa0       ??__Eg_arUserLevel@@YAXXZ  00559fa0 f   ServerDlg.obj
 0001:00158fc0       ??__Eg_arEventItemTable@@YAXXZ 00559fc0 f   ServerDlg.obj
 0001:00158fe0       ??__Eg_arAddEventItemTable@@YAXXZ 00559fe0 f   ServerDlg.obj
 0001:00159000       ??__Eg_arEventItemNew@@YAXXZ 0055a000 f   ServerDlg.obj
 0001:00159020       ??__Eg_arNpcSayEventTable@@YAXXZ 0055a020 f   ServerDlg.obj
 0001:00159040       ??__Eg_arGuildFortress@@YAXXZ 0055a040 f   ServerDlg.obj
 0001:00159060       ??__Eg_arMonsterPsi@@YAXXZ 0055a060 f   ServerDlg.obj
 0001:00159080       ??__Eg_arDressingData@@YAXXZ 0055a080 f   ServerDlg.obj
 0001:001590a0       ??__Eg_arMyServer@@YAXXZ   0055a0a0 f   ServerDlg.obj
 0001:001590c0       ??__Eg_RR@@YAXXZ           0055a0c0 f   ServerDlg.obj
 0001:001590e0       ??__Eg_strARKRRWinner@@YAXXZ 0055a0e0 f   ServerDlg.obj
 0001:00159100       ??__Eg_fpSpeedHack@@YAXXZ  0055a100 f   ServerDlg.obj
 0001:00159120       ??__Eg_fpShuaWuPin@@YAXXZ  0055a120 f   ServerDlg.obj
 0001:00159140       ??__Eg_fpMarkDeBug@@YAXXZ  0055a140 f   ServerDlg.obj
 0001:00159160       ??__Eg_fpMarkShiQuLog@@YAXXZ 0055a160 f   ServerDlg.obj
 0001:00159180       ??__Eg_fpBackServer@@YAXXZ 0055a180 f   ServerDlg.obj
 0001:001591a0       ??__Eg_fpGuildHouseRank@@YAXXZ 0055a1a0 f   ServerDlg.obj
 0001:001591c0       ??__Eg_fpEventItem@@YAXXZ  0055a1c0 f   ServerDlg.obj
 0001:001591e0       ??__ERecvLoginData@@YAXXZ  0055a1e0 f   ServerDlg2.obj
 0001:00159200       ??__ERecvLogoutData@@YAXXZ 0055a200 f   ServerDlg2.obj
 0001:00159220       ??__ERecvSqlData@@YAXXZ    0055a220 f   ServerDlg2.obj
 0001:00159240       ??__ERecvFortressData@@YAXXZ 0055a240 f   ServerDlg2.obj
 0001:00159260       ??__Em_Gongji_Message@@YAXXZ 0055a260 f   ServerDlg2.obj
 0001:00159280       ??__EinstanceData@@YAXXZ   0055a280 f   sinstance.obj
 0001:0015929c       ??__E_init_CWordArray@@YAXXZ 0055a29c f   nafxcw:array_w.obj
 0001:001592a7       ??__E_afxDbState@@YAXXZ    0055a2a7 f   nafxcw:dbcore.obj
 0001:001592b3       ??__E_simpleMemoryException@@YAXXZ 0055a2b3 f   nafxcw:except.obj
 0001:001592bf       ??__E_simpleNotSupportedException@@YAXXZ 0055a2bf f   nafxcw:except.obj
 0001:001592cb       ??__E_simpleInvalidArgException@@YAXXZ 0055a2cb f   nafxcw:except.obj
 0001:001592d7       ??__EafxStringManager@@YAXXZ 0055a2d7 f   nafxcw:strcore.obj
 0001:001592e1       ??__E_init_CDWordArray@@YAXXZ 0055a2e1 f   nafxcw:array_d.obj
 0001:001592ec       ??__E_init_CObList@@YAXXZ  0055a2ec f   nafxcw:list_o.obj
 0001:001592f7       ??__E_afxThreadState@@YAXXZ 0055a2f7 f   nafxcw:afxstate.obj
 0001:00159303       ??__E_afxBaseModuleState@@YAXXZ 0055a303 f   nafxcw:afxstate.obj
 0001:0015930f       ??__E_init_CByteArray@@YAXXZ 0055a30f f   nafxcw:array_b.obj
 0001:0015931a       ??__E_afxHtmlHelpState@@YAXXZ 0055a31a f   nafxcw:wincore.obj
 0001:00159326       ??__E?m_nMsgDragList@CWnd@@1IB@@YAXXZ 0055a326 f   nafxcw:wincore.obj
 0001:00159337       ??__E?wndTop@CWnd@@2V1@B@@YAXXZ 0055a337 f   nafxcw:wincore.obj
 0001:0015939f       ??__E?wndBottom@CWnd@@2V1@B@@YAXXZ 0055a39f f   nafxcw:wincore.obj
 0001:0015940c       ??__E?wndTopMost@CWnd@@2V1@B@@YAXXZ 0055a40c f   nafxcw:wincore.obj
 0001:00159476       ??__E?wndNoTopMost@CWnd@@2V1@B@@YAXXZ 0055a476 f   nafxcw:wincore.obj
 0001:001594e3       ??__E_simpleResourceException@@YAXXZ 0055a4e3 f   nafxcw:wingdi.obj
 0001:0015951d       ??__E_simpleUserException@@YAXXZ 0055a51d f   nafxcw:wingdi.obj
 0001:00159557       ??__EafxData@@YAXXZ        0055a557 f   nafxcw:auxdata.obj
 0001:0015956d       ??__E_afxDBCS@@YAXXZ       0055a56d f   nafxcw:afxdbcs.obj
 0001:00159578       ??__E_init_CObArray@@YAXXZ 0055a578 f   nafxcw:array_o.obj
 0001:00159583       ??__E_AtlBaseModule@ATL@@YAXXZ 0055a583 f   atls:atlbase.obj
 0001:00159599       ??__E_afxInitAppState@@YAXXZ 0055a599 f   nafxcw:appmodul.obj
 0001:001595c0       ??__FUserTopName@@YAXXZ    0055a5c0 f   COM.obj
 0001:001595d0       ??__Fg_QuestEventZone@@YAXXZ 0055a5d0 f   COM.obj
 0001:001595e0       ??__FszMsg@?1??GetSysErrorText@CErrorLog@@QAE?AV?$CStringT@DV?$StrTraitMFC@DV?$ChTraitsCRT@D@ATL@@@@@ATL@@K@Z@YAXXZ 0055a5e0 f   ErrorLog.obj
 0001:001595f0       ??__FtheApp@@YAXXZ         0055a5f0 f   Server.obj
 0001:00159600       ??__Fg_DB@@YAXXZ           0055a600 f   ServerDlg.obj
 0001:00159620       ??__Fg_DBSession@@YAXXZ    0055a620 f   ServerDlg.obj
 0001:00159640       ??__Fg_DBNew@@YAXXZ        0055a640 f   ServerDlg.obj
 0001:00159660       ??__Fg_arSharedMemory@@YAXXZ 0055a660 f   ServerDlg.obj
 0001:00159670       ??__Fg_arStoreSharedMemory@@YAXXZ 0055a670 f   ServerDlg.obj
 0001:00159680       ??__Fg_arFortressSharedMemory@@YAXXZ 0055a680 f   ServerDlg.obj
 0001:00159690       ??__Fg_arGuildHouseSharedMemory@@YAXXZ 0055a690 f   ServerDlg.obj
 0001:001596a0       ??__Fg_MailAgentQueue@@YAXXZ 0055a6a0 f   ServerDlg.obj
 0001:001596b0       ??__Fg_DBItemArray@@YAXXZ  0055a6b0 f   ServerDlg.obj
 0001:001596c0       ??__Ff_Markini@@YAXXZ      0055a6c0 f   ServerDlg.obj
 0001:001596d0       ??__FGM_Markini@@YAXXZ     0055a6d0 f   ServerDlg.obj
 0001:001596e0       ??__Fg_server@@YAXXZ       0055a6e0 f   ServerDlg.obj
 0001:001596f0       ??__Fg_zone@@YAXXZ         0055a6f0 f   ServerDlg.obj
 0001:00159700       ??__Fg_zonesize@@YAXXZ     0055a700 f   ServerDlg.obj
 0001:00159710       ??__Fg_cell@@YAXXZ         0055a710 f   ServerDlg.obj
 0001:00159720       ??__Fg_event@@YAXXZ        0055a720 f   ServerDlg.obj
 0001:00159730       ??__Fg_arNpcTable@@YAXXZ   0055a730 f   ServerDlg.obj
 0001:00159740       ??__Fg_arCityNpcTable@@YAXXZ 0055a740 f   ServerDlg.obj
 0001:00159750       ??__Fg_arNpcThread@@YAXXZ  0055a750 f   ServerDlg.obj
 0001:00159760       ??__Fg_NpcItem@@YAXXZ      0055a760 f   ServerDlg.obj
 0001:00159770       ??__Fg_arItemTable@@YAXXZ  0055a770 f   ServerDlg.obj
 0001:00159780       ??__Fg_arSkillTable@@YAXXZ 0055a780 f   ServerDlg.obj
 0001:00159790       ??__Fg_arPsiTable@@YAXXZ   0055a790 f   ServerDlg.obj
 0001:001597a0       ??__Fg_arLevelUpTable@@YAXXZ 0055a7a0 f   ServerDlg.obj
 0001:001597b0       ??__Fg_arPAMAExp@@YAXXZ    0055a7b0 f   ServerDlg.obj
 0001:001597c0       ??__Fg_arStore@@YAXXZ      0055a7c0 f   ServerDlg.obj
 0001:001597d0       ??__Fg_arPsiStore@@YAXXZ   0055a7d0 f   ServerDlg.obj
 0001:001597e0       ??__Fg_arEBodyStore@@YAXXZ 0055a7e0 f   ServerDlg.obj
 0001:001597f0       ??__Fg_arNpcChat@@YAXXZ    0055a7f0 f   ServerDlg.obj
 0001:00159800       ??__Fg_ErrorLog@@YAXXZ     0055a800 f   ServerDlg.obj
 0001:00159810       ??__Fg_WeatherZone@@YAXXZ  0055a810 f   ServerDlg.obj
 0001:00159820       ??__Fg_TownPotal@@YAXXZ    0055a820 f   ServerDlg.obj
 0001:00159830       ??__Fg_RandomTownPotal@@YAXXZ 0055a830 f   ServerDlg.obj
 0001:00159840       ??__Fg_arInitItem@@YAXXZ   0055a840 f   ServerDlg.obj
 0001:00159850       ??__Fg_arMagicItemTable@@YAXXZ 0055a850 f   ServerDlg.obj
 0001:00159860       ??__Fg_arAccessoriUpTable@@YAXXZ 0055a860 f   ServerDlg.obj
 0001:00159870       ??__Fg_Ripel@@YAXXZ        0055a870 f   ServerDlg.obj
 0001:00159880       ??__Fg_arRemodelingTable1@@YAXXZ 0055a880 f   ServerDlg.obj
 0001:00159890       ??__Fg_arRemodelingTable2@@YAXXZ 0055a890 f   ServerDlg.obj
 0001:001598a0       ??__Fg_arRemodelingTable3@@YAXXZ 0055a8a0 f   ServerDlg.obj
 0001:001598b0       ??__Fg_arRemodelingRandomIndex1@@YAXXZ 0055a8b0 f   ServerDlg.obj
 0001:001598c0       ??__Fg_arRemodelingRandomIndex2@@YAXXZ 0055a8c0 f   ServerDlg.obj
 0001:001598d0       ??__Fg_arRemodelingRandomIndex3@@YAXXZ 0055a8d0 f   ServerDlg.obj
 0001:001598e0       ??__Fg_arBoxEventTable@@YAXXZ 0055a8e0 f   ServerDlg.obj
 0001:001598f0       ??__Fg_arSummonTable@@YAXXZ 0055a8f0 f   ServerDlg.obj
 0001:00159900       ??__Fg_arNpc@@YAXXZ        0055a900 f   ServerDlg.obj
 0001:00159910       ??__Fg_arRecoverTable@@YAXXZ 0055a910 f   ServerDlg.obj
 0001:00159920       ??__Fg_arRecoverRateTable@@YAXXZ 0055a920 f   ServerDlg.obj
 0001:00159930       ??__Fg_arDNTable@@YAXXZ    0055a930 f   ServerDlg.obj
 0001:00159940       ??__Fg_ValItem@@YAXXZ      0055a940 f   ServerDlg.obj
 0001:00159950       ??__Fg_arEventNpcThread@@YAXXZ 0055a950 f   ServerDlg.obj
 0001:00159960       ??__Fg_arGuildData@@YAXXZ  0055a960 f   ServerDlg.obj
 0001:00159970       ??__Fg_arGuildUser@@YAXXZ  0055a970 f   ServerDlg.obj
 0001:00159980       ??__Fg_arEBodyTable@@YAXXZ 0055a980 f   ServerDlg.obj
 0001:00159990       ??__Fg_arEBodyUpgradeTable@@YAXXZ 0055a990 f   ServerDlg.obj
 0001:001599a0       ??__Fg_arEBodyIdentifyTable@@YAXXZ 0055a9a0 f   ServerDlg.obj
 0001:001599b0       ??__Fg_arOnlineShopTable@@YAXXZ 0055a9b0 f   ServerDlg.obj
 0001:001599c0       ??__Fg_arVIPPayTable@@YAXXZ 0055a9c0 f   ServerDlg.obj
 0001:001599d0       ??__Fg_arMarkPayTable@@YAXXZ 0055a9d0 f   ServerDlg.obj
 0001:001599e0       ??__Fg_arMarkGonggaoTable@@YAXXZ 0055a9e0 f   ServerDlg.obj
 0001:001599f0       ??__Fg_arMarkChouJiangTable@@YAXXZ 0055a9f0 f   ServerDlg.obj
 0001:00159a00       ??__Fg_arMapTable@@YAXXZ   0055aa00 f   ServerDlg.obj
 0001:00159a10       ??__Fg_arGuildHouseWar@@YAXXZ 0055aa10 f   ServerDlg.obj
 0001:00159a20       ??__Fg_arVirtualRoom@@YAXXZ 0055aa20 f   ServerDlg.obj
 0001:00159a30       ??__Fg_arGuildHouse@@YAXXZ 0055aa30 f   ServerDlg.obj
 0001:00159a40       ??__Fg_arUserLevel@@YAXXZ  0055aa40 f   ServerDlg.obj
 0001:00159a50       ??__Fg_arEventItemTable@@YAXXZ 0055aa50 f   ServerDlg.obj
 0001:00159a60       ??__Fg_arAddEventItemTable@@YAXXZ 0055aa60 f   ServerDlg.obj
 0001:00159a70       ??__Fg_arEventItemNew@@YAXXZ 0055aa70 f   ServerDlg.obj
 0001:00159a80       ??__Fg_arNpcSayEventTable@@YAXXZ 0055aa80 f   ServerDlg.obj
 0001:00159a90       ??__Fg_arGuildFortress@@YAXXZ 0055aa90 f   ServerDlg.obj
 0001:00159aa0       ??__Fg_arMonsterPsi@@YAXXZ 0055aaa0 f   ServerDlg.obj
 0001:00159ab0       ??__Fg_arDressingData@@YAXXZ 0055aab0 f   ServerDlg.obj
 0001:00159ac0       ??__Fg_arMyServer@@YAXXZ   0055aac0 f   ServerDlg.obj
 0001:00159ad0       ??__Fg_RR@@YAXXZ           0055aad0 f   ServerDlg.obj
 0001:00159ae0       ??__Fg_strARKRRWinner@@YAXXZ 0055aae0 f   ServerDlg.obj
 0001:00159af0       ??__Fg_fpSpeedHack@@YAXXZ  0055aaf0 f   ServerDlg.obj
 0001:00159b00       ??__Fg_fpShuaWuPin@@YAXXZ  0055ab00 f   ServerDlg.obj
 0001:00159b10       ??__Fg_fpMarkDeBug@@YAXXZ  0055ab10 f   ServerDlg.obj
 0001:00159b20       ??__Fg_fpMarkShiQuLog@@YAXXZ 0055ab20 f   ServerDlg.obj
 0001:00159b30       ??__Fg_fpBackServer@@YAXXZ 0055ab30 f   ServerDlg.obj
 0001:00159b40       ??__Fg_fpGuildHouseRank@@YAXXZ 0055ab40 f   ServerDlg.obj
 0001:00159b50       ??__Fg_fpEventItem@@YAXXZ  0055ab50 f   ServerDlg.obj
 0001:00159b60       ??__FRecvLoginData@@YAXXZ  0055ab60 f   ServerDlg2.obj
 0001:00159b70       ??__FRecvLogoutData@@YAXXZ 0055ab70 f   ServerDlg2.obj
 0001:00159b80       ??__FRecvSqlData@@YAXXZ    0055ab80 f   ServerDlg2.obj
 0001:00159b90       ??__FRecvFortressData@@YAXXZ 0055ab90 f   ServerDlg2.obj
 0001:00159ba0       ??__Fm_Gongji_Message@@YAXXZ 0055aba0 f   ServerDlg2.obj
 0001:00159bb0       ??__FinstanceData@@YAXXZ   0055abb0 f   sinstance.obj
 0001:00159bbf       ??__F_afxDbState@@YAXXZ    0055abbf f   nafxcw:dbcore.obj
 0001:00159bc9       ??__F_simpleMemoryException@@YAXXZ 0055abc9 f   nafxcw:except.obj
 0001:00159bd4       ??__F_simpleNotSupportedException@@YAXXZ 0055abd4 f   nafxcw:except.obj
 0001:00159bdf       ??__F_simpleInvalidArgException@@YAXXZ 0055abdf f   nafxcw:except.obj
 0001:00159bea       ??__F_afxThreadState@@YAXXZ 0055abea f   nafxcw:afxstate.obj
 0001:00159bf4       ??__F_afxBaseModuleState@@YAXXZ 0055abf4 f   nafxcw:afxstate.obj
 0001:00159bfe       ??__F_afxHtmlHelpState@@YAXXZ 0055abfe f   nafxcw:wincore.obj
 0001:00159c08       ??__F?wndTop@CWnd@@2V1@B@@YAXXZ 0055ac08 f   nafxcw:wincore.obj
 0001:00159c12       ??__F?wndBottom@CWnd@@2V1@B@@YAXXZ 0055ac12 f   nafxcw:wincore.obj
 0001:00159c1c       ??__F?wndTopMost@CWnd@@2V1@B@@YAXXZ 0055ac1c f   nafxcw:wincore.obj
 0001:00159c26       ??__F?wndNoTopMost@CWnd@@2V1@B@@YAXXZ 0055ac26 f   nafxcw:wincore.obj
 0001:00159c30       ??__F_simpleResourceException@@YAXXZ 0055ac30 f   nafxcw:wingdi.obj
 0001:00159c3b       ??__F_simpleUserException@@YAXXZ 0055ac3b f   nafxcw:wingdi.obj
 0001:00159c46       ??__FafxData@@YAXXZ        0055ac46 f   nafxcw:auxdata.obj
 0001:00159c50       ??__F_AtlBaseModule@ATL@@YAXXZ 0055ac50 f   atls:atlbase.obj
